../X-CUBE-AI/App/app_x-cube-ai.c:121:26:ai_mnetwork_handle	0	static
../X-CUBE-AI/App/app_x-cube-ai.c:111:9:ai_mnetwork_is_valid.constprop	8	static
../X-CUBE-AI/App/app_x-cube-ai.c:58:6:MX_X_CUBE_AI_Init	16	static
../X-CUBE-AI/App/app_x-cube-ai.c:73:6:MX_X_CUBE_AI_Process	8	static
../X-CUBE-AI/App/app_x-cube-ai.c:144:13:ai_mnetwork_find	8	static
../X-CUBE-AI/App/app_x-cube-ai.c:161:10:ai_mnetwork_create	24	static
../X-CUBE-AI/App/app_x-cube-ai.c:203:11:ai_mnetwork_destroy	16	static
../X-CUBE-AI/App/app_x-cube-ai.c:218:9:ai_mnetwork_get_report	8	static
../X-CUBE-AI/App/app_x-cube-ai.c:229:10:ai_mnetwork_get_error	8	static
../X-CUBE-AI/App/app_x-cube-ai.c:244:9:ai_mnetwork_init	72	static
../X-CUBE-AI/App/app_x-cube-ai.c:261:8:ai_mnetwork_run	16	static
../X-CUBE-AI/App/app_x-cube-ai.c:273:8:ai_mnetwork_forward	8	static
../X-CUBE-AI/App/app_x-cube-ai.c:284:6:ai_mnetwork_get_private_handle	16	static
