Archive member included to satisfy reference by file (symbol)

../Middlewares/ST/AI/Lib/NetworkRuntime910_CM7_GCC.a(ai_platform.o)
                              ./X-CUBE-AI/App/aiSystemPerformance.o (ai_buffer_get_size)
../Middlewares/ST/AI/Lib/NetworkRuntime910_CM7_GCC.a(ai_platform_interface.o)
                              ./X-CUBE-AI/App/network.o (ai_platform_get_weights_map)
../Middlewares/ST/AI/Lib/NetworkRuntime910_CM7_GCC.a(core_common.o)
                              ../Middlewares/ST/AI/Lib/NetworkRuntime910_CM7_GCC.a(ai_platform_interface.o) (core_init)
../Middlewares/ST/AI/Lib/NetworkRuntime910_CM7_GCC.a(core_mem_manager.o)
                              ../Middlewares/ST/AI/Lib/NetworkRuntime910_CM7_GCC.a(ai_platform_interface.o) (core_mem_alloc)
../Middlewares/ST/AI/Lib/NetworkRuntime910_CM7_GCC.a(layers.o)
                              ../Middlewares/ST/AI/Lib/NetworkRuntime910_CM7_GCC.a(ai_platform_interface.o) (ai_check_custom_types)
../Middlewares/ST/AI/Lib/NetworkRuntime910_CM7_GCC.a(layers_conv2d_stm32_integer.o)
                              ./X-CUBE-AI/App/network.o (forward_dense_integer_SSSA_ch)
../Middlewares/ST/AI/Lib/NetworkRuntime910_CM7_GCC.a(layers_conv2d_integer_scratch.o)
                              ../Middlewares/ST/AI/Lib/NetworkRuntime910_CM7_GCC.a(layers.o) (get_conv2d_scratch_size)
../Middlewares/ST/AI/Lib/NetworkRuntime910_CM7_GCC.a(forward_lite_dense_is8os8ws8.o)
                              ../Middlewares/ST/AI/Lib/NetworkRuntime910_CM7_GCC.a(layers_conv2d_stm32_integer.o) (forward_lite_dense_is8os8ws8)
../Middlewares/ST/AI/Lib/NetworkRuntime910_CM7_GCC.a(st_align_factor.o)
                              ../Middlewares/ST/AI/Lib/NetworkRuntime910_CM7_GCC.a(layers_conv2d_stm32_integer.o) (align_factor)
../Middlewares/ST/AI/Lib/NetworkRuntime910_CM7_GCC.a(st_sssa8_convolve.o)
                              ../Middlewares/ST/AI/Lib/NetworkRuntime910_CM7_GCC.a(layers_conv2d_stm32_integer.o) (st_sssa8_convolve_rank1upd)
../Middlewares/ST/AI/Lib/NetworkRuntime910_CM7_GCC.a(st_sssa8_convolve_1x1.o)
                              ../Middlewares/ST/AI/Lib/NetworkRuntime910_CM7_GCC.a(layers_conv2d_stm32_integer.o) (st_sssa8_convolve_1x1_WeightsPrefetch)
../Middlewares/ST/AI/Lib/NetworkRuntime910_CM7_GCC.a(st_sssa8_convolve_dw.o)
                              ../Middlewares/ST/AI/Lib/NetworkRuntime910_CM7_GCC.a(layers_conv2d_stm32_integer.o) (st_sssa8_conv_dw_Wadapt)
../Middlewares/ST/AI/Lib/NetworkRuntime910_CM7_GCC.a(st_sssa8_convolve_rgb.o)
                              ../Middlewares/ST/AI/Lib/NetworkRuntime910_CM7_GCC.a(layers_conv2d_stm32_integer.o) (st_sssa8_convolve_rgb)
../Middlewares/ST/AI/Lib/NetworkRuntime910_CM7_GCC.a(st_ssua8_ch_convolve.o)
                              ../Middlewares/ST/AI/Lib/NetworkRuntime910_CM7_GCC.a(layers_conv2d_stm32_integer.o) (st_ssua8_ch_convolve_rank1upd)
../Middlewares/ST/AI/Lib/NetworkRuntime910_CM7_GCC.a(st_ssua8_ch_convolve_1x1.o)
                              ../Middlewares/ST/AI/Lib/NetworkRuntime910_CM7_GCC.a(layers_conv2d_stm32_integer.o) (st_ssua8_ch_convolve_1x1)
../Middlewares/ST/AI/Lib/NetworkRuntime910_CM7_GCC.a(st_ssua8_ch_convolve_dw.o)
                              ../Middlewares/ST/AI/Lib/NetworkRuntime910_CM7_GCC.a(layers_conv2d_stm32_integer.o) (st_ssua8_ch_conv_dw_Wadapt)
../Middlewares/ST/AI/Lib/NetworkRuntime910_CM7_GCC.a(st_ssua8_ch_convolve_rgb.o)
                              ../Middlewares/ST/AI/Lib/NetworkRuntime910_CM7_GCC.a(layers_conv2d_stm32_integer.o) (st_ssua8_ch_convolve_rgb)
../Middlewares/ST/AI/Lib/NetworkRuntime910_CM7_GCC.a(st_ssua8_convolve.o)
                              ../Middlewares/ST/AI/Lib/NetworkRuntime910_CM7_GCC.a(layers_conv2d_stm32_integer.o) (st_ssua8_convolve_rank1upd)
../Middlewares/ST/AI/Lib/NetworkRuntime910_CM7_GCC.a(st_ssua8_convolve_1x1.o)
                              ../Middlewares/ST/AI/Lib/NetworkRuntime910_CM7_GCC.a(layers_conv2d_stm32_integer.o) (st_ssua8_convolve_1x1)
../Middlewares/ST/AI/Lib/NetworkRuntime910_CM7_GCC.a(st_ssua8_convolve_dw.o)
                              ../Middlewares/ST/AI/Lib/NetworkRuntime910_CM7_GCC.a(layers_conv2d_stm32_integer.o) (st_ssua8_conv_dw_Wadapt)
../Middlewares/ST/AI/Lib/NetworkRuntime910_CM7_GCC.a(st_ssua8_convolve_rgb.o)
                              ../Middlewares/ST/AI/Lib/NetworkRuntime910_CM7_GCC.a(layers_conv2d_stm32_integer.o) (st_ssua8_convolve_rgb)
../Middlewares/ST/AI/Lib/NetworkRuntime910_CM7_GCC.a(st_uaua8_ch_convolve.o)
                              ../Middlewares/ST/AI/Lib/NetworkRuntime910_CM7_GCC.a(layers_conv2d_stm32_integer.o) (st_uaua8_ch_convolve_rank1upd)
../Middlewares/ST/AI/Lib/NetworkRuntime910_CM7_GCC.a(st_uaua8_ch_convolve_1x1.o)
                              ../Middlewares/ST/AI/Lib/NetworkRuntime910_CM7_GCC.a(layers_conv2d_stm32_integer.o) (st_uaua8_ch_convolve_1x1)
../Middlewares/ST/AI/Lib/NetworkRuntime910_CM7_GCC.a(st_uaua8_ch_convolve_dw.o)
[...]
Memory Configuration

Name             Origin             Length             Attributes
FLASH            0x08000000         0x08000000         xr
DTCMRAM          0x20000000         0x00020000         xrw
RAM_D1           0x24000000         0x00080000         xrw
RAM_D2           0x30000000         0x00048000         xrw
RAM_D3           0x38000000         0x00010000         xrw
ITCMRAM          0x00000000         0x04000000         xrw
EXT1FLASH        0x90000000         0x40000000         xr
*default*        0x00000000         0xffffffff

Linker script and memory map

LOAD /Applications/STM32CubeIDE.app/Contents/Eclipse/plugins/com.st.stm32cube.ide.mcu.externaltools.gnu-tools-for-stm32.12.3.rel1.macos64_1.0.200.202406191456/tools/bin/../lib/gcc/arm-none-eabi/12.3.1/thumb/v7e-m+dp/hard/crti.o
LOAD /Applications/STM32CubeIDE.app/Contents/Eclipse/plugins/com.st.stm32cube.ide.mcu.externaltools.gnu-tools-for-stm32.12.3.rel1.macos64_1.0.200.202406191456/tools/bin/../lib/gcc/arm-none-eabi/12.3.1/thumb/v7e-m+dp/hard/crtbegin.o
LOAD /Applications/STM32CubeIDE.app/Contents/Eclipse/plugins/com.st.stm32cube.ide.mcu.externaltools.gnu-tools-for-stm32.12.3.rel1.macos64_1.0.200.202406191456/tools/bin/../lib/gcc/arm-none-eabi/12.3.1/../../../../arm-none-eabi/lib/thumb/v7e-m+dp/hard/crt0.o
LOAD ./Core/Src/main.o
LOAD ./Core/Src/stm32h7xx_hal_msp.o
LOAD ./Core/Src/stm32h7xx_it.o
LOAD ./Core/Src/syscalls.o
LOAD ./Core/Src/sysmem.o
LOAD ./Core/Src/system_stm32h7xx.o
LOAD ./Core/Startup/startup_stm32h750xbhx.o
LOAD ./Drivers/BSP/Components/mt25tl01g/mt25tl01g.o
LOAD ./Drivers/BSP/Components/mt48lc4m32b2/mt48lc4m32b2.o
LOAD ./Drivers/BSP/STM32H750B-DK/stm32h750b_discovery_qspi.o
LOAD ./Drivers/BSP/STM32H750B-DK/stm32h750b_discovery_sdram.o
LOAD ./Drivers/STM32H7xx_HAL_Driver/Src/stm32h7xx_hal.o
LOAD ./Drivers/STM32H7xx_HAL_Driver/Src/stm32h7xx_hal_adc.o
LOAD ./Drivers/STM32H7xx_HAL_Driver/Src/stm32h7xx_hal_adc_ex.o
LOAD ./Drivers/STM32H7xx_HAL_Driver/Src/stm32h7xx_hal_cortex.o
LOAD ./Drivers/STM32H7xx_HAL_Driver/Src/stm32h7xx_hal_dma.o
LOAD ./Drivers/STM32H7xx_HAL_Driver/Src/stm32h7xx_hal_dma_ex.o
LOAD ./Drivers/STM32H7xx_HAL_Driver/Src/stm32h7xx_hal_exti.o
LOAD ./Drivers/STM32H7xx_HAL_Driver/Src/stm32h7xx_hal_flash.o
LOAD ./Drivers/STM32H7xx_HAL_Driver/Src/stm32h7xx_hal_flash_ex.o
LOAD ./Drivers/STM32H7xx_HAL_Driver/Src/stm32h7xx_hal_gpio.o
LOAD ./Drivers/STM32H7xx_HAL_Driver/Src/stm32h7xx_hal_hsem.o
LOAD ./Drivers/STM32H7xx_HAL_Driver/Src/stm32h7xx_hal_i2c.o
LOAD ./Drivers/STM32H7xx_HAL_Driver/Src/stm32h7xx_hal_i2c_ex.o
LOAD ./Drivers/STM32H7xx_HAL_Driver/Src/stm32h7xx_hal_mdma.o
LOAD ./Drivers/STM32H7xx_HAL_Driver/Src/stm32h7xx_hal_pwr.o
LOAD ./Drivers/STM32H7xx_HAL_Driver/Src/stm32h7xx_hal_pwr_ex.o
LOAD ./Drivers/STM32H7xx_HAL_Driver/Src/stm32h7xx_hal_qspi.o
LOAD ./Drivers/STM32H7xx_HAL_Driver/Src/stm32h7xx_hal_rcc.o
LOAD ./Drivers/STM32H7xx_HAL_Driver/Src/stm32h7xx_hal_rcc_ex.o
LOAD ./Drivers/STM32H7xx_HAL_Driver/Src/stm32h7xx_hal_sdram.o
LOAD ./Drivers/STM32H7xx_HAL_Driver/Src/stm32h7xx_hal_tim.o
LOAD ./Drivers/STM32H7xx_HAL_Driver/Src/stm32h7xx_hal_tim_ex.o
LOAD ./Drivers/STM32H7xx_HAL_Driver/Src/stm32h7xx_hal_uart.o
LOAD ./Drivers/STM32H7xx_HAL_Driver/Src/stm32h7xx_hal_uart_ex.o
LOAD ./Drivers/STM32H7xx_HAL_Driver/Src/stm32h7xx_ll_fmc.o
LOAD ./X-CUBE-AI/App/aiSystemPerformance.o
LOAD ./X-CUBE-AI/App/aiTestHelper.o
LOAD ./X-CUBE-AI/App/aiTestUtility.o
LOAD ./X-CUBE-AI/App/ai_device_adaptor.o
LOAD ./X-CUBE-AI/App/app_x-cube-ai.o
LOAD ./X-CUBE-AI/App/lc_print.o
LOAD ./X-CUBE-AI/App/network.o
LOAD ./X-CUBE-AI/App/network_data.o
LOAD ./X-CUBE-AI/App/network_data_params.o
LOAD ./X-CUBE-AI/App/syscalls.o
LOAD ../Middlewares/ST/AI/Lib/NetworkRuntime910_CM7_GCC.a
START GROUP
LOAD /Applications/STM32CubeIDE.app/Contents/Eclipse/plugins/com.st.stm32cube.ide.mcu.externaltools.gnu-tools-for-stm32.12.3.rel1.macos64_1.0.200.202406191456/tools/bin/../lib/gcc/arm-none-eabi/12.3.1/../../../../arm-none-eabi/lib/thumb/v7e-m+dp/hard/libc_nano.a
LOAD /Applications/STM32CubeIDE.app/Contents/Eclipse/plugins/com.st.stm32cube.ide.mcu.externaltools.gnu-tools-for-stm32.12.3.rel1.macos64_1.0.200.202406191456/tools/bin/../lib/gcc/arm-none-eabi/12.3.1/../../../../arm-none-eabi/lib/thumb/v7e-m+dp/hard/libm.a
END GROUP
START GROUP
LOAD /Applications/STM32CubeIDE.app/Contents/Eclipse/plugins/com.st.stm32cube.ide.mcu.externaltools.gnu-tools-for-stm32.12.3.rel1.macos64_1.0.200.202406191456/tools/bin/../lib/gcc/arm-none-eabi/12.3.1/thumb/v7e-m+dp/hard/libgcc.a
LOAD /Applications/STM32CubeIDE.app/Contents/Eclipse/plugins/com.st.stm32cube.ide.mcu.externaltools.gnu-tools-for-stm32.12.3.rel1.macos64_1.0.200.202406191456/tools/bin/../lib/gcc/arm-none-eabi/12.3.1/../../../../arm-none-eabi/lib/thumb/v7e-m+dp/hard/libc_nano.a
END GROUP
START GROUP
LOAD /Applications/STM32CubeIDE.app/Contents/Eclipse/plugins/com.st.stm32cube.ide.mcu.externaltools.gnu-tools-for-stm32.12.3.rel1.macos64_1.0.200.202406191456/tools/bin/../lib/gcc/arm-none-eabi/12.3.1/thumb/v7e-m+dp/hard/libgcc.a
LOAD /Applications/STM32CubeIDE.app/Contents/Eclipse/plugins/com.st.stm32cube.ide.mcu.externaltools.gnu-tools-for-stm32.12.3.rel1.macos64_1.0.200.202406191456/tools/bin/../lib/gcc/arm-none-eabi/12.3.1/../../../../arm-none-eabi/lib/thumb/v7e-m+dp/hard/libc_nano.a
LOAD /Applications/STM32CubeIDE.app/Contents/Eclipse/plugins/com.st.stm32cube.ide.mcu.externaltools.gnu-tools-for-stm32.12.3.rel1.macos64_1.0.200.202406191456/tools/bin/../lib/gcc/arm-none-eabi/12.3.1/../../../../arm-none-eabi/lib/thumb/v7e-m+dp/hard/libnosys.a
END GROUP
START GROUP
LOAD /Applications/STM32CubeIDE.app/Contents/Eclipse/plugins/com.st.stm32cube.ide.mcu.externaltools.gnu-tools-for-stm32.12.3.rel1.macos64_1.0.200.202406191456/tools/bin/../lib/gcc/arm-none-eabi/12.3.1/thumb/v7e-m+dp/hard/libgcc.a
LOAD /Applications/STM32CubeIDE.app/Contents/Eclipse/plugins/com.st.stm32cube.ide.mcu.externaltools.gnu-tools-for-stm32.12.3.rel1.macos64_1.0.200.202406191456/tools/bin/../lib/gcc/arm-none-eabi/12.3.1/../../../../arm-none-eabi/lib/thumb/v7e-m+dp/hard/libc_nano.a
LOAD /Applications/STM32CubeIDE.app/Contents/Eclipse/plugins/com.st.stm32cube.ide.mcu.externaltools.gnu-tools-for-stm32.12.3.rel1.macos64_1.0.200.202406191456/tools/bin/../lib/gcc/arm-none-eabi/12.3.1/../../../../arm-none-eabi/lib/thumb/v7e-m+dp/hard/libnosys.a
END GROUP
LOAD /Applications/STM32CubeIDE.app/Contents/Eclipse/plugins/com.st.stm32cube.ide.mcu.externaltools.gnu-tools-for-stm32.12.3.rel1.macos64_1.0.200.202406191456/tools/bin/../lib/gcc/arm-none-eabi/12.3.1/thumb/v7e-m+dp/hard/crtend.o
LOAD /Applications/STM32CubeIDE.app/Contents/Eclipse/plugins/com.st.stm32cube.ide.mcu.externaltools.gnu-tools-for-stm32.12.3.rel1.macos64_1.0.200.202406191456/tools/bin/../lib/gcc/arm-none-eabi/12.3.1/thumb/v7e-m+dp/hard/crtn.o
                0x24080000                        _estack = (ORIGIN (RAM_D1) + LENGTH (RAM_D1))
                0x00000800                        _Min_Heap_Size = 0x800
                0x00000800                        _Min_Stack_Size = 0x800

.AI_DTCMRAM     0x20000000      0xeb0
                0x20000000                        . = ALIGN (0x4)
 *(.AI_DTCMRAM)
 .AI_DTCMRAM    0x20000000      0xeb0 ./X-CUBE-AI/App/app_x-cube-ai.o

.AI_RAM_D1      0x24000000        0x0
                0x24000000                        . = ALIGN (0x4)
 *(.AI_RAM_D1)

.AI_RAM_D2      0x30000000        0x0
                0x30000000                        . = ALIGN (0x4)
 *(.AI_RAM_D2)

.AI_RAM_D3      0x38000000        0x0
                0x38000000                        . = ALIGN (0x4)
 *(.AI_RAM_D3)

.isr_vector     0x08000000      0x298
                0x08000000                        . = ALIGN (0x4)
 *(.isr_vector)
 .isr_vector    0x08000000      0x298 ./Core/Startup/startup_stm32h750xbhx.o
                0x08000000                g_pfnVectors
                0x08000298                        . = ALIGN (0x4)

.text           0x080002a0     0x9dd0
                0x080002a0                        . = ALIGN (0x4)
 *(.text)
 .text          0x080002a0       0x40 /Applications/STM32CubeIDE.app/Contents/Eclipse/plugins/com.st.stm32cube.ide.mcu.externaltools.gnu-tools-for-stm32.12.3.rel1.macos64_1.0.200.202406191456/tools/bin/../lib/gcc/arm-none-eabi/12.3.1/thumb/v7e-m+dp/hard/crtbegin.o
 .text          0x080002e0       0xa0 /Applications/STM32CubeIDE.app/Contents/Eclipse/plugins/com.st.stm32cube.ide.mcu.externaltools.gnu-tools-for-stm32.12.3.rel1.macos64_1.0.200.202406191456/tools/bin/../lib/gcc/arm-none-eabi/12.3.1/../../../../arm-none-eabi/lib/thumb/v7e-m+dp/hard/libc_nano.a(libc_a-memchr.o)
                0x080002e0                memchr
 .text          0x08000380       0x10 /Applications/STM32CubeIDE.app/Contents/Eclipse/plugins/com.st.stm32cube.ide.mcu.externaltools.gnu-tools-for-stm32.12.3.rel1.macos64_1.0.200.202406191456/tools/bin/../lib/gcc/arm-none-eabi/12.3.1/../../../../arm-none-eabi/lib/thumb/v7e-m+dp/hard/libc_nano.a(libc_a-strlen.o)
                0x08000380                strlen
 .text          0x08000390       0x30 /Applications/STM32CubeIDE.app/Contents/Eclipse/plugins/com.st.stm32cube.ide.mcu.externaltools.gnu-tools-for-stm32.12.3.rel1.macos64_1.0.200.202406191456/tools/bin/../lib/gcc/arm-none-eabi/12.3.1/thumb/v7e-m+dp/hard/libgcc.a(_aeabi_uldivmod.o)
                0x08000390                __aeabi_uldivmod
 .text          0x080003c0      0x2bc /Applications/STM32CubeIDE.app/Contents/Eclipse/plugins/com.st.stm32cube.ide.mcu.externaltools.gnu-tools-for-stm32.12.3.rel1.macos64_1.0.200.202406191456/tools/bin/../lib/gcc/arm-none-eabi/12.3.1/thumb/v7e-m+dp/hard/libgcc.a(_udivmoddi4.o)
                0x080003c0                __udivmoddi4
 .text          0x0800067c        0x4 /Applications/STM32CubeIDE.app/Contents/Eclipse/plugins/com.st.stm32cube.ide.mcu.externaltools.gnu-tools-for-stm32.12.3.rel1.macos64_1.0.200.202406191456/tools/bin/../lib/gcc/arm-none-eabi/12.3.1/thumb/v7e-m+dp/hard/libgcc.a(_dvmd_tls.o)
                0x0800067c                __aeabi_ldiv0
                0x0800067c                __aeabi_idiv0
 *(.text*)
 .text.SystemClock_Config
                0x08000680      0x108 ./Core/Src/main.o
                0x08000680                SystemClock_Config
 .text.MX_USART3_UART_Init
                0x08000788       0x64 ./Core/Src/main.o
                0x08000788                MX_USART3_UART_Init
 .text.pa3_ai_network_init
                0x080007ec       0x60 ./Core/Src/main.o
                0x080007ec                pa3_ai_network_init
 .text.pa3_ai_network_inference
                0x0800084c       0xa4 ./Core/Src/main.o
                0x0800084c                pa3_ai_network_inference
 .text.UART_SendString
                0x080008f0       0x1e ./Core/Src/main.o
                0x080008f0                UART_SendString
 *fill*         0x0800090e        0x2 
 .text.startup.main
                0x08000910      0x8dc ./Core/Src/main.o
                0x08000910                main
 .text.Error_Handler
                0x080011ec        0x4 ./Core/Src/main.o
                0x080011ec                Error_Handler
 .text.HAL_MspInit
                0x080011f0       0x24 ./Core/Src/stm32h7xx_hal_msp.o
                0x080011f0                HAL_MspInit
 .text.HAL_ADC_MspInit
                0x08001214       0xf4 ./Core/Src/stm32h7xx_hal_msp.o
                0x08001214                HAL_ADC_MspInit
 .text.HAL_UART_MspInit
                0x08001308       0xac ./Core/Src/stm32h7xx_hal_msp.o
                0x08001308                HAL_UART_MspInit
 .text.NMI_Handler
                0x080013b4        0x2 ./Core/Src/stm32h7xx_it.o
                0x080013b4                NMI_Handler
 .text.HardFault_Handler
                0x080013b6        0x2 ./Core/Src/stm32h7xx_it.o
                0x080013b6                HardFault_Handler
 .text.MemManage_Handler
                0x080013b8        0x2 ./Core/Src/stm32h7xx_it.o
                0x080013b8                MemManage_Handler
 .text.BusFault_Handler
                0x080013ba        0x2 ./Core/Src/stm32h7xx_it.o
                0x080013ba                BusFault_Handler
 .text.UsageFault_Handler
                0x080013bc        0x2 ./Core/Src/stm32h7xx_it.o
                0x080013bc                UsageFault_Handler
 .text.SVC_Handler
                0x080013be        0x2 ./Core/Src/stm32h7xx_it.o
                0x080013be                SVC_Handler
 .text.DebugMon_Handler
                0x080013c0        0x2 ./Core/Src/stm32h7xx_it.o
                0x080013c0                DebugMon_Handler
 .text.PendSV_Handler
                0x080013c2        0x2 ./Core/Src/stm32h7xx_it.o
                0x080013c2                PendSV_Handler
 .text.SysTick_Handler
                0x080013c4        0x4 ./Core/Src/stm32h7xx_it.o
                0x080013c4                SysTick_Handler
 .text._getpid  0x080013c8        0x4 ./Core/Src/syscalls.o
                0x080013c8                _getpid
 .text._kill    0x080013cc       0x10 ./Core/Src/syscalls.o
                0x080013cc                _kill
 .text._exit    0x080013dc        0xc ./Core/Src/syscalls.o
                0x080013dc                _exit
 .text._read    0x080013e8       0x1c ./Core/Src/syscalls.o
                0x080013e8                _read
 .text._close   0x08001404        0x6 ./Core/Src/syscalls.o
                0x08001404                _close
 .text._fstat   0x0800140a        0xa ./Core/Src/syscalls.o
                0x0800140a                _fstat
 .text._isatty  0x08001414        0x4 ./Core/Src/syscalls.o
                0x08001414                _isatty
 .text._lseek   0x08001418        0x4 ./Core/Src/syscalls.o
                0x08001418                _lseek
 .text._sbrk    0x0800141c       0x40 ./Core/Src/sysmem.o
                0x0800141c                _sbrk
 .text.SystemInit
                0x0800145c       0xc0 ./Core/Src/system_stm32h7xx.o
                0x0800145c                SystemInit
 .text.Reset_Handler
                0x0800151c       0x50 ./Core/Startup/startup_stm32h750xbhx.o
                0x0800151c                Reset_Handler
 .text.Default_Handler
                0x0800156c        0x2 ./Core/Startup/startup_stm32h750xbhx.o
                0x0800156c                DMA1_Stream3_IRQHandler
                0x0800156c                HASH_RNG_IRQHandler
                0x0800156c                EXTI2_IRQHandler
                0x0800156c                TIM8_CC_IRQHandler
                0x0800156c                HRTIM1_Master_IRQHandler
                0x0800156c                UART8_IRQHandler
                0x0800156c                SPI4_IRQHandler
                0x0800156c                TIM1_CC_IRQHandler
                0x0800156c                BDMA_Channel6_IRQHandler
                0x0800156c                DMA2_Stream5_IRQHandler
                0x0800156c                HRTIM1_FLT_IRQHandler
                0x0800156c                JPEG_IRQHandler
                0x0800156c                DMA1_Stream5_IRQHandler
                0x0800156c                BDMA_Channel1_IRQHandler
                0x0800156c                HRTIM1_TIMD_IRQHandler
                0x0800156c                TAMP_STAMP_IRQHandler
                0x0800156c                EXTI3_IRQHandler
                0x0800156c                LPTIM4_IRQHandler
                0x0800156c                TIM8_TRG_COM_TIM14_IRQHandler
                0x0800156c                LPTIM2_IRQHandler
                0x0800156c                DFSDM1_FLT1_IRQHandler
                0x0800156c                DMAMUX2_OVR_IRQHandler
                0x0800156c                TIM8_UP_TIM13_IRQHandler
                0x0800156c                I2C3_ER_IRQHandler
                0x0800156c                DFSDM1_FLT2_IRQHandler
                0x0800156c                MDMA_IRQHandler
                0x0800156c                LPTIM3_IRQHandler
                0x0800156c                HSEM1_IRQHandler
                0x0800156c                EXTI0_IRQHandler
                0x0800156c                I2C2_EV_IRQHandler
                0x0800156c                DMA1_Stream2_IRQHandler
                0x0800156c                FPU_IRQHandler
                0x0800156c                OTG_HS_WKUP_IRQHandler
                0x0800156c                FDCAN1_IT1_IRQHandler
                0x0800156c                LTDC_ER_IRQHandler
                0x0800156c                DMA2_Stream2_IRQHandler
                0x0800156c                HRTIM1_TIME_IRQHandler
                0x0800156c                SPI1_IRQHandler
                0x0800156c                TIM6_DAC_IRQHandler
                0x0800156c                DCMI_IRQHandler
                0x0800156c                HRTIM1_TIMC_IRQHandler
                0x0800156c                DMA2_Stream3_IRQHandler
                0x0800156c                SAI2_IRQHandler
                0x0800156c                DFSDM1_FLT3_IRQHandler
                0x0800156c                USART6_IRQHandler
                0x0800156c                TIM17_IRQHandler
                0x0800156c                USART3_IRQHandler
                0x0800156c                BDMA_Channel7_IRQHandler
                0x0800156c                CRYP_IRQHandler
                0x0800156c                LPTIM5_IRQHandler
                0x0800156c                UART5_IRQHandler
                0x0800156c                ADC3_IRQHandler
                0x0800156c                DMA2_Stream0_IRQHandler
                0x0800156c                TIM4_IRQHandler
                0x0800156c                BDMA_Channel2_IRQHandler
                0x0800156c                QUADSPI_IRQHandler
                0x0800156c                I2C1_EV_IRQHandler
                0x0800156c                DMA1_Stream6_IRQHandler
                0x0800156c                DMAMUX1_OVR_IRQHandler
                0x0800156c                DMA1_Stream1_IRQHandler
                0x0800156c                TIM16_IRQHandler
                0x0800156c                UART4_IRQHandler
                0x0800156c                BDMA_Channel5_IRQHandler
                0x0800156c                TIM3_IRQHandler
                0x0800156c                RCC_IRQHandler
                0x0800156c                TIM8_BRK_TIM12_IRQHandler
                0x0800156c                TIM1_TRG_COM_IRQHandler
                0x0800156c                Default_Handler
                0x0800156c                ECC_IRQHandler
                0x0800156c                CEC_IRQHandler
                0x0800156c                EXTI15_10_IRQHandler
                0x0800156c                BDMA_Channel0_IRQHandler
                0x0800156c                ADC_IRQHandler
                0x0800156c                DMA1_Stream7_IRQHandler
                0x0800156c                HRTIM1_TIMA_IRQHandler
                0x0800156c                SPI5_IRQHandler
                0x0800156c                TIM7_IRQHandler
                0x0800156c                SDMMC1_IRQHandler
                0x0800156c                TIM5_IRQHandler
                0x0800156c                DMA2_Stream7_IRQHandler
                0x0800156c                TIM15_IRQHandler
                0x0800156c                PVD_AVD_IRQHandler
                0x0800156c                I2C3_EV_IRQHandler
                0x0800156c                EXTI9_5_IRQHandler
                0x0800156c                RTC_WKUP_IRQHandler
                0x0800156c                LTDC_IRQHandler
                0x0800156c                SAI3_IRQHandler
                0x0800156c                ETH_WKUP_IRQHandler
                0x0800156c                SPDIF_RX_IRQHandler
                0x0800156c                SPI2_IRQHandler
                0x0800156c                OTG_HS_EP1_IN_IRQHandler
                0x0800156c                DMA1_Stream0_IRQHandler
                0x0800156c                CRS_IRQHandler
                0x0800156c                EXTI4_IRQHandler
                0x0800156c                HRTIM1_TIMB_IRQHandler
                0x0800156c                FDCAN2_IT1_IRQHandler
                0x0800156c                ETH_IRQHandler
                0x0800156c                TIM1_UP_IRQHandler
                0x0800156c                BDMA_Channel4_IRQHandler
                0x0800156c                OTG_HS_EP1_OUT_IRQHandler
                0x0800156c                WWDG_IRQHandler
                0x0800156c                SPI6_IRQHandler
                0x0800156c                MDIOS_IRQHandler
                0x0800156c                I2C4_EV_IRQHandler
                0x0800156c                FDCAN2_IT0_IRQHandler
                0x0800156c                LPUART1_IRQHandler
                0x0800156c                FDCAN1_IT0_IRQHandler
                0x0800156c                TIM2_IRQHandler
                0x0800156c                OTG_FS_WKUP_IRQHandler
                0x0800156c                OTG_HS_IRQHandler
                0x0800156c                DMA2D_IRQHandler
                0x0800156c                TIM1_BRK_IRQHandler
                0x0800156c                EXTI1_IRQHandler
                0x0800156c                SDMMC2_IRQHandler
                0x0800156c                OTG_FS_EP1_OUT_IRQHandler
                0x0800156c                BDMA_Channel3_IRQHandler
                0x0800156c                UART7_IRQHandler
                0x0800156c                MDIOS_WKUP_IRQHandler
                0x0800156c                USART2_IRQHandler
                0x0800156c                DFSDM1_FLT0_IRQHandler
                0x0800156c                SAI4_IRQHandler
                0x0800156c                I2C2_ER_IRQHandler
                0x0800156c                DMA2_Stream1_IRQHandler
                0x0800156c                FLASH_IRQHandler
                0x0800156c                DMA2_Stream4_IRQHandler
                0x0800156c                USART1_IRQHandler
                0x0800156c                OTG_FS_IRQHandler
                0x0800156c                SPI3_IRQHandler
                0x0800156c                WAKEUP_PIN_IRQHandler
                0x0800156c                DMA1_Stream4_IRQHandler
                0x0800156c                OTG_FS_EP1_IN_IRQHandler
                0x0800156c                I2C1_ER_IRQHandler
                0x0800156c                FMC_IRQHandler
                0x0800156c                FDCAN_CAL_IRQHandler
                0x0800156c                SWPMI1_IRQHandler
                0x0800156c                COMP1_IRQHandler
                0x0800156c                LPTIM1_IRQHandler
                0x0800156c                I2C4_ER_IRQHandler
                0x0800156c                DMA2_Stream6_IRQHandler
                0x0800156c                SAI1_IRQHandler
                0x0800156c                RTC_Alarm_IRQHandler
 .text.MT25TL01G_GetFlashInfo
                0x0800156e       0x22 ./Drivers/BSP/Components/mt25tl01g/mt25tl01g.o
                0x0800156e                MT25TL01G_GetFlashInfo
 .text.MT25TL01G_AutoPollingMemReady
                0x08001590       0x56 ./Drivers/BSP/Components/mt25tl01g/mt25tl01g.o
                0x08001590                MT25TL01G_AutoPollingMemReady
 .text.MT25TL01G_WriteEnable
                0x080015e6       0x88 ./Drivers/BSP/Components/mt25tl01g/mt25tl01g.o
                0x080015e6                MT25TL01G_WriteEnable
 .text.MT25TL01G_Enter4BytesAddressMode
                0x0800166e       0x58 ./Drivers/BSP/Components/mt25tl01g/mt25tl01g.o
                0x0800166e                MT25TL01G_Enter4BytesAddressMode
 .text.MT25TL01G_EnterQPIMode
                0x080016c6       0x38 ./Drivers/BSP/Components/mt25tl01g/mt25tl01g.o
                0x080016c6                MT25TL01G_EnterQPIMode
 .text.MT25TL01G_ExitQPIMode
                0x080016fe       0x38 ./Drivers/BSP/Components/mt25tl01g/mt25tl01g.o
                0x080016fe                MT25TL01G_ExitQPIMode
 .text.MT25TL01G_EnableMemoryMappedModeDTR
                0x08001736       0x94 ./Drivers/BSP/Components/mt25tl01g/mt25tl01g.o
                0x08001736                MT25TL01G_EnableMemoryMappedModeDTR
 .text.MT25TL01G_EnableMemoryMappedModeSTR
                0x080017ca       0x8c ./Drivers/BSP/Components/mt25tl01g/mt25tl01g.o
                0x080017ca                MT25TL01G_EnableMemoryMappedModeSTR
 .text.MT25TL01G_ResetEnable
                0x08001856       0x42 ./Drivers/BSP/Components/mt25tl01g/mt25tl01g.o
                0x08001856                MT25TL01G_ResetEnable
 .text.MT25TL01G_ResetMemory
                0x08001898       0x42 ./Drivers/BSP/Components/mt25tl01g/mt25tl01g.o
                0x08001898                MT25TL01G_ResetMemory
 *fill*         0x080018da        0x2 
 .text.MT48LC4M32B2_ClockEnable
                0x080018dc       0x28 ./Drivers/BSP/Components/mt48lc4m32b2/mt48lc4m32b2.o
                0x080018dc                MT48LC4M32B2_ClockEnable
 .text.MT48LC4M32B2_Precharge
                0x08001904       0x2c ./Drivers/BSP/Components/mt48lc4m32b2/mt48lc4m32b2.o
                0x08001904                MT48LC4M32B2_Precharge
 .text.MT48LC4M32B2_ModeRegConfig
                0x08001930       0x3c ./Drivers/BSP/Components/mt48lc4m32b2/mt48lc4m32b2.o
                0x08001930                MT48LC4M32B2_ModeRegConfig
 .text.MT48LC4M32B2_RefreshMode
                0x0800196c       0x28 ./Drivers/BSP/Components/mt48lc4m32b2/mt48lc4m32b2.o
                0x0800196c                MT48LC4M32B2_RefreshMode
 .text.MT48LC4M32B2_RefreshRate
                0x08001994       0x10 ./Drivers/BSP/Components/mt48lc4m32b2/mt48lc4m32b2.o
                0x08001994                MT48LC4M32B2_RefreshRate
 .text.MT48LC4M32B2_Init
                0x080019a4       0x5a ./Drivers/BSP/Components/mt48lc4m32b2/mt48lc4m32b2.o
                0x080019a4                MT48LC4M32B2_Init
 *fill*         0x080019fe        0x2 
 .text.MX_QSPI_Init
                0x08001a00       0x2c ./Drivers/BSP/STM32H750B-DK/stm32h750b_discovery_qspi.o
                0x08001a00                MX_QSPI_Init
 .text.BSP_QSPI_EnableMemoryMappedMode
                0x08001a2c       0x38 ./Drivers/BSP/STM32H750B-DK/stm32h750b_discovery_qspi.o
                0x08001a2c                BSP_QSPI_EnableMemoryMappedMode
 .text.BSP_QSPI_ConfigFlash
                0x08001a64       0x70 ./Drivers/BSP/STM32H750B-DK/stm32h750b_discovery_qspi.o
                0x08001a64                BSP_QSPI_ConfigFlash
 .text.BSP_QSPI_Init
                0x08001ad4      0x370 ./Drivers/BSP/STM32H750B-DK/stm32h750b_discovery_qspi.o
                0x08001ad4                BSP_QSPI_Init
 .text.MX_SDRAM_BANK2_Init
                0x08001e44       0x60 ./Drivers/BSP/STM32H750B-DK/stm32h750b_discovery_sdram.o
                0x08001e44                MX_SDRAM_BANK2_Init
 .text.BSP_SDRAM_Init
                0x08001ea4      0x1d8 ./Drivers/BSP/STM32H750B-DK/stm32h750b_discovery_sdram.o
                0x08001ea4                BSP_SDRAM_Init
 .text.HAL_InitTick
                0x0800207c       0x4c ./Drivers/STM32H7xx_HAL_Driver/Src/stm32h7xx_hal.o
                0x0800207c                HAL_InitTick
 .text.HAL_Init
                0x080020c8       0x5c ./Drivers/STM32H7xx_HAL_Driver/Src/stm32h7xx_hal.o
                0x080020c8                HAL_Init
 .text.HAL_IncTick
                0x08002124       0x18 ./Drivers/STM32H7xx_HAL_Driver/Src/stm32h7xx_hal.o
                0x08002124                HAL_IncTick
 .text.HAL_GetTick
                0x0800213c        0xc ./Drivers/STM32H7xx_HAL_Driver/Src/stm32h7xx_hal.o
                0x0800213c                HAL_GetTick
 .text.HAL_Delay
                0x08002148       0x24 ./Drivers/STM32H7xx_HAL_Driver/Src/stm32h7xx_hal.o
                0x08002148                HAL_Delay
 .text.HAL_GetREVID
                0x0800216c        0xc ./Drivers/STM32H7xx_HAL_Driver/Src/stm32h7xx_hal.o
                0x0800216c                HAL_GetREVID
 .text.HAL_SYSCFG_AnalogSwitchConfig
                0x08002178       0x14 ./Drivers/STM32H7xx_HAL_Driver/Src/stm32h7xx_hal.o
                0x08002178                HAL_SYSCFG_AnalogSwitchConfig
 .text.LL_ADC_SetChannelSamplingTime
                0x0800218c       0x20 ./Drivers/STM32H7xx_HAL_Driver/Src/stm32h7xx_hal_adc.o
 .text.LL_ADC_IsEnabled
                0x080021ac        0x8 ./Drivers/STM32H7xx_HAL_Driver/Src/stm32h7xx_hal_adc.o
 .text.LL_ADC_REG_IsConversionOngoing
                0x080021b4        0x8 ./Drivers/STM32H7xx_HAL_Driver/Src/stm32h7xx_hal_adc.o
 .text.HAL_ADC_ConfigChannel
                0x080021bc      0x398 ./Drivers/STM32H7xx_HAL_Driver/Src/stm32h7xx_hal_adc.o
                0x080021bc                HAL_ADC_ConfigChannel
 .text.ADC_ConfigureBoostMode
                0x08002554      0x12c ./Drivers/STM32H7xx_HAL_Driver/Src/stm32h7xx_hal_adc.o
                0x08002554                ADC_ConfigureBoostMode
 .text.HAL_ADC_Init
                0x08002680      0x218 ./Drivers/STM32H7xx_HAL_Driver/Src/stm32h7xx_hal_adc.o
                0x08002680                HAL_ADC_Init
 .text.HAL_NVIC_SetPriorityGrouping
                0x08002898       0x24 ./Drivers/STM32H7xx_HAL_Driver/Src/stm32h7xx_hal_cortex.o
                0x08002898                HAL_NVIC_SetPriorityGrouping
 .text.HAL_NVIC_SetPriority
                0x080028bc       0x64 ./Drivers/STM32H7xx_HAL_Driver/Src/stm32h7xx_hal_cortex.o
                0x080028bc                HAL_NVIC_SetPriority
 .text.HAL_NVIC_EnableIRQ
                0x08002920       0x1c ./Drivers/STM32H7xx_HAL_Driver/Src/stm32h7xx_hal_cortex.o
                0x08002920                HAL_NVIC_EnableIRQ
 .text.HAL_SYSTICK_Config
                0x0800293c       0x28 ./Drivers/STM32H7xx_HAL_Driver/Src/stm32h7xx_hal_cortex.o
                0x0800293c                HAL_SYSTICK_Config
 .text.HAL_MPU_Disable
                0x08002964       0x1c ./Drivers/STM32H7xx_HAL_Driver/Src/stm32h7xx_hal_cortex.o
                0x08002964                HAL_MPU_Disable
 .text.HAL_MPU_Enable
                0x08002980       0x20 ./Drivers/STM32H7xx_HAL_Driver/Src/stm32h7xx_hal_cortex.o
                0x08002980                HAL_MPU_Enable
 .text.HAL_MPU_ConfigRegion
                0x080029a0       0x58 ./Drivers/STM32H7xx_HAL_Driver/Src/stm32h7xx_hal_cortex.o
                0x080029a0                HAL_MPU_ConfigRegion
 .text.HAL_GPIO_Init
                0x080029f8      0x1d0 ./Drivers/STM32H7xx_HAL_Driver/Src/stm32h7xx_hal_gpio.o
                0x080029f8                HAL_GPIO_Init
 .text.HAL_GPIO_WritePin
                0x08002bc8        0xa ./Drivers/STM32H7xx_HAL_Driver/Src/stm32h7xx_hal_gpio.o
                0x08002bc8                HAL_GPIO_WritePin
 .text.HAL_MDMA_Init
                0x08002bd2       0xde ./Drivers/STM32H7xx_HAL_Driver/Src/stm32h7xx_hal_mdma.o
                0x08002bd2                HAL_MDMA_Init
 .text.HAL_MDMA_DeInit
                0x08002cb0       0x3e ./Drivers/STM32H7xx_HAL_Driver/Src/stm32h7xx_hal_mdma.o
                0x08002cb0                HAL_MDMA_DeInit
 *fill*         0x08002cee        0x2 
 .text.HAL_PWREx_ConfigSupply
                0x08002cf0       0x48 ./Drivers/STM32H7xx_HAL_Driver/Src/stm32h7xx_hal_pwr_ex.o
                0x08002cf0                HAL_PWREx_ConfigSupply
 .text.QSPI_Config
                0x08002d38      0x174 ./Drivers/STM32H7xx_HAL_Driver/Src/stm32h7xx_hal_qspi.o
 .text.QSPI_WaitFlagStateUntilTimeout
                0x08002eac       0x4e ./Drivers/STM32H7xx_HAL_Driver/Src/stm32h7xx_hal_qspi.o
 .text.HAL_QSPI_MspInit
                0x08002efa        0x2 ./Drivers/STM32H7xx_HAL_Driver/Src/stm32h7xx_hal_qspi.o
                0x08002efa                HAL_QSPI_MspInit
 .text.HAL_QSPI_Init
                0x08002efc       0x98 ./Drivers/STM32H7xx_HAL_Driver/Src/stm32h7xx_hal_qspi.o
                0x08002efc                HAL_QSPI_Init
 .text.HAL_QSPI_Command
                0x08002f94       0x8a ./Drivers/STM32H7xx_HAL_Driver/Src/stm32h7xx_hal_qspi.o
                0x08002f94                HAL_QSPI_Command
 .text.HAL_QSPI_Transmit
                0x0800301e       0xb8 ./Drivers/STM32H7xx_HAL_Driver/Src/stm32h7xx_hal_qspi.o
                0x0800301e                HAL_QSPI_Transmit
 .text.HAL_QSPI_Receive
                0x080030d6       0xc0 ./Drivers/STM32H7xx_HAL_Driver/Src/stm32h7xx_hal_qspi.o
                0x080030d6                HAL_QSPI_Receive
 .text.HAL_QSPI_AutoPolling
                0x08003196       0xa2 ./Drivers/STM32H7xx_HAL_Driver/Src/stm32h7xx_hal_qspi.o
                0x08003196                HAL_QSPI_AutoPolling
 .text.HAL_QSPI_MemoryMapped
                0x08003238       0x82 ./Drivers/STM32H7xx_HAL_Driver/Src/stm32h7xx_hal_qspi.o
                0x08003238                HAL_QSPI_MemoryMapped
 *fill*         0x080032ba        0x2 
 .text.HAL_RCC_OscConfig
                0x080032bc      0x558 ./Drivers/STM32H7xx_HAL_Driver/Src/stm32h7xx_hal_rcc.o
                0x080032bc                HAL_RCC_OscConfig
 .text.HAL_RCC_GetSysClockFreq
                0x08003814      0x144 ./Drivers/STM32H7xx_HAL_Driver/Src/stm32h7xx_hal_rcc.o
                0x08003814                HAL_RCC_GetSysClockFreq
 .text.HAL_RCC_ClockConfig
                0x08003958      0x24c ./Drivers/STM32H7xx_HAL_Driver/Src/stm32h7xx_hal_rcc.o
                0x08003958                HAL_RCC_ClockConfig
 .text.HAL_RCC_GetHCLKFreq
                0x08003ba4       0x44 ./Drivers/STM32H7xx_HAL_Driver/Src/stm32h7xx_hal_rcc.o
                0x08003ba4                HAL_RCC_GetHCLKFreq
 .text.HAL_RCC_GetPCLK1Freq
                0x08003be8       0x24 ./Drivers/STM32H7xx_HAL_Driver/Src/stm32h7xx_hal_rcc.o
                0x08003be8                HAL_RCC_GetPCLK1Freq
 .text.HAL_RCC_GetPCLK2Freq
                0x08003c0c       0x24 ./Drivers/STM32H7xx_HAL_Driver/Src/stm32h7xx_hal_rcc.o
                0x08003c0c                HAL_RCC_GetPCLK2Freq
 .text.RCCEx_PLL2_Config
                0x08003c30       0xf0 ./Drivers/STM32H7xx_HAL_Driver/Src/stm32h7xx_hal_rcc_ex.o
 .text.RCCEx_PLL3_Config
                0x08003d20       0xf0 ./Drivers/STM32H7xx_HAL_Driver/Src/stm32h7xx_hal_rcc_ex.o
 .text.HAL_RCCEx_PeriphCLKConfig
                0x08003e10      0x9d0 ./Drivers/STM32H7xx_HAL_Driver/Src/stm32h7xx_hal_rcc_ex.o
                0x08003e10                HAL_RCCEx_PeriphCLKConfig
 .text.HAL_RCCEx_GetD3PCLK1Freq
                0x080047e0       0x24 ./Drivers/STM32H7xx_HAL_Driver/Src/stm32h7xx_hal_rcc_ex.o
                0x080047e0                HAL_RCCEx_GetD3PCLK1Freq
 .text.HAL_RCCEx_GetPLL2ClockFreq
                0x08004804      0x154 ./Drivers/STM32H7xx_HAL_Driver/Src/stm32h7xx_hal_rcc_ex.o
                0x08004804                HAL_RCCEx_GetPLL2ClockFreq
 .text.HAL_RCCEx_GetPLL3ClockFreq
                0x08004958      0x154 ./Drivers/STM32H7xx_HAL_Driver/Src/stm32h7xx_hal_rcc_ex.o
                0x08004958                HAL_RCCEx_GetPLL3ClockFreq
 .text.HAL_RCCEx_GetPLL1ClockFreq
                0x08004aac      0x154 ./Drivers/STM32H7xx_HAL_Driver/Src/stm32h7xx_hal_rcc_ex.o
                0x08004aac                HAL_RCCEx_GetPLL1ClockFreq
 .text.HAL_RCCEx_GetPeriphCLKFreq
                0x08004c00      0x2f8 ./Drivers/STM32H7xx_HAL_Driver/Src/stm32h7xx_hal_rcc_ex.o
                0x08004c00                HAL_RCCEx_GetPeriphCLKFreq
 .text.HAL_SDRAM_MspInit
                0x08004ef8        0x2 ./Drivers/STM32H7xx_HAL_Driver/Src/stm32h7xx_hal_sdram.o
                0x08004ef8                HAL_SDRAM_MspInit
 *fill*         0x08004efa        0x2 
 .text.HAL_SDRAM_Init
                0x08004efc       0x50 ./Drivers/STM32H7xx_HAL_Driver/Src/stm32h7xx_hal_sdram.o
                0x08004efc                HAL_SDRAM_Init
 .text.HAL_SDRAM_SendCommand
                0x08004f4c       0x3e ./Drivers/STM32H7xx_HAL_Driver/Src/stm32h7xx_hal_sdram.o
                0x08004f4c                HAL_SDRAM_SendCommand
 .text.HAL_SDRAM_ProgramRefreshRate
                0x08004f8a       0x30 ./Drivers/STM32H7xx_HAL_Driver/Src/stm32h7xx_hal_sdram.o
                0x08004f8a                HAL_SDRAM_ProgramRefreshRate
 *fill*         0x08004fba        0x2 
 .text.UART_EndRxTransfer
                0x08004fbc       0x58 ./Drivers/STM32H7xx_HAL_Driver/Src/stm32h7xx_hal_uart.o
 .text.UART_SetConfig
                0x08005014      0x32c ./Drivers/STM32H7xx_HAL_Driver/Src/stm32h7xx_hal_uart.o
                0x08005014                UART_SetConfig
 .text.UART_AdvFeatureConfig
                0x08005340       0xaa ./Drivers/STM32H7xx_HAL_Driver/Src/stm32h7xx_hal_uart.o
                0x08005340                UART_AdvFeatureConfig
 .text.UART_WaitOnFlagUntilTimeout
                0x080053ea       0x90 ./Drivers/STM32H7xx_HAL_Driver/Src/stm32h7xx_hal_uart.o
                0x080053ea                UART_WaitOnFlagUntilTimeout
 .text.HAL_UART_Transmit
                0x0800547a       0xaa ./Drivers/STM32H7xx_HAL_Driver/Src/stm32h7xx_hal_uart.o
                0x0800547a                HAL_UART_Transmit
 .text.UART_CheckIdleState
                0x08005524       0xb6 ./Drivers/STM32H7xx_HAL_Driver/Src/stm32h7xx_hal_uart.o
                0x08005524                UART_CheckIdleState
 .text.HAL_UART_Init
                0x080055da       0x60 ./Drivers/STM32H7xx_HAL_Driver/Src/stm32h7xx_hal_uart.o
                0x080055da                HAL_UART_Init
 *fill*         0x0800563a        0x2 
 .text.UARTEx_SetNbDataToProcess
                0x0800563c       0x44 ./Drivers/STM32H7xx_HAL_Driver/Src/stm32h7xx_hal_uart_ex.o
 .text.HAL_UARTEx_DisableFifoMode
                0x08005680       0x36 ./Drivers/STM32H7xx_HAL_Driver/Src/stm32h7xx_hal_uart_ex.o
                0x08005680                HAL_UARTEx_DisableFifoMode
 .text.HAL_UARTEx_SetTxFifoThreshold
                0x080056b6       0x40 ./Drivers/STM32H7xx_HAL_Driver/Src/stm32h7xx_hal_uart_ex.o
                0x080056b6                HAL_UARTEx_SetTxFifoThreshold
 .text.HAL_UARTEx_SetRxFifoThreshold
                0x080056f6       0x40 ./Drivers/STM32H7xx_HAL_Driver/Src/stm32h7xx_hal_uart_ex.o
                0x080056f6                HAL_UARTEx_SetRxFifoThreshold
 .text.FMC_SDRAM_Init
                0x08005736       0x70 ./Drivers/STM32H7xx_HAL_Driver/Src/stm32h7xx_ll_fmc.o
                0x08005736                FMC_SDRAM_Init
 .text.FMC_SDRAM_Timing_Init
                0x080057a6       0x6c ./Drivers/STM32H7xx_HAL_Driver/Src/stm32h7xx_ll_fmc.o
                0x080057a6                FMC_SDRAM_Timing_Init
 .text.FMC_SDRAM_SendCommand
                0x08005812       0x24 ./Drivers/STM32H7xx_HAL_Driver/Src/stm32h7xx_ll_fmc.o
                0x08005812                FMC_SDRAM_SendCommand
 .text.FMC_SDRAM_ProgramRefreshRate
                0x08005836       0x14 ./Drivers/STM32H7xx_HAL_Driver/Src/stm32h7xx_ll_fmc.o
                0x08005836                FMC_SDRAM_ProgramRefreshRate
 *fill*         0x0800584a        0x2 
 .text._write   0x0800584c       0x40 ./X-CUBE-AI/App/aiTestUtility.o
                0x0800584c                _write
 .text.__wrap_malloc
                0x0800588c       0x50 ./X-CUBE-AI/App/aiTestUtility.o
                0x0800588c                __wrap_malloc
 .text.ai_network_get_info
                0x080058dc       0x9c ./X-CUBE-AI/App/network.o
                0x080058dc                ai_network_get_info
 .text.ai_network_get_error
                0x08005978        0x4 ./X-CUBE-AI/App/network.o
                0x08005978                ai_network_get_error
 .text.ai_network_create
                0x0800597c       0x1c ./X-CUBE-AI/App/network.o
                0x0800597c                ai_network_create
 .text.ai_network_init
                0x08005998      0x134 ./X-CUBE-AI/App/network.o
                0x08005998                ai_network_init
 .text.ai_network_run
                0x08005acc        0x4 ./X-CUBE-AI/App/network.o
                0x08005acc                ai_network_run
 .text.ai_network_data_activations_buffer_get
                0x08005ad0       0x28 ./X-CUBE-AI/App/network_data.o
                0x08005ad0                ai_network_data_activations_buffer_get
 .text.ai_network_data_weights_buffer_get
                0x08005af8       0x28 ./X-CUBE-AI/App/network_data.o
                0x08005af8                ai_network_data_weights_buffer_get
 .text.ai_network_data_weights_get
                0x08005b20        0x8 ./X-CUBE-AI/App/network_data.o
                0x08005b20                ai_network_data_weights_get
 .text.ai_buffer_get_size
                0x08005b28       0x68 ../Middlewares/ST/AI/Lib/NetworkRuntime910_CM7_GCC.a(ai_platform.o)
                0x08005b28                ai_buffer_get_size
 .text.ai_buffer_array_sane
                0x08005b90       0x14 ../Middlewares/ST/AI/Lib/NetworkRuntime910_CM7_GCC.a(ai_platform.o)
                0x08005b90                ai_buffer_array_sane
 .text.ai_platform_get_weights_map
                0x08005ba4       0xb0 ../Middlewares/ST/AI/Lib/NetworkRuntime910_CM7_GCC.a(ai_platform_interface.o)
                0x08005ba4                ai_platform_get_weights_map
 .text.ai_platform_get_activations_map
                0x08005c54       0xb0 ../Middlewares/ST/AI/Lib/NetworkRuntime910_CM7_GCC.a(ai_platform_interface.o)
                0x08005c54                ai_platform_get_activations_map
 .text.ai_platform_runtime_get_revision
                0x08005d04        0x8 ../Middlewares/ST/AI/Lib/NetworkRuntime910_CM7_GCC.a(ai_platform_interface.o)
                0x08005d04                ai_platform_runtime_get_revision
 .text.ai_platform_runtime_get_version
                0x08005d0c       0x30 ../Middlewares/ST/AI/Lib/NetworkRuntime910_CM7_GCC.a(ai_platform_interface.o)
                0x08005d0c                ai_platform_runtime_get_version
 .text.ai_platform_api_get_version
                0x08005d3c       0x30 ../Middlewares/ST/AI/Lib/NetworkRuntime910_CM7_GCC.a(ai_platform_interface.o)
                0x08005d3c                ai_platform_api_get_version
 .text.ai_platform_interface_api_get_version
                0x08005d6c       0x30 ../Middlewares/ST/AI/Lib/NetworkRuntime910_CM7_GCC.a(ai_platform_interface.o)
                0x08005d6c                ai_platform_interface_api_get_version
 .text.ai_platform_context_acquire
                0x08005d9c       0x10 ../Middlewares/ST/AI/Lib/NetworkRuntime910_CM7_GCC.a(ai_platform_interface.o)
                0x08005d9c                ai_platform_context_acquire
 .text.ai_platform_network_get_error
                0x08005dac       0x18 ../Middlewares/ST/AI/Lib/NetworkRuntime910_CM7_GCC.a(ai_platform_interface.o)
                0x08005dac                ai_platform_network_get_error
 .text.ai_platform_network_set_error
                0x08005dc4        0xc ../Middlewares/ST/AI/Lib/NetworkRuntime910_CM7_GCC.a(ai_platform_interface.o)
                0x08005dc4                ai_platform_network_set_error
 .text.ai_platform_api_get_network_report
                0x08005dd0      0x394 ../Middlewares/ST/AI/Lib/NetworkRuntime910_CM7_GCC.a(ai_platform_interface.o)
                0x08005dd0                ai_platform_api_get_network_report
 .text.ai_platform_network_create
                0x08006164       0x84 ../Middlewares/ST/AI/Lib/NetworkRuntime910_CM7_GCC.a(ai_platform_interface.o)
                0x08006164                ai_platform_network_create
 .text.ai_platform_network_init
                0x080061e8      0x180 ../Middlewares/ST/AI/Lib/NetworkRuntime910_CM7_GCC.a(ai_platform_interface.o)
                0x080061e8                ai_platform_network_init
 .text.ai_platform_network_post_init
                0x08006368       0x60 ../Middlewares/ST/AI/Lib/NetworkRuntime910_CM7_GCC.a(ai_platform_interface.o)
                0x08006368                ai_platform_network_post_init
 .text.ai_platform_network_process
                0x080063c8      0x48c ../Middlewares/ST/AI/Lib/NetworkRuntime910_CM7_GCC.a(ai_platform_interface.o)
                0x080063c8                ai_platform_network_process
 .text.core_init
                0x08006854        0x4 ../Middlewares/ST/AI/Lib/NetworkRuntime910_CM7_GCC.a(core_common.o)
                0x08006854                core_init
 .text.core_get_error
                0x08006858        0xc ../Middlewares/ST/AI/Lib/NetworkRuntime910_CM7_GCC.a(core_common.o)
                0x08006858                core_get_error
 .text.core_set_error
                0x08006864       0x18 ../Middlewares/ST/AI/Lib/NetworkRuntime910_CM7_GCC.a(core_common.o)
                0x08006864                core_set_error
 .text.ai_check_custom_types
                0x0800687c       0x50 ../Middlewares/ST/AI/Lib/NetworkRuntime910_CM7_GCC.a(layers.o)
                0x0800687c                ai_check_custom_types
 .text.ai_layers_init_all
                0x080068cc       0x1c ../Middlewares/ST/AI/Lib/NetworkRuntime910_CM7_GCC.a(layers.o)
                0x080068cc                ai_layers_init_all
 .text.ai_layers_post_init_all
                0x080068e8       0x28 ../Middlewares/ST/AI/Lib/NetworkRuntime910_CM7_GCC.a(layers.o)
                0x080068e8                ai_layers_post_init_all
 .text.ai_layers_forward_all
                0x08006910       0x90 ../Middlewares/ST/AI/Lib/NetworkRuntime910_CM7_GCC.a(layers.o)
                0x08006910                ai_layers_forward_all
 .text.forward_dense_integer_SSSA_ch
                0x080069a0      0x2b4 ../Middlewares/ST/AI/Lib/NetworkRuntime910_CM7_GCC.a(layers_conv2d_stm32_integer.o)
                0x080069a0                forward_dense_integer_SSSA_ch
 .text.align_factor_ch
                0x08006c54       0x60 ../Middlewares/ST/AI/Lib/NetworkRuntime910_CM7_GCC.a(st_align_factor.o)
                0x08006c54                align_factor_ch
 .text.st_sssa8_ch_fully_connected
                0x08006cb4      0x530 ../Middlewares/ST/AI/Lib/NetworkRuntime910_CM7_GCC.a(st_sssa8_ch_dense.o)
                0x08006cb4                st_sssa8_ch_fully_connected
 .text.st_int8_copy
                0x080071e4      0x110 ../Middlewares/ST/AI/Lib/NetworkRuntime910_CM7_GCC.a(st_int8_fill.o)
                0x080071e4                st_int8_copy
 .text.st_int8_reordered_no_shift_zero
                0x080072f4       0x6c ../Middlewares/ST/AI/Lib/NetworkRuntime910_CM7_GCC.a(st_int8_reordered_no_shift.o)
                0x080072f4                st_int8_reordered_no_shift_zero
 .text.ai_array_to_buffer_fmt
                0x08007360       0xe0 ../Middlewares/ST/AI/Lib/NetworkRuntime910_CM7_GCC.a(ai_datatypes_format.o)
                0x08007360                ai_array_to_buffer_fmt
 .text.ai_array_get_data_byte_size
                0x08007440       0x24 ../Middlewares/ST/AI/Lib/NetworkRuntime910_CM7_GCC.a(ai_datatypes_format.o)
                0x08007440                ai_array_get_data_byte_size
 .text.ai_version_get
                0x08007464        0xc ../Middlewares/ST/AI/Lib/NetworkRuntime910_CM7_GCC.a(ai_datatypes_internal.o)
                0x08007464                ai_version_get
 .text.ai_platform_version_get
                0x08007470       0x24 ../Middlewares/ST/AI/Lib/NetworkRuntime910_CM7_GCC.a(ai_datatypes_internal.o)
                0x08007470                ai_platform_version_get
 .text.get_tensor_byte_size
                0x08007494       0x2c ../Middlewares/ST/AI/Lib/NetworkRuntime910_CM7_GCC.a(ai_datatypes_internal.o)
                0x08007494                get_tensor_byte_size
 .text.__cvt    0x080074c0       0xa8 /Applications/STM32CubeIDE.app/Contents/Eclipse/plugins/com.st.stm32cube.ide.mcu.externaltools.gnu-tools-for-stm32.12.3.rel1.macos64_1.0.200.202406191456/tools/bin/../lib/gcc/arm-none-eabi/12.3.1/../../../../arm-none-eabi/lib/thumb/v7e-m+dp/hard/libc_nano.a(libc_a-nano-vfprintf_float.o)
                0x080074c0                __cvt
 .text.__exponent
                0x08007568       0x74 /Applications/STM32CubeIDE.app/Contents/Eclipse/plugins/com.st.stm32cube.ide.mcu.externaltools.gnu-tools-for-stm32.12.3.rel1.macos64_1.0.200.202406191456/tools/bin/../lib/gcc/arm-none-eabi/12.3.1/../../../../arm-none-eabi/lib/thumb/v7e-m+dp/hard/libc_nano.a(libc_a-nano-vfprintf_float.o)
                0x08007568                __exponent
 *fill*         0x080075dc        0x4 
 .text._printf_float
                0x080075e0      0x434 /Applications/STM32CubeIDE.app/Contents/Eclipse/plugins/com.st.stm32cube.ide.mcu.externaltools.gnu-tools-for-stm32.12.3.rel1.macos64_1.0.200.202406191456/tools/bin/../lib/gcc/arm-none-eabi/12.3.1/../../../../arm-none-eabi/lib/thumb/v7e-m+dp/hard/libc_nano.a(libc_a-nano-vfprintf_float.o)
                0x080075e0                _printf_float
 .text.malloc   0x08007a14       0x10 /Applications/STM32CubeIDE.app/Contents/Eclipse/plugins/com.st.stm32cube.ide.mcu.externaltools.gnu-tools-for-stm32.12.3.rel1.macos64_1.0.200.202406191456/tools/bin/../lib/gcc/arm-none-eabi/12.3.1/../../../../arm-none-eabi/lib/thumb/v7e-m+dp/hard/libc_nano.a(libc_a-malloc.o)
                0x08007a14                malloc
 .text.sbrk_aligned
                0x08007a24       0x44 /Applications/STM32CubeIDE.app/Contents/Eclipse/plugins/com.st.stm32cube.ide.mcu.externaltools.gnu-tools-for-stm32.12.3.rel1.macos64_1.0.200.202406191456/tools/bin/../lib/gcc/arm-none-eabi/12.3.1/../../../../arm-none-eabi/lib/thumb/v7e-m+dp/hard/libc_nano.a(libc_a-mallocr.o)
 .text._malloc_r
                0x08007a68      0x100 /Applications/STM32CubeIDE.app/Contents/Eclipse/plugins/com.st.stm32cube.ide.mcu.externaltools.gnu-tools-for-stm32.12.3.rel1.macos64_1.0.200.202406191456/tools/bin/../lib/gcc/arm-none-eabi/12.3.1/../../../../arm-none-eabi/lib/thumb/v7e-m+dp/hard/libc_nano.a(libc_a-mallocr.o)
                0x08007a68                _malloc_r
 .text._printf_common
                0x08007b68       0xda /Applications/STM32CubeIDE.app/Contents/Eclipse/plugins/com.st.stm32cube.ide.mcu.externaltools.gnu-tools-for-stm32.12.3.rel1.macos64_1.0.200.202406191456/tools/bin/../lib/gcc/arm-none-eabi/12.3.1/../../../../arm-none-eabi/lib/thumb/v7e-m+dp/hard/libc_nano.a(libc_a-nano-vfprintf_i.o)
                0x08007b68                _printf_common
 *fill*         0x08007c42        0x2 
 .text._printf_i
                0x08007c44      0x240 /Applications/STM32CubeIDE.app/Contents/Eclipse/plugins/com.st.stm32cube.ide.mcu.externaltools.gnu-tools-for-stm32.12.3.rel1.macos64_1.0.200.202406191456/tools/bin/../lib/gcc/arm-none-eabi/12.3.1/../../../../arm-none-eabi/lib/thumb/v7e-m+dp/hard/libc_nano.a(libc_a-nano-vfprintf_i.o)
                0x08007c44                _printf_i
 .text.__sflush_r
                0x08007e84      0x108 /Applications/STM32CubeIDE.app/Contents/Eclipse/plugins/com.st.stm32cube.ide.mcu.externaltools.gnu-tools-for-stm32.12.3.rel1.macos64_1.0.200.202406191456/tools/bin/../lib/gcc/arm-none-eabi/12.3.1/../../../../arm-none-eabi/lib/thumb/v7e-m+dp/hard/libc_nano.a(libc_a-fflush.o)
                0x08007e84                __sflush_r
 .text._fflush_r
                0x08007f8c       0x50 /Applications/STM32CubeIDE.app/Contents/Eclipse/plugins/com.st.stm32cube.ide.mcu.externaltools.gnu-tools-for-stm32.12.3.rel1.macos64_1.0.200.202406191456/tools/bin/../lib/gcc/arm-none-eabi/12.3.1/../../../../arm-none-eabi/lib/thumb/v7e-m+dp/hard/libc_nano.a(libc_a-fflush.o)
                0x08007f8c                _fflush_r
 .text.__malloc_lock
                0x08007fdc        0xc /Applications/STM32CubeIDE.app/Contents/Eclipse/plugins/com.st.stm32cube.ide.mcu.externaltools.gnu-tools-for-stm32.12.3.rel1.macos64_1.0.200.202406191456/tools/bin/../lib/gcc/arm-none-eabi/12.3.1/../../../../arm-none-eabi/lib/thumb/v7e-m+dp/hard/libc_nano.a(libc_a-mlock.o)
                0x08007fdc                __malloc_lock
 .text.__malloc_unlock
                0x08007fe8        0xc /Applications/STM32CubeIDE.app/Contents/Eclipse/plugins/com.st.stm32cube.ide.mcu.externaltools.gnu-tools-for-stm32.12.3.rel1.macos64_1.0.200.202406191456/tools/bin/../lib/gcc/arm-none-eabi/12.3.1/../../../../arm-none-eabi/lib/thumb/v7e-m+dp/hard/libc_nano.a(libc_a-mlock.o)
                0x08007fe8                __malloc_unlock
 .text.sprintf  0x08007ff4       0x40 /Applications/STM32CubeIDE.app/Contents/Eclipse/plugins/com.st.stm32cube.ide.mcu.externaltools.gnu-tools-for-stm32.12.3.rel1.macos64_1.0.200.202406191456/tools/bin/../lib/gcc/arm-none-eabi/12.3.1/../../../../arm-none-eabi/lib/thumb/v7e-m+dp/hard/libc_nano.a(libc_a-sprintf.o)
                0x08007ff4                sprintf
                0x08007ff4                siprintf
 .text.std      0x08008034       0x6c /Applications/STM32CubeIDE.app/Contents/Eclipse/plugins/com.st.stm32cube.ide.mcu.externaltools.gnu-tools-for-stm32.12.3.rel1.macos64_1.0.200.202406191456/tools/bin/../lib/gcc/arm-none-eabi/12.3.1/../../../../arm-none-eabi/lib/thumb/v7e-m+dp/hard/libc_nano.a(libc_a-findfp.o)
 .text.stdio_exit_handler
                0x080080a0       0x18 /Applications/STM32CubeIDE.app/Contents/Eclipse/plugins/com.st.stm32cube.ide.mcu.externaltools.gnu-tools-for-stm32.12.3.rel1.macos64_1.0.200.202406191456/tools/bin/../lib/gcc/arm-none-eabi/12.3.1/../../../../arm-none-eabi/lib/thumb/v7e-m+dp/hard/libc_nano.a(libc_a-findfp.o)
 .text.cleanup_stdio
                0x080080b8       0x40 /Applications/STM32CubeIDE.app/Contents/Eclipse/plugins/com.st.stm32cube.ide.mcu.externaltools.gnu-tools-for-stm32.12.3.rel1.macos64_1.0.200.202406191456/tools/bin/../lib/gcc/arm-none-eabi/12.3.1/../../../../arm-none-eabi/lib/thumb/v7e-m+dp/hard/libc_nano.a(libc_a-findfp.o)
 .text.global_stdio_init.part.0
                0x080080f8       0x3c /Applications/STM32CubeIDE.app/Contents/Eclipse/plugins/com.st.stm32cube.ide.mcu.externaltools.gnu-tools-for-stm32.12.3.rel1.macos64_1.0.200.202406191456/tools/bin/../lib/gcc/arm-none-eabi/12.3.1/../../../../arm-none-eabi/lib/thumb/v7e-m+dp/hard/libc_nano.a(libc_a-findfp.o)
 .text.__sfp_lock_acquire
                0x08008134        0xc /Applications/STM32CubeIDE.app/Contents/Eclipse/plugins/com.st.stm32cube.ide.mcu.externaltools.gnu-tools-for-stm32.12.3.rel1.macos64_1.0.200.202406191456/tools/bin/../lib/gcc/arm-none-eabi/12.3.1/../../../../arm-none-eabi/lib/thumb/v7e-m+dp/hard/libc_nano.a(libc_a-findfp.o)
                0x08008134                __sfp_lock_acquire
 .text.__sfp_lock_release
                0x08008140        0xc /Applications/STM32CubeIDE.app/Contents/Eclipse/plugins/com.st.stm32cube.ide.mcu.externaltools.gnu-tools-for-stm32.12.3.rel1.macos64_1.0.200.202406191456/tools/bin/../lib/gcc/arm-none-eabi/12.3.1/../../../../arm-none-eabi/lib/thumb/v7e-m+dp/hard/libc_nano.a(libc_a-findfp.o)
                0x08008140                __sfp_lock_release
 .text.__sinit  0x0800814c       0x30 /Applications/STM32CubeIDE.app/Contents/Eclipse/plugins/com.st.stm32cube.ide.mcu.externaltools.gnu-tools-for-stm32.12.3.rel1.macos64_1.0.200.202406191456/tools/bin/../lib/gcc/arm-none-eabi/12.3.1/../../../../arm-none-eabi/lib/thumb/v7e-m+dp/hard/libc_nano.a(libc_a-findfp.o)
                0x0800814c                __sinit
 .text._realloc_r
                0x0800817c       0x5c /Applications/STM32CubeIDE.app/Contents/Eclipse/plugins/com.st.stm32cube.ide.mcu.externaltools.gnu-tools-for-stm32.12.3.rel1.macos64_1.0.200.202406191456/tools/bin/../lib/gcc/arm-none-eabi/12.3.1/../../../../arm-none-eabi/lib/thumb/v7e-m+dp/hard/libc_nano.a(libc_a-reallocr.o)
                0x0800817c                _realloc_r
 .text._fwalk_sglue
                0x080081d8       0x3c /Applications/STM32CubeIDE.app/Contents/Eclipse/plugins/com.st.stm32cube.ide.mcu.externaltools.gnu-tools-for-stm32.12.3.rel1.macos64_1.0.200.202406191456/tools/bin/../lib/gcc/arm-none-eabi/12.3.1/../../../../arm-none-eabi/lib/thumb/v7e-m+dp/hard/libc_nano.a(libc_a-fwalk.o)
                0x080081d8                _fwalk_sglue
 .text.printf   0x08008214       0x24 /Applications/STM32CubeIDE.app/Contents/Eclipse/plugins/com.st.stm32cube.ide.mcu.externaltools.gnu-tools-for-stm32.12.3.rel1.macos64_1.0.200.202406191456/tools/bin/../lib/gcc/arm-none-eabi/12.3.1/../../../../arm-none-eabi/lib/thumb/v7e-m+dp/hard/libc_nano.a(libc_a-printf.o)
                0x08008214                printf
                0x08008214                iprintf
 .text.memset   0x08008238       0x10 /Applications/STM32CubeIDE.app/Contents/Eclipse/plugins/com.st.stm32cube.ide.mcu.externaltools.gnu-tools-for-stm32.12.3.rel1.macos64_1.0.200.202406191456/tools/bin/../lib/gcc/arm-none-eabi/12.3.1/../../../../arm-none-eabi/lib/thumb/v7e-m+dp/hard/libc_nano.a(libc_a-memset.o)
                0x08008238                memset
 .text._localeconv_r
                0x08008248        0x8 /Applications/STM32CubeIDE.app/Contents/Eclipse/plugins/com.st.stm32cube.ide.mcu.externaltools.gnu-tools-for-stm32.12.3.rel1.macos64_1.0.200.202406191456/tools/bin/../lib/gcc/arm-none-eabi/12.3.1/../../../../arm-none-eabi/lib/thumb/v7e-m+dp/hard/libc_nano.a(libc_a-localeconv.o)
                0x08008248                _localeconv_r
 .text._sbrk_r  0x08008250       0x20 /Applications/STM32CubeIDE.app/Contents/Eclipse/plugins/com.st.stm32cube.ide.mcu.externaltools.gnu-tools-for-stm32.12.3.rel1.macos64_1.0.200.202406191456/tools/bin/../lib/gcc/arm-none-eabi/12.3.1/../../../../arm-none-eabi/lib/thumb/v7e-m+dp/hard/libc_nano.a(libc_a-sbrkr.o)
                0x08008250                _sbrk_r
 .text.__errno  0x08008270        0xc /Applications/STM32CubeIDE.app/Contents/Eclipse/plugins/com.st.stm32cube.ide.mcu.externaltools.gnu-tools-for-stm32.12.3.rel1.macos64_1.0.200.202406191456/tools/bin/../lib/gcc/arm-none-eabi/12.3.1/../../../../arm-none-eabi/lib/thumb/v7e-m+dp/hard/libc_nano.a(libc_a-errno.o)
                0x08008270                __errno
 .text.__libc_init_array
                0x0800827c       0x48 /Applications/STM32CubeIDE.app/Contents/Eclipse/plugins/com.st.stm32cube.ide.mcu.externaltools.gnu-tools-for-stm32.12.3.rel1.macos64_1.0.200.202406191456/tools/bin/../lib/gcc/arm-none-eabi/12.3.1/../../../../arm-none-eabi/lib/thumb/v7e-m+dp/hard/libc_nano.a(libc_a-init.o)
                0x0800827c                __libc_init_array
 .text.__retarget_lock_init_recursive
                0x080082c4        0x2 /Applications/STM32CubeIDE.app/Contents/Eclipse/plugins/com.st.stm32cube.ide.mcu.externaltools.gnu-tools-for-stm32.12.3.rel1.macos64_1.0.200.202406191456/tools/bin/../lib/gcc/arm-none-eabi/12.3.1/../../../../arm-none-eabi/lib/thumb/v7e-m+dp/hard/libc_nano.a(libc_a-lock.o)
                0x080082c4                __retarget_lock_init_recursive
 .text.__retarget_lock_acquire_recursive
                0x080082c6        0x2 /Applications/STM32CubeIDE.app/Contents/Eclipse/plugins/com.st.stm32cube.ide.mcu.externaltools.gnu-tools-for-stm32.12.3.rel1.macos64_1.0.200.202406191456/tools/bin/../lib/gcc/arm-none-eabi/12.3.1/../../../../arm-none-eabi/lib/thumb/v7e-m+dp/hard/libc_nano.a(libc_a-lock.o)
                0x080082c6                __retarget_lock_acquire_recursive
 .text.__retarget_lock_release_recursive
                0x080082c8        0x2 /Applications/STM32CubeIDE.app/Contents/Eclipse/plugins/com.st.stm32cube.ide.mcu.externaltools.gnu-tools-for-stm32.12.3.rel1.macos64_1.0.200.202406191456/tools/bin/../lib/gcc/arm-none-eabi/12.3.1/../../../../arm-none-eabi/lib/thumb/v7e-m+dp/hard/libc_nano.a(libc_a-lock.o)
                0x080082c8                __retarget_lock_release_recursive
 .text.memcpy   0x080082ca       0x1c /Applications/STM32CubeIDE.app/Contents/Eclipse/plugins/com.st.stm32cube.ide.mcu.externaltools.gnu-tools-for-stm32.12.3.rel1.macos64_1.0.200.202406191456/tools/bin/../lib/gcc/arm-none-eabi/12.3.1/../../../../arm-none-eabi/lib/thumb/v7e-m+dp/hard/libc_nano.a(libc_a-memcpy-stub.o)
                0x080082ca                memcpy
 *fill*         0x080082e6        0x2 
 .text.__assert_func
                0x080082e8       0x3c /Applications/STM32CubeIDE.app/Contents/Eclipse/plugins/com.st.stm32cube.ide.mcu.externaltools.gnu-tools-for-stm32.12.3.rel1.macos64_1.0.200.202406191456/tools/bin/../lib/gcc/arm-none-eabi/12.3.1/../../../../arm-none-eabi/lib/thumb/v7e-m+dp/hard/libc_nano.a(libc_a-assert.o)
                0x080082e8                __assert_func
 .text.quorem   0x08008324      0x110 /Applications/STM32CubeIDE.app/Contents/Eclipse/plugins/com.st.stm32cube.ide.mcu.externaltools.gnu-tools-for-stm32.12.3.rel1.macos64_1.0.200.202406191456/tools/bin/../lib/gcc/arm-none-eabi/12.3.1/../../../../arm-none-eabi/lib/thumb/v7e-m+dp/hard/libc_nano.a(libc_a-dtoa.o)
 *fill*         0x08008434        0x4 
 .text._dtoa_r  0x08008438      0xaac /Applications/STM32CubeIDE.app/Contents/Eclipse/plugins/com.st.stm32cube.ide.mcu.externaltools.gnu-tools-for-stm32.12.3.rel1.macos64_1.0.200.202406191456/tools/bin/../lib/gcc/arm-none-eabi/12.3.1/../../../../arm-none-eabi/lib/thumb/v7e-m+dp/hard/libc_nano.a(libc_a-dtoa.o)
                0x08008438                _dtoa_r
 .text._free_r  0x08008ee4       0x94 /Applications/STM32CubeIDE.app/Contents/Eclipse/plugins/com.st.stm32cube.ide.mcu.externaltools.gnu-tools-for-stm32.12.3.rel1.macos64_1.0.200.202406191456/tools/bin/../lib/gcc/arm-none-eabi/12.3.1/../../../../arm-none-eabi/lib/thumb/v7e-m+dp/hard/libc_nano.a(libc_a-freer.o)
                0x08008ee4                _free_r
 .text.__ssputs_r
                0x08008f78       0xb6 /Applications/STM32CubeIDE.app/Contents/Eclipse/plugins/com.st.stm32cube.ide.mcu.externaltools.gnu-tools-for-stm32.12.3.rel1.macos64_1.0.200.202406191456/tools/bin/../lib/gcc/arm-none-eabi/12.3.1/../../../../arm-none-eabi/lib/thumb/v7e-m+dp/hard/libc_nano.a(libc_a-nano-svfprintf.o)
                0x08008f78                __ssputs_r
 *fill*         0x0800902e        0x2 
 .text._svfprintf_r
                0x08009030      0x1f8 /Applications/STM32CubeIDE.app/Contents/Eclipse/plugins/com.st.stm32cube.ide.mcu.externaltools.gnu-tools-for-stm32.12.3.rel1.macos64_1.0.200.202406191456/tools/bin/../lib/gcc/arm-none-eabi/12.3.1/../../../../arm-none-eabi/lib/thumb/v7e-m+dp/hard/libc_nano.a(libc_a-nano-svfprintf.o)
                0x08009030                _svfprintf_r
                0x08009030                _svfiprintf_r
 .text.__sfputc_r
                0x08009228       0x2e /Applications/STM32CubeIDE.app/Contents/Eclipse/plugins/com.st.stm32cube.ide.mcu.externaltools.gnu-tools-for-stm32.12.3.rel1.macos64_1.0.200.202406191456/tools/bin/../lib/gcc/arm-none-eabi/12.3.1/../../../../arm-none-eabi/lib/thumb/v7e-m+dp/hard/libc_nano.a(libc_a-nano-vfprintf.o)
 .text.__sfputs_r
                0x08009256       0x24 /Applications/STM32CubeIDE.app/Contents/Eclipse/plugins/com.st.stm32cube.ide.mcu.externaltools.gnu-tools-for-stm32.12.3.rel1.macos64_1.0.200.202406191456/tools/bin/../lib/gcc/arm-none-eabi/12.3.1/../../../../arm-none-eabi/lib/thumb/v7e-m+dp/hard/libc_nano.a(libc_a-nano-vfprintf.o)
                0x08009256                __sfputs_r
 *fill*         0x0800927a        0x2 
 .text._vfprintf_r
                0x0800927c      0x230 /Applications/STM32CubeIDE.app/Contents/Eclipse/plugins/com.st.stm32cube.ide.mcu.externaltools.gnu-tools-for-stm32.12.3.rel1.macos64_1.0.200.202406191456/tools/bin/../lib/gcc/arm-none-eabi/12.3.1/../../../../arm-none-eabi/lib/thumb/v7e-m+dp/hard/libc_nano.a(libc_a-nano-vfprintf.o)
                0x0800927c                _vfiprintf_r
                0x0800927c                _vfprintf_r
 .text._Balloc  0x080094ac       0x80 /Applications/STM32CubeIDE.app/Contents/Eclipse/plugins/com.st.stm32cube.ide.mcu.externaltools.gnu-tools-for-stm32.12.3.rel1.macos64_1.0.200.202406191456/tools/bin/../lib/gcc/arm-none-eabi/12.3.1/../../../../arm-none-eabi/lib/thumb/v7e-m+dp/hard/libc_nano.a(libc_a-mprec.o)
                0x080094ac                _Balloc
 .text._Bfree   0x0800952c       0x44 /Applications/STM32CubeIDE.app/Contents/Eclipse/plugins/com.st.stm32cube.ide.mcu.externaltools.gnu-tools-for-stm32.12.3.rel1.macos64_1.0.200.202406191456/tools/bin/../lib/gcc/arm-none-eabi/12.3.1/../../../../arm-none-eabi/lib/thumb/v7e-m+dp/hard/libc_nano.a(libc_a-mprec.o)
                0x0800952c                _Bfree
 .text.__multadd
                0x08009570       0x8c /Applications/STM32CubeIDE.app/Contents/Eclipse/plugins/com.st.stm32cube.ide.mcu.externaltools.gnu-tools-for-stm32.12.3.rel1.macos64_1.0.200.202406191456/tools/bin/../lib/gcc/arm-none-eabi/12.3.1/../../../../arm-none-eabi/lib/thumb/v7e-m+dp/hard/libc_nano.a(libc_a-mprec.o)
                0x08009570                __multadd
 .text.__hi0bits
                0x080095fc       0x3e /Applications/STM32CubeIDE.app/Contents/Eclipse/plugins/com.st.stm32cube.ide.mcu.externaltools.gnu-tools-for-stm32.12.3.rel1.macos64_1.0.200.202406191456/tools/bin/../lib/gcc/arm-none-eabi/12.3.1/../../../../arm-none-eabi/lib/thumb/v7e-m+dp/hard/libc_nano.a(libc_a-mprec.o)
                0x080095fc                __hi0bits
 .text.__lo0bits
                0x0800963a       0x5a /Applications/STM32CubeIDE.app/Contents/Eclipse/plugins/com.st.stm32cube.ide.mcu.externaltools.gnu-tools-for-stm32.12.3.rel1.macos64_1.0.200.202406191456/tools/bin/../lib/gcc/arm-none-eabi/12.3.1/../../../../arm-none-eabi/lib/thumb/v7e-m+dp/hard/libc_nano.a(libc_a-mprec.o)
                0x0800963a                __lo0bits
 .text.__i2b    0x08009694       0x2c /Applications/STM32CubeIDE.app/Contents/Eclipse/plugins/com.st.stm32cube.ide.mcu.externaltools.gnu-tools-for-stm32.12.3.rel1.macos64_1.0.200.202406191456/tools/bin/../lib/gcc/arm-none-eabi/12.3.1/../../../../arm-none-eabi/lib/thumb/v7e-m+dp/hard/libc_nano.a(libc_a-mprec.o)
                0x08009694                __i2b
 .text.__multiply
                0x080096c0      0x154 /Applications/STM32CubeIDE.app/Contents/Eclipse/plugins/com.st.stm32cube.ide.mcu.externaltools.gnu-tools-for-stm32.12.3.rel1.macos64_1.0.200.202406191456/tools/bin/../lib/gcc/arm-none-eabi/12.3.1/../../../../arm-none-eabi/lib/thumb/v7e-m+dp/hard/libc_nano.a(libc_a-mprec.o)
                0x080096c0                __multiply
 .text.__pow5mult
                0x08009814       0xb4 /Applications/STM32CubeIDE.app/Contents/Eclipse/plugins/com.st.stm32cube.ide.mcu.externaltools.gnu-tools-for-stm32.12.3.rel1.macos64_1.0.200.202406191456/tools/bin/../lib/gcc/arm-none-eabi/12.3.1/../../../../arm-none-eabi/lib/thumb/v7e-m+dp/hard/libc_nano.a(libc_a-mprec.o)
                0x08009814                __pow5mult
 .text.__lshift
                0x080098c8       0xd8 /Applications/STM32CubeIDE.app/Contents/Eclipse/plugins/com.st.stm32cube.ide.mcu.externaltools.gnu-tools-for-stm32.12.3.rel1.macos64_1.0.200.202406191456/tools/bin/../lib/gcc/arm-none-eabi/12.3.1/../../../../arm-none-eabi/lib/thumb/v7e-m+dp/hard/libc_nano.a(libc_a-mprec.o)
                0x080098c8                __lshift
 .text.__mcmp   0x080099a0       0x36 /Applications/STM32CubeIDE.app/Contents/Eclipse/plugins/com.st.stm32cube.ide.mcu.externaltools.gnu-tools-for-stm32.12.3.rel1.macos64_1.0.200.202406191456/tools/bin/../lib/gcc/arm-none-eabi/12.3.1/../../../../arm-none-eabi/lib/thumb/v7e-m+dp/hard/libc_nano.a(libc_a-mprec.o)
                0x080099a0                __mcmp
 *fill*         0x080099d6        0x2 
 .text.__mdiff  0x080099d8      0x128 /Applications/STM32CubeIDE.app/Contents/Eclipse/plugins/com.st.stm32cube.ide.mcu.externaltools.gnu-tools-for-stm32.12.3.rel1.macos64_1.0.200.202406191456/tools/bin/../lib/gcc/arm-none-eabi/12.3.1/../../../../arm-none-eabi/lib/thumb/v7e-m+dp/hard/libc_nano.a(libc_a-mprec.o)
                0x080099d8                __mdiff
 .text.__d2b    0x08009b00       0xb0 /Applications/STM32CubeIDE.app/Contents/Eclipse/plugins/com.st.stm32cube.ide.mcu.externaltools.gnu-tools-for-stm32.12.3.rel1.macos64_1.0.200.202406191456/tools/bin/../lib/gcc/arm-none-eabi/12.3.1/../../../../arm-none-eabi/lib/thumb/v7e-m+dp/hard/libc_nano.a(libc_a-mprec.o)
                0x08009b00                __d2b
 .text._malloc_usable_size_r
                0x08009bb0       0x10 /Applications/STM32CubeIDE.app/Contents/Eclipse/plugins/com.st.stm32cube.ide.mcu.externaltools.gnu-tools-for-stm32.12.3.rel1.macos64_1.0.200.202406191456/tools/bin/../lib/gcc/arm-none-eabi/12.3.1/../../../../arm-none-eabi/lib/thumb/v7e-m+dp/hard/libc_nano.a(libc_a-msizer.o)
                0x08009bb0                _malloc_usable_size_r
 .text.__sread  0x08009bc0       0x22 /Applications/STM32CubeIDE.app/Contents/Eclipse/plugins/com.st.stm32cube.ide.mcu.externaltools.gnu-tools-for-stm32.12.3.rel1.macos64_1.0.200.202406191456/tools/bin/../lib/gcc/arm-none-eabi/12.3.1/../../../../arm-none-eabi/lib/thumb/v7e-m+dp/hard/libc_nano.a(libc_a-stdio.o)
                0x08009bc0                __sread
 .text.__swrite
                0x08009be2       0x38 /Applications/STM32CubeIDE.app/Contents/Eclipse/plugins/com.st.stm32cube.ide.mcu.externaltools.gnu-tools-for-stm32.12.3.rel1.macos64_1.0.200.202406191456/tools/bin/../lib/gcc/arm-none-eabi/12.3.1/../../../../arm-none-eabi/lib/thumb/v7e-m+dp/hard/libc_nano.a(libc_a-stdio.o)
                0x08009be2                __swrite
 .text.__sseek  0x08009c1a       0x24 /Applications/STM32CubeIDE.app/Contents/Eclipse/plugins/com.st.stm32cube.ide.mcu.externaltools.gnu-tools-for-stm32.12.3.rel1.macos64_1.0.200.202406191456/tools/bin/../lib/gcc/arm-none-eabi/12.3.1/../../../../arm-none-eabi/lib/thumb/v7e-m+dp/hard/libc_nano.a(libc_a-stdio.o)
                0x08009c1a                __sseek
 .text.__sclose
                0x08009c3e        0x8 /Applications/STM32CubeIDE.app/Contents/Eclipse/plugins/com.st.stm32cube.ide.mcu.externaltools.gnu-tools-for-stm32.12.3.rel1.macos64_1.0.200.202406191456/tools/bin/../lib/gcc/arm-none-eabi/12.3.1/../../../../arm-none-eabi/lib/thumb/v7e-m+dp/hard/libc_nano.a(libc_a-stdio.o)
                0x08009c3e                __sclose
 *fill*         0x08009c46        0x2 
 .text.fprintf  0x08009c48       0x24 /Applications/STM32CubeIDE.app/Contents/Eclipse/plugins/com.st.stm32cube.ide.mcu.externaltools.gnu-tools-for-stm32.12.3.rel1.macos64_1.0.200.202406191456/tools/bin/../lib/gcc/arm-none-eabi/12.3.1/../../../../arm-none-eabi/lib/thumb/v7e-m+dp/hard/libc_nano.a(libc_a-fprintf.o)
                0x08009c48                fprintf
                0x08009c48                fiprintf
 .text.__swbuf_r
                0x08009c6c       0x7c /Applications/STM32CubeIDE.app/Contents/Eclipse/plugins/com.st.stm32cube.ide.mcu.externaltools.gnu-tools-for-stm32.12.3.rel1.macos64_1.0.200.202406191456/tools/bin/../lib/gcc/arm-none-eabi/12.3.1/../../../../arm-none-eabi/lib/thumb/v7e-m+dp/hard/libc_nano.a(libc_a-wbuf.o)
                0x08009c6c                __swbuf_r
 .text.__swsetup_r
                0x08009ce8       0xac /Applications/STM32CubeIDE.app/Contents/Eclipse/plugins/com.st.stm32cube.ide.mcu.externaltools.gnu-tools-for-stm32.12.3.rel1.macos64_1.0.200.202406191456/tools/bin/../lib/gcc/arm-none-eabi/12.3.1/../../../../arm-none-eabi/lib/thumb/v7e-m+dp/hard/libc_nano.a(libc_a-wsetup.o)
                0x08009ce8                __swsetup_r
 .text.__swhatbuf_r
                0x08009d94       0x4c /Applications/STM32CubeIDE.app/Contents/Eclipse/plugins/com.st.stm32cube.ide.mcu.externaltools.gnu-tools-for-stm32.12.3.rel1.macos64_1.0.200.202406191456/tools/bin/../lib/gcc/arm-none-eabi/12.3.1/../../../../arm-none-eabi/lib/thumb/v7e-m+dp/hard/libc_nano.a(libc_a-makebuf.o)
                0x08009d94                __swhatbuf_r
 .text.__smakebuf_r
                0x08009de0       0x78 /Applications/STM32CubeIDE.app/Contents/Eclipse/plugins/com.st.stm32cube.ide.mcu.externaltools.gnu-tools-for-stm32.12.3.rel1.macos64_1.0.200.202406191456/tools/bin/../lib/gcc/arm-none-eabi/12.3.1/../../../../arm-none-eabi/lib/thumb/v7e-m+dp/hard/libc_nano.a(libc_a-makebuf.o)
                0x08009de0                __smakebuf_r
 .text.memmove  0x08009e58       0x34 /Applications/STM32CubeIDE.app/Contents/Eclipse/plugins/com.st.stm32cube.ide.mcu.externaltools.gnu-tools-for-stm32.12.3.rel1.macos64_1.0.200.202406191456/tools/bin/../lib/gcc/arm-none-eabi/12.3.1/../../../../arm-none-eabi/lib/thumb/v7e-m+dp/hard/libc_nano.a(libc_a-memmove.o)
                0x08009e58                memmove
 .text._close_r
                0x08009e8c       0x20 /Applications/STM32CubeIDE.app/Contents/Eclipse/plugins/com.st.stm32cube.ide.mcu.externaltools.gnu-tools-for-stm32.12.3.rel1.macos64_1.0.200.202406191456/tools/bin/../lib/gcc/arm-none-eabi/12.3.1/../../../../arm-none-eabi/lib/thumb/v7e-m+dp/hard/libc_nano.a(libc_a-closer.o)
                0x08009e8c                _close_r
 .text._fstat_r
                0x08009eac       0x24 /Applications/STM32CubeIDE.app/Contents/Eclipse/plugins/com.st.stm32cube.ide.mcu.externaltools.gnu-tools-for-stm32.12.3.rel1.macos64_1.0.200.202406191456/tools/bin/../lib/gcc/arm-none-eabi/12.3.1/../../../../arm-none-eabi/lib/thumb/v7e-m+dp/hard/libc_nano.a(libc_a-fstatr.o)
                0x08009eac                _fstat_r
 .text._isatty_r
                0x08009ed0       0x20 /Applications/STM32CubeIDE.app/Contents/Eclipse/plugins/com.st.stm32cube.ide.mcu.externaltools.gnu-tools-for-stm32.12.3.rel1.macos64_1.0.200.202406191456/tools/bin/../lib/gcc/arm-none-eabi/12.3.1/../../../../arm-none-eabi/lib/thumb/v7e-m+dp/hard/libc_nano.a(libc_a-isattyr.o)
                0x08009ed0                _isatty_r
 .text._lseek_r
                0x08009ef0       0x24 /Applications/STM32CubeIDE.app/Contents/Eclipse/plugins/com.st.stm32cube.ide.mcu.externaltools.gnu-tools-for-stm32.12.3.rel1.macos64_1.0.200.202406191456/tools/bin/../lib/gcc/arm-none-eabi/12.3.1/../../../../arm-none-eabi/lib/thumb/v7e-m+dp/hard/libc_nano.a(libc_a-lseekr.o)
                0x08009ef0                _lseek_r
 .text._read_r  0x08009f14       0x24 /Applications/STM32CubeIDE.app/Contents/Eclipse/plugins/com.st.stm32cube.ide.mcu.externaltools.gnu-tools-for-stm32.12.3.rel1.macos64_1.0.200.202406191456/tools/bin/../lib/gcc/arm-none-eabi/12.3.1/../../../../arm-none-eabi/lib/thumb/v7e-m+dp/hard/libc_nano.a(libc_a-readr.o)
                0x08009f14                _read_r
 .text._write_r
                0x08009f38       0x24 /Applications/STM32CubeIDE.app/Contents/Eclipse/plugins/com.st.stm32cube.ide.mcu.externaltools.gnu-tools-for-stm32.12.3.rel1.macos64_1.0.200.202406191456/tools/bin/../lib/gcc/arm-none-eabi/12.3.1/../../../../arm-none-eabi/lib/thumb/v7e-m+dp/hard/libc_nano.a(libc_a-writer.o)
                0x08009f38                _write_r
 .text.abort    0x08009f5c        0xe /Applications/STM32CubeIDE.app/Contents/Eclipse/plugins/com.st.stm32cube.ide.mcu.externaltools.gnu-tools-for-stm32.12.3.rel1.macos64_1.0.200.202406191456/tools/bin/../lib/gcc/arm-none-eabi/12.3.1/../../../../arm-none-eabi/lib/thumb/v7e-m+dp/hard/libc_nano.a(libc_a-abort.o)
                0x08009f5c                abort
 .text._calloc_r
                0x08009f6a       0x28 /Applications/STM32CubeIDE.app/Contents/Eclipse/plugins/com.st.stm32cube.ide.mcu.externaltools.gnu-tools-for-stm32.12.3.rel1.macos64_1.0.200.202406191456/tools/bin/../lib/gcc/arm-none-eabi/12.3.1/../../../../arm-none-eabi/lib/thumb/v7e-m+dp/hard/libc_nano.a(libc_a-callocr.o)
                0x08009f6a                _calloc_r
 .text.__ascii_mbtowc
                0x08009f92       0x24 /Applications/STM32CubeIDE.app/Contents/Eclipse/plugins/com.st.stm32cube.ide.mcu.externaltools.gnu-tools-for-stm32.12.3.rel1.macos64_1.0.200.202406191456/tools/bin/../lib/gcc/arm-none-eabi/12.3.1/../../../../arm-none-eabi/lib/thumb/v7e-m+dp/hard/libc_nano.a(libc_a-mbtowc_r.o)
                0x08009f92                __ascii_mbtowc
 .text.__ascii_wctomb
                0x08009fb6       0x1a /Applications/STM32CubeIDE.app/Contents/Eclipse/plugins/com.st.stm32cube.ide.mcu.externaltools.gnu-tools-for-stm32.12.3.rel1.macos64_1.0.200.202406191456/tools/bin/../lib/gcc/arm-none-eabi/12.3.1/../../../../arm-none-eabi/lib/thumb/v7e-m+dp/hard/libc_nano.a(libc_a-wctomb_r.o)
                0x08009fb6                __ascii_wctomb
 .text._raise_r
                0x08009fd0       0x50 /Applications/STM32CubeIDE.app/Contents/Eclipse/plugins/com.st.stm32cube.ide.mcu.externaltools.gnu-tools-for-stm32.12.3.rel1.macos64_1.0.200.202406191456/tools/bin/../lib/gcc/arm-none-eabi/12.3.1/../../../../arm-none-eabi/lib/thumb/v7e-m+dp/hard/libc_nano.a(libc_a-signal.o)
                0x08009fd0                _raise_r
 .text.raise    0x0800a020       0x10 /Applications/STM32CubeIDE.app/Contents/Eclipse/plugins/com.st.stm32cube.ide.mcu.externaltools.gnu-tools-for-stm32.12.3.rel1.macos64_1.0.200.202406191456/tools/bin/../lib/gcc/arm-none-eabi/12.3.1/../../../../arm-none-eabi/lib/thumb/v7e-m+dp/hard/libc_nano.a(libc_a-signal.o)
                0x0800a020                raise
 .text._kill_r  0x0800a030       0x24 /Applications/STM32CubeIDE.app/Contents/Eclipse/plugins/com.st.stm32cube.ide.mcu.externaltools.gnu-tools-for-stm32.12.3.rel1.macos64_1.0.200.202406191456/tools/bin/../lib/gcc/arm-none-eabi/12.3.1/../../../../arm-none-eabi/lib/thumb/v7e-m+dp/hard/libc_nano.a(libc_a-signalr.o)
                0x0800a030                _kill_r
 .text._getpid_r
                0x0800a054        0x4 /Applications/STM32CubeIDE.app/Contents/Eclipse/plugins/com.st.stm32cube.ide.mcu.externaltools.gnu-tools-for-stm32.12.3.rel1.macos64_1.0.200.202406191456/tools/bin/../lib/gcc/arm-none-eabi/12.3.1/../../../../arm-none-eabi/lib/thumb/v7e-m+dp/hard/libc_nano.a(libc_a-signalr.o)
                0x0800a054                _getpid_r
 *(.glue_7)
 .glue_7        0x0800a058        0x0 linker stubs
 *(.glue_7t)
 .glue_7t       0x0800a058        0x0 linker stubs
 *(.eh_frame)
 .eh_frame      0x0800a058        0x0 /Applications/STM32CubeIDE.app/Contents/Eclipse/plugins/com.st.stm32cube.ide.mcu.externaltools.gnu-tools-for-stm32.12.3.rel1.macos64_1.0.200.202406191456/tools/bin/../lib/gcc/arm-none-eabi/12.3.1/thumb/v7e-m+dp/hard/crtbegin.o
 *(.init)
 .init          0x0800a058        0x4 /Applications/STM32CubeIDE.app/Contents/Eclipse/plugins/com.st.stm32cube.ide.mcu.externaltools.gnu-tools-for-stm32.12.3.rel1.macos64_1.0.200.202406191456/tools/bin/../lib/gcc/arm-none-eabi/12.3.1/thumb/v7e-m+dp/hard/crti.o
                0x0800a058                _init
 .init          0x0800a05c        0x8 /Applications/STM32CubeIDE.app/Contents/Eclipse/plugins/com.st.stm32cube.ide.mcu.externaltools.gnu-tools-for-stm32.12.3.rel1.macos64_1.0.200.202406191456/tools/bin/../lib/gcc/arm-none-eabi/12.3.1/thumb/v7e-m+dp/hard/crtn.o
 *(.fini)
 .fini          0x0800a064        0x4 /Applications/STM32CubeIDE.app/Contents/Eclipse/plugins/com.st.stm32cube.ide.mcu.externaltools.gnu-tools-for-stm32.12.3.rel1.macos64_1.0.200.202406191456/tools/bin/../lib/gcc/arm-none-eabi/12.3.1/thumb/v7e-m+dp/hard/crti.o
                0x0800a064                _fini
 .fini          0x0800a068        0x8 /Applications/STM32CubeIDE.app/Contents/Eclipse/plugins/com.st.stm32cube.ide.mcu.externaltools.gnu-tools-for-stm32.12.3.rel1.macos64_1.0.200.202406191456/tools/bin/../lib/gcc/arm-none-eabi/12.3.1/thumb/v7e-m+dp/hard/crtn.o
                0x0800a070                        . = ALIGN (0x4)
                0x0800a070                        _etext = .

.vfp11_veneer   0x0800a070        0x0
 .vfp11_veneer  0x0800a070        0x0 linker stubs

.v4_bx          0x0800a070        0x0
 .v4_bx         0x0800a070        0x0 linker stubs

.iplt           0x0800a070        0x0
 .iplt          0x0800a070        0x0 /Applications/STM32CubeIDE.app/Contents/Eclipse/plugins/com.st.stm32cube.ide.mcu.externaltools.gnu-tools-for-stm32.12.3.rel1.macos64_1.0.200.202406191456/tools/bin/../lib/gcc/arm-none-eabi/12.3.1/thumb/v7e-m+dp/hard/crtbegin.o

.rodata         0x0800a070    0x13d24
                0x0800a070                        . = ALIGN (0x4)
 *(.rodata)
 .rodata        0x0800a070       0x20 ./Core/Src/main.o
 .rodata        0x0800a090       0x10 ../Middlewares/ST/AI/Lib/NetworkRuntime910_CM7_GCC.a(ai_platform_interface.o)
 *(.rodata*)
 .rodata.pa3_ai_network_init.str1.1
                0x0800a0a0       0x32 ./Core/Src/main.o
 .rodata.pa3_ai_network_inference.str1.1
                0x0800a0d2       0x32 ./Core/Src/main.o
 .rodata.main.str1.1
                0x0800a104      0x131 ./Core/Src/main.o
                                0x133 (size before relaxing)
 .rodata.mnist_test_subset_labels
                0x0800a235       0x64 ./Core/Src/main.o
                0x0800a235                mnist_test_subset_labels
 .rodata.mnist_test_subset_quantized
                0x0800a299    0x13240 ./Core/Src/main.o
                0x0800a299                mnist_test_subset_quantized
 .rodata.D1CorePrescTable
                0x0801d4d9       0x10 ./Core/Src/system_stm32h7xx.o
                0x0801d4d9                D1CorePrescTable
 *fill*         0x0801d4e9        0x3 
 .rodata.PrescalerTab.0
                0x0801d4ec        0x8 ./Drivers/BSP/STM32H750B-DK/stm32h750b_discovery_qspi.o
 .rodata.UARTPrescTable
                0x0801d4f4       0x18 ./Drivers/STM32H7xx_HAL_Driver/Src/stm32h7xx_hal_uart.o
                0x0801d4f4                UARTPrescTable
 .rodata.denominator.0
                0x0801d50c        0x8 ./Drivers/STM32H7xx_HAL_Driver/Src/stm32h7xx_hal_uart_ex.o
 .rodata.numerator.1
                0x0801d514        0x8 ./Drivers/STM32H7xx_HAL_Driver/Src/stm32h7xx_hal_uart_ex.o
 .rodata.ai_network_get_info.str1.1
                0x0801d51c       0x59 ./X-CUBE-AI/App/network.o
                                 0x5a (size before relaxing)
 *fill*         0x0801d575        0x3 
 .rodata._Relu_output_0_chain
                0x0801d578        0x8 ./X-CUBE-AI/App/network.o
 .rodata._Relu_1_output_0_chain
                0x0801d580        0x8 ./X-CUBE-AI/App/network.o
 .rodata.output_QuantizeLinear_Input_chain
                0x0801d588        0x8 ./X-CUBE-AI/App/network.o
 .rodata.input_output_array_intq
                0x0801d590        0x8 ./X-CUBE-AI/App/network.o
 .rodata.__compound_literal.20
                0x0801d598        0x8 ./X-CUBE-AI/App/network.o
 .rodata.__compound_literal.19
                0x0801d5a0        0x1 ./X-CUBE-AI/App/network.o
 *fill*         0x0801d5a1        0x3 
 .rodata.__compound_literal.18
                0x0801d5a4        0x4 ./X-CUBE-AI/App/network.o
 .rodata.output_QuantizeLinear_Input_weights_array_intq
                0x0801d5a8        0x8 ./X-CUBE-AI/App/network.o
 .rodata.__compound_literal.17
                0x0801d5b0        0x8 ./X-CUBE-AI/App/network.o
 .rodata.__compound_literal.16
                0x0801d5b8        0xa ./X-CUBE-AI/App/network.o
 *fill*         0x0801d5c2        0x2 
 .rodata.__compound_literal.15
                0x0801d5c4       0x28 ./X-CUBE-AI/App/network.o
 .rodata._Relu_1_output_0_weights_array_intq
                0x0801d5ec        0x8 ./X-CUBE-AI/App/network.o
 .rodata.__compound_literal.14
                0x0801d5f4        0x8 ./X-CUBE-AI/App/network.o
 .rodata.__compound_literal.13
                0x0801d5fc       0x40 ./X-CUBE-AI/App/network.o
 .rodata.__compound_literal.12
                0x0801d63c      0x100 ./X-CUBE-AI/App/network.o
 .rodata._Relu_output_0_weights_array_intq
                0x0801d73c        0x8 ./X-CUBE-AI/App/network.o
 .rodata.__compound_literal.11
                0x0801d744        0x8 ./X-CUBE-AI/App/network.o
 .rodata.__compound_literal.10
                0x0801d74c       0x80 ./X-CUBE-AI/App/network.o
 .rodata.__compound_literal.9
                0x0801d7cc      0x200 ./X-CUBE-AI/App/network.o
 .rodata.output_QuantizeLinear_Input_output_array_intq
                0x0801d9cc        0x8 ./X-CUBE-AI/App/network.o
 .rodata.__compound_literal.8
                0x0801d9d4        0x8 ./X-CUBE-AI/App/network.o
 .rodata.__compound_literal.7
                0x0801d9dc        0x1 ./X-CUBE-AI/App/network.o
 *fill*         0x0801d9dd        0x3 
 .rodata.__compound_literal.6
                0x0801d9e0        0x4 ./X-CUBE-AI/App/network.o
 .rodata._Relu_1_output_0_output_array_intq
                0x0801d9e4        0x8 ./X-CUBE-AI/App/network.o
 .rodata.__compound_literal.5
                0x0801d9ec        0x8 ./X-CUBE-AI/App/network.o
 .rodata.__compound_literal.4
                0x0801d9f4        0x1 ./X-CUBE-AI/App/network.o
 *fill*         0x0801d9f5        0x3 
 .rodata.__compound_literal.3
                0x0801d9f8        0x4 ./X-CUBE-AI/App/network.o
 .rodata._Relu_output_0_output_array_intq
                0x0801d9fc        0x8 ./X-CUBE-AI/App/network.o
 .rodata.__compound_literal.2
                0x0801da04        0x8 ./X-CUBE-AI/App/network.o
 .rodata.__compound_literal.1
                0x0801da0c        0x1 ./X-CUBE-AI/App/network.o
 *fill*         0x0801da0d        0x3 
 .rodata.__compound_literal.0
                0x0801da10        0x4 ./X-CUBE-AI/App/network.o
 .rodata.ai_platform_runtime_get_revision.str1.4
                0x0801da14        0x1 ../Middlewares/ST/AI/Lib/NetworkRuntime910_CM7_GCC.a(ai_platform_interface.o)
 *fill*         0x0801da15        0x3 
 .rodata.v.0    0x0801da18        0x4 ../Middlewares/ST/AI/Lib/NetworkRuntime910_CM7_GCC.a(ai_platform_interface.o)
 .rodata.v.1    0x0801da1c        0x4 ../Middlewares/ST/AI/Lib/NetworkRuntime910_CM7_GCC.a(ai_platform_interface.o)
 .rodata.v.2    0x0801da20        0x4 ../Middlewares/ST/AI/Lib/NetworkRuntime910_CM7_GCC.a(ai_platform_interface.o)
 .rodata._printf_float.str1.1
                0x0801da24       0x10 /Applications/STM32CubeIDE.app/Contents/Eclipse/plugins/com.st.stm32cube.ide.mcu.externaltools.gnu-tools-for-stm32.12.3.rel1.macos64_1.0.200.202406191456/tools/bin/../lib/gcc/arm-none-eabi/12.3.1/../../../../arm-none-eabi/lib/thumb/v7e-m+dp/hard/libc_nano.a(libc_a-nano-vfprintf_float.o)
                                 0x12 (size before relaxing)
 .rodata._printf_i.str1.1
                0x0801da34       0x22 /Applications/STM32CubeIDE.app/Contents/Eclipse/plugins/com.st.stm32cube.ide.mcu.externaltools.gnu-tools-for-stm32.12.3.rel1.macos64_1.0.200.202406191456/tools/bin/../lib/gcc/arm-none-eabi/12.3.1/../../../../arm-none-eabi/lib/thumb/v7e-m+dp/hard/libc_nano.a(libc_a-nano-vfprintf_i.o)
 .rodata.__assert_func.str1.1
                0x0801da56       0x3c /Applications/STM32CubeIDE.app/Contents/Eclipse/plugins/com.st.stm32cube.ide.mcu.externaltools.gnu-tools-for-stm32.12.3.rel1.macos64_1.0.200.202406191456/tools/bin/../lib/gcc/arm-none-eabi/12.3.1/../../../../arm-none-eabi/lib/thumb/v7e-m+dp/hard/libc_nano.a(libc_a-assert.o)
                                 0x3d (size before relaxing)
 .rodata._dtoa_r.str1.1
                0x0801da92       0x8d /Applications/STM32CubeIDE.app/Contents/Eclipse/plugins/com.st.stm32cube.ide.mcu.externaltools.gnu-tools-for-stm32.12.3.rel1.macos64_1.0.200.202406191456/tools/bin/../lib/gcc/arm-none-eabi/12.3.1/../../../../arm-none-eabi/lib/thumb/v7e-m+dp/hard/libc_nano.a(libc_a-dtoa.o)
                                 0x8f (size before relaxing)
 .rodata._svfprintf_r.str1.1
                0x0801db1f       0x11 /Applications/STM32CubeIDE.app/Contents/Eclipse/plugins/com.st.stm32cube.ide.mcu.externaltools.gnu-tools-for-stm32.12.3.rel1.macos64_1.0.200.202406191456/tools/bin/../lib/gcc/arm-none-eabi/12.3.1/../../../../arm-none-eabi/lib/thumb/v7e-m+dp/hard/libc_nano.a(libc_a-nano-svfprintf.o)
 .rodata._vfprintf_r.str1.1
                0x0801db30       0x11 /Applications/STM32CubeIDE.app/Contents/Eclipse/plugins/com.st.stm32cube.ide.mcu.externaltools.gnu-tools-for-stm32.12.3.rel1.macos64_1.0.200.202406191456/tools/bin/../lib/gcc/arm-none-eabi/12.3.1/../../../../arm-none-eabi/lib/thumb/v7e-m+dp/hard/libc_nano.a(libc_a-nano-vfprintf.o)
 .rodata._Balloc.str1.1
                0x0801db30       0x59 /Applications/STM32CubeIDE.app/Contents/Eclipse/plugins/com.st.stm32cube.ide.mcu.externaltools.gnu-tools-for-stm32.12.3.rel1.macos64_1.0.200.202406191456/tools/bin/../lib/gcc/arm-none-eabi/12.3.1/../../../../arm-none-eabi/lib/thumb/v7e-m+dp/hard/libc_nano.a(libc_a-mprec.o)
                                 0x70 (size before relaxing)
 .rodata.__multadd.str1.1
                0x0801db89       0x11 /Applications/STM32CubeIDE.app/Contents/Eclipse/plugins/com.st.stm32cube.ide.mcu.externaltools.gnu-tools-for-stm32.12.3.rel1.macos64_1.0.200.202406191456/tools/bin/../lib/gcc/arm-none-eabi/12.3.1/../../../../arm-none-eabi/lib/thumb/v7e-m+dp/hard/libc_nano.a(libc_a-mprec.o)
 *fill*         0x0801db89        0x3 
 .rodata.p05.0  0x0801db8c        0xc /Applications/STM32CubeIDE.app/Contents/Eclipse/plugins/com.st.stm32cube.ide.mcu.externaltools.gnu-tools-for-stm32.12.3.rel1.macos64_1.0.200.202406191456/tools/bin/../lib/gcc/arm-none-eabi/12.3.1/../../../../arm-none-eabi/lib/thumb/v7e-m+dp/hard/libc_nano.a(libc_a-mprec.o)
 .rodata.__mprec_bigtens
                0x0801db98       0x28 /Applications/STM32CubeIDE.app/Contents/Eclipse/plugins/com.st.stm32cube.ide.mcu.externaltools.gnu-tools-for-stm32.12.3.rel1.macos64_1.0.200.202406191456/tools/bin/../lib/gcc/arm-none-eabi/12.3.1/../../../../arm-none-eabi/lib/thumb/v7e-m+dp/hard/libc_nano.a(libc_a-mprec.o)
                0x0801db98                __mprec_bigtens
 .rodata.__mprec_tens
                0x0801dbc0       0xc8 /Applications/STM32CubeIDE.app/Contents/Eclipse/plugins/com.st.stm32cube.ide.mcu.externaltools.gnu-tools-for-stm32.12.3.rel1.macos64_1.0.200.202406191456/tools/bin/../lib/gcc/arm-none-eabi/12.3.1/../../../../arm-none-eabi/lib/thumb/v7e-m+dp/hard/libc_nano.a(libc_a-mprec.o)
                0x0801dbc0                __mprec_tens
 .rodata._setlocale_r.str1.1
                0x0801dc88        0x8 /Applications/STM32CubeIDE.app/Contents/Eclipse/plugins/com.st.stm32cube.ide.mcu.externaltools.gnu-tools-for-stm32.12.3.rel1.macos64_1.0.200.202406191456/tools/bin/../lib/gcc/arm-none-eabi/12.3.1/../../../../arm-none-eabi/lib/thumb/v7e-m+dp/hard/libc_nano.a(libc_a-locale.o)
                                  0x9 (size before relaxing)
 .rodata.str1.1
                0x0801dc90        0x8 /Applications/STM32CubeIDE.app/Contents/Eclipse/plugins/com.st.stm32cube.ide.mcu.externaltools.gnu-tools-for-stm32.12.3.rel1.macos64_1.0.200.202406191456/tools/bin/../lib/gcc/arm-none-eabi/12.3.1/../../../../arm-none-eabi/lib/thumb/v7e-m+dp/hard/libc_nano.a(libc_a-locale.o)
                                  0x2 (size before relaxing)
 .rodata._ctype_
                0x0801dc90      0x101 /Applications/STM32CubeIDE.app/Contents/Eclipse/plugins/com.st.stm32cube.ide.mcu.externaltools.gnu-tools-for-stm32.12.3.rel1.macos64_1.0.200.202406191456/tools/bin/../lib/gcc/arm-none-eabi/12.3.1/../../../../arm-none-eabi/lib/thumb/v7e-m+dp/hard/libc_nano.a(libc_a-ctype_.o)
                0x0801dc90                _ctype_
                0x0801dd94                        . = ALIGN (0x4)
 *fill*         0x0801dd91        0x3 

.ARM.extab
 *(.ARM.extab* .gnu.linkonce.armextab.*)

.ARM            0x0801dd94        0x8
                0x0801dd94                        __exidx_start = .
 *(.ARM.exidx*)
 .ARM.exidx     0x0801dd94        0x8 /Applications/STM32CubeIDE.app/Contents/Eclipse/plugins/com.st.stm32cube.ide.mcu.externaltools.gnu-tools-for-stm32.12.3.rel1.macos64_1.0.200.202406191456/tools/bin/../lib/gcc/arm-none-eabi/12.3.1/../../../../arm-none-eabi/lib/thumb/v7e-m+dp/hard/libc_nano.a(libc_a-memchr.o)
 .ARM.exidx     0x0801dd9c        0x0 /Applications/STM32CubeIDE.app/Contents/Eclipse/plugins/com.st.stm32cube.ide.mcu.externaltools.gnu-tools-for-stm32.12.3.rel1.macos64_1.0.200.202406191456/tools/bin/../lib/gcc/arm-none-eabi/12.3.1/../../../../arm-none-eabi/lib/thumb/v7e-m+dp/hard/libc_nano.a(libc_a-strlen.o)
                                  0x8 (size before relaxing)
 .ARM.exidx     0x0801dd9c        0x0 /Applications/STM32CubeIDE.app/Contents/Eclipse/plugins/com.st.stm32cube.ide.mcu.externaltools.gnu-tools-for-stm32.12.3.rel1.macos64_1.0.200.202406191456/tools/bin/../lib/gcc/arm-none-eabi/12.3.1/thumb/v7e-m+dp/hard/libgcc.a(_udivmoddi4.o)
                                  0x8 (size before relaxing)
                0x0801dd9c                        __exidx_end = .

.preinit_array  0x0801dd9c        0x0
                0x0801dd9c                        PROVIDE (__preinit_array_start = .)
 *(.preinit_array*)
                0x0801dd9c                        PROVIDE (__preinit_array_end = .)

.init_array     0x0801dd9c        0x4
                0x0801dd9c                        PROVIDE (__init_array_start = .)
 *(SORT_BY_NAME(.init_array.*))
 *(.init_array*)
 .init_array    0x0801dd9c        0x4 /Applications/STM32CubeIDE.app/Contents/Eclipse/plugins/com.st.stm32cube.ide.mcu.externaltools.gnu-tools-for-stm32.12.3.rel1.macos64_1.0.200.202406191456/tools/bin/../lib/gcc/arm-none-eabi/12.3.1/thumb/v7e-m+dp/hard/crtbegin.o
                0x0801dda0                        PROVIDE (__init_array_end = .)

.fini_array     0x0801dda0        0x4
                [!provide]                        PROVIDE (__fini_array_start = .)
 *(SORT_BY_NAME(.fini_array.*))
 *(.fini_array*)
 .fini_array    0x0801dda0        0x4 /Applications/STM32CubeIDE.app/Contents/Eclipse/plugins/com.st.stm32cube.ide.mcu.externaltools.gnu-tools-for-stm32.12.3.rel1.macos64_1.0.200.202406191456/tools/bin/../lib/gcc/arm-none-eabi/12.3.1/thumb/v7e-m+dp/hard/crtbegin.o
                [!provide]                        PROVIDE (__fini_array_end = .)
                0x0801dda4                        _sidata = LOADADDR (.data)

.data           0x24000000      0x81c load address 0x0801dda4
                0x24000000                        . = ALIGN (0x4)
                0x24000000                        _sdata = .
 *(.data)
 *(.data*)
 .data.mnist_test_labels
                0x24000000        0x4 ./Core/Src/main.o
                0x24000000                mnist_test_labels
 .data.mnist_test
                0x24000004        0x4 ./Core/Src/main.o
                0x24000004                mnist_test
 .data.SystemD2Clock
                0x24000008        0x4 ./Core/Src/system_stm32h7xx.o
                0x24000008                SystemD2Clock
 .data.SystemCoreClock
                0x2400000c        0x4 ./Core/Src/system_stm32h7xx.o
                0x2400000c                SystemCoreClock
 .data.uwTickFreq
                0x24000010        0x1 ./Drivers/STM32H7xx_HAL_Driver/Src/stm32h7xx_hal.o
                0x24000010                uwTickFreq
 *fill*         0x24000011        0x3 
 .data.uwTickPrio
                0x24000014        0x4 ./Drivers/STM32H7xx_HAL_Driver/Src/stm32h7xx_hal.o
                0x24000014                uwTickPrio
 .data._ioWriteAllowed
                0x24000018        0x1 ./X-CUBE-AI/App/aiTestUtility.o
 *fill*         0x24000019        0x3 
 .data.data_activations0
                0x2400001c        0x4 ./X-CUBE-AI/App/app_x-cube-ai.o
                0x2400001c                data_activations0
 .data.g_network
                0x24000020       0x4c ./X-CUBE-AI/App/network.o
 .data.__compound_literal.78
                0x2400006c       0x18 ./X-CUBE-AI/App/network.o