Archive member included to satisfy reference by file (symbol)

/home/docker/STM32Cube/Repository/Packs/STMicroelectronics/X-CUBE-AI/1.0.0/Middlewares/ST/AI/Lib/GCC/STM32H7/NetworkRuntime910_CM7_GCC.a(ai_platform.o)
                              network.o (ai_buffer_array_item_set_address)
/home/docker/STM32Cube/Repository/Packs/STMicroelectronics/X-CUBE-AI/1.0.0/Middlewares/ST/AI/Lib/GCC/STM32H7/NetworkRuntime910_CM7_GCC.a(ai_platform_interface.o)
                              network.o (ai_platform_get_weights_map)
/home/docker/STM32Cube/Repository/Packs/STMicroelectronics/X-CUBE-AI/1.0.0/Middlewares/ST/AI/Lib/GCC/STM32H7/NetworkRuntime910_CM7_GCC.a(core_common.o)
                              /home/docker/STM32Cube/Repository/Packs/STMicroelectronics/X-CUBE-AI/1.0.0/Middlewares/ST/AI/Lib/GCC/STM32H7/NetworkRuntime910_CM7_GCC.a(ai_platform_interface.o) (core_init)
/home/docker/STM32Cube/Repository/Packs/STMicroelectronics/X-CUBE-AI/1.0.0/Middlewares/ST/AI/Lib/GCC/STM32H7/NetworkRuntime910_CM7_GCC.a(core_mem_manager.o)
                              /home/docker/STM32Cube/Repository/Packs/STMicroelectronics/X-CUBE-AI/1.0.0/Middlewares/ST/AI/Lib/GCC/STM32H7/NetworkRuntime910_CM7_GCC.a(ai_platform_interface.o) (core_mem_alloc)
/home/docker/STM32Cube/Repository/Packs/STMicroelectronics/X-CUBE-AI/1.0.0/Middlewares/ST/AI/Lib/GCC/STM32H7/NetworkRuntime910_CM7_GCC.a(layers.o)
                              /home/docker/STM32Cube/Repository/Packs/STMicroelectronics/X-CUBE-AI/1.0.0/Middlewares/ST/AI/Lib/GCC/STM32H7/NetworkRuntime910_CM7_GCC.a(ai_platform_interface.o) (ai_check_custom_types)
/home/docker/STM32Cube/Repository/Packs/STMicroelectronics/X-CUBE-AI/1.0.0/Middlewares/ST/AI/Lib/GCC/STM32H7/NetworkRuntime910_CM7_GCC.a(layers_conv2d_stm32_integer.o)
                              network.o (forward_dense_integer_SSSA_ch)
/home/docker/STM32Cube/Repository/Packs/STMicroelectronics/X-CUBE-AI/1.0.0/Middlewares/ST/AI/Lib/GCC/STM32H7/NetworkRuntime910_CM7_GCC.a(layers_conv2d_integer_scratch.o)
                              /home/docker/STM32Cube/Repository/Packs/STMicroelectronics/X-CUBE-AI/1.0.0/Middlewares/ST/AI/Lib/GCC/STM32H7/NetworkRuntime910_CM7_GCC.a(layers.o) (get_conv2d_scratch_size)
/home/docker/STM32Cube/Repository/Packs/STMicroelectronics/X-CUBE-AI/1.0.0/Middlewares/ST/AI/Lib/GCC/STM32H7/NetworkRuntime910_CM7_GCC.a(forward_lite_dense_is8os8ws8.o)
                              /home/docker/STM32Cube/Repository/Packs/STMicroelectronics/X-CUBE-AI/1.0.0/Middlewares/ST/AI/Lib/GCC/STM32H7/NetworkRuntime910_CM7_GCC.a(layers_conv2d_stm32_integer.o) (forward_lite_dense_is8os8ws8)
/home/docker/STM32Cube/Repository/Packs/STMicroelectronics/X-CUBE-AI/1.0.0/Middlewares/ST/AI/Lib/GCC/STM32H7/NetworkRuntime910_CM7_GCC.a(st_align_factor.o)
                              /home/docker/STM32Cube/Repository/Packs/STMicroelectronics/X-CUBE-AI/1.0.0/Middlewares/ST/AI/Lib/GCC/STM32H7/NetworkRuntime910_CM7_GCC.a(layers_conv2d_stm32_integer.o) (align_factor)
/home/docker/STM32Cube/Repository/Packs/STMicroelectronics/X-CUBE-AI/1.0.0/Middlewares/ST/AI/Lib/GCC/STM32H7/NetworkRuntime910_CM7_GCC.a(st_sssa8_convolve.o)
                              /home/docker/STM32Cube/Repository/Packs/STMicroelectronics/X-CUBE-AI/1.0.0/Middlewares/ST/AI/Lib/GCC/STM32H7/NetworkRuntime910_CM7_GCC.a(layers_conv2d_stm32_integer.o) (st_sssa8_convolve_rank1upd)
/home/docker/STM32Cube/Repository/Packs/STMicroelectronics/X-CUBE-AI/1.0.0/Middlewares/ST/AI/Lib/GCC/STM32H7/NetworkRuntime910_CM7_GCC.a(st_sssa8_convolve_1x1.o)
                              /home/docker/STM32Cube/Repository/Packs/STMicroelectronics/X-CUBE-AI/1.0.0/Middlewares/ST/AI/Lib/GCC/STM32H7/NetworkRuntime910_CM7_GCC.a(layers_conv2d_stm32_integer.o) (st_sssa8_convolve_1x1_WeightsPrefetch)
/home/docker/STM32Cube/Repository/Packs/STMicroelectronics/X-CUBE-AI/1.0.0/Middlewares/ST/AI/Lib/GCC/STM32H7/NetworkRuntime910_CM7_GCC.a(st_sssa8_convolve_dw.o)
                              /home/docker/STM32Cube/Repository/Packs/STMicroelectronics/X-CUBE-AI/1.0.0/Middlewares/ST/AI/Lib/GCC/STM32H7/NetworkRuntime910_CM7_GCC.a(layers_conv2d_stm32_integer.o) (st_sssa8_conv_dw_Wadapt)
/home/docker/STM32Cube/Repository/Packs/STMicroelectronics/X-CUBE-AI/1.0.0/Middlewares/ST/AI/Lib/GCC/STM32H7/NetworkRuntime910_CM7_GCC.a(st_sssa8_convolve_rgb.o)
                              /home/docker/STM32Cube/Repository/Packs/STMicroelectronics/X-CUBE-AI/1.0.0/Middlewares/ST/AI/Lib/GCC/STM32H7/NetworkRuntime910_CM7_GCC.a(layers_conv2d_stm32_integer.o) (st_sssa8_convolve_rgb)
/home/docker/STM32Cube/Repository/Packs/STMicroelectronics/X-CUBE-AI/1.0.0/Middlewares/ST/AI/Lib/GCC/STM32H7/NetworkRuntime910_CM7_GCC.a(st_ssua8_ch_convolve.o)
                              /home/docker/STM32Cube/Repository/Packs/STMicroelectronics/X-CUBE-AI/1.0.0/Middlewares/ST/AI/Lib/GCC/STM32H7/NetworkRuntime910_CM7_GCC.a(layers_conv2d_stm32_integer.o) (st_ssua8_ch_convolve_rank1upd)
[...]
Memory Configuration

Name             Origin             Length             Attributes
RAM              0x20000000         0x02000000         xrw
FLASH            0x08000000         0x02000000         xr
*default*        0x00000000         0xffffffff

Linker script and memory map

LOAD /opt/st/stm32cubeide_1.15.0/plugins/com.st.stm32cube.ide.mcu.externaltools.gnu-tools-for-stm32.12.3.rel1.linux64_1.0.100.202403111256/tools/bin/../lib/gcc/arm-none-eabi/12.3.1/thumb/v7e-m+dp/hard/crti.o
LOAD /opt/st/stm32cubeide_1.15.0/plugins/com.st.stm32cube.ide.mcu.externaltools.gnu-tools-for-stm32.12.3.rel1.linux64_1.0.100.202403111256/tools/bin/../lib/gcc/arm-none-eabi/12.3.1/thumb/v7e-m+dp/hard/crtbegin.o
LOAD /opt/st/stm32cubeide_1.15.0/plugins/com.st.stm32cube.ide.mcu.externaltools.gnu-tools-for-stm32.12.3.rel1.linux64_1.0.100.202403111256/tools/bin/../lib/gcc/arm-none-eabi/12.3.1/../../../../arm-none-eabi/lib/thumb/v7e-m+dp/hard/crt0.o
START GROUP
LOAD /opt/st/stm32cubeide_1.15.0/plugins/com.st.stm32cube.ide.mcu.externaltools.gnu-tools-for-stm32.12.3.rel1.linux64_1.0.100.202403111256/tools/bin/../lib/gcc/arm-none-eabi/12.3.1/../../../../arm-none-eabi/lib/thumb/v7e-m+dp/hard/libm.a
END GROUP
LOAD network_data_params.o
LOAD syscalls.o
LOAD stedgeai_app_main.o
LOAD sysmem.o
LOAD network_data.o
LOAD startup_stm32xx.o
LOAD network.o
LOAD /home/docker/STM32Cube/Repository/Packs/STMicroelectronics/X-CUBE-AI/1.0.0/Middlewares/ST/AI/Lib/GCC/STM32H7/NetworkRuntime910_CM7_GCC.a
START GROUP
LOAD /opt/st/stm32cubeide_1.15.0/plugins/com.st.stm32cube.ide.mcu.externaltools.gnu-tools-for-stm32.12.3.rel1.linux64_1.0.100.202403111256/tools/bin/../lib/gcc/arm-none-eabi/12.3.1/thumb/v7e-m+dp/hard/libgcc.a
LOAD /opt/st/stm32cubeide_1.15.0/plugins/com.st.stm32cube.ide.mcu.externaltools.gnu-tools-for-stm32.12.3.rel1.linux64_1.0.100.202403111256/tools/bin/../lib/gcc/arm-none-eabi/12.3.1/../../../../arm-none-eabi/lib/thumb/v7e-m+dp/hard/libc_nano.a
END GROUP
START GROUP
LOAD /opt/st/stm32cubeide_1.15.0/plugins/com.st.stm32cube.ide.mcu.externaltools.gnu-tools-for-stm32.12.3.rel1.linux64_1.0.100.202403111256/tools/bin/../lib/gcc/arm-none-eabi/12.3.1/thumb/v7e-m+dp/hard/libgcc.a
LOAD /opt/st/stm32cubeide_1.15.0/plugins/com.st.stm32cube.ide.mcu.externaltools.gnu-tools-for-stm32.12.3.rel1.linux64_1.0.100.202403111256/tools/bin/../lib/gcc/arm-none-eabi/12.3.1/../../../../arm-none-eabi/lib/thumb/v7e-m+dp/hard/libc_nano.a
END GROUP
LOAD /opt/st/stm32cubeide_1.15.0/plugins/com.st.stm32cube.ide.mcu.externaltools.gnu-tools-for-stm32.12.3.rel1.linux64_1.0.100.202403111256/tools/bin/../lib/gcc/arm-none-eabi/12.3.1/thumb/v7e-m+dp/hard/crtend.o
LOAD /opt/st/stm32cubeide_1.15.0/plugins/com.st.stm32cube.ide.mcu.externaltools.gnu-tools-for-stm32.12.3.rel1.linux64_1.0.100.202403111256/tools/bin/../lib/gcc/arm-none-eabi/12.3.1/thumb/v7e-m+dp/hard/crtn.o
                0x21000000                        _estack = 0x21000000
                0x00002000                        _Min_Heap_Size = 0x2000
                0x00001000                        _Min_Stack_Size = 0x1000

.isr_vector     0x08000000       0x40
                0x08000000                        . = ALIGN (0x4)
 *(.isr_vector)
 .isr_vector    0x08000000       0x40 startup_stm32xx.o
                0x08000000                g_pfnVectors
                0x08000040                        . = ALIGN (0x4)

.text           0x08000040     0x1b0c
                0x08000040                        . = ALIGN (0x4)
 *(.text)
 .text          0x08000040       0x40 /opt/st/stm32cubeide_1.15.0/plugins/com.st.stm32cube.ide.mcu.externaltools.gnu-tools-for-stm32.12.3.rel1.linux64_1.0.100.202403111256/tools/bin/../lib/gcc/arm-none-eabi/12.3.1/thumb/v7e-m+dp/hard/crtbegin.o
 *(.text*)
 .text.aiInit   0x08000080       0x40 stedgeai_app_main.o
                0x08000080                aiInit
 .text.aiRun    0x080000c0       0x1c stedgeai_app_main.o
                0x080000c0                aiRun
 .text.main_loop
                0x080000dc        0xc stedgeai_app_main.o
                0x080000dc                main_loop
 .text.SystemInit
                0x080000e8        0x2 stedgeai_app_main.o
                0x080000e8                SystemInit
 .text.startup.main
                0x080000ea        0x6 stedgeai_app_main.o
                0x080000ea                main
 .text.ai_network_data_params_get
                0x080000f0       0x30 network_data.o
                0x080000f0                ai_network_data_params_get
 .text.Reset_Handler
                0x08000120       0x50 startup_stm32xx.o
                0x08000120                Reset_Handler
 .text.Default_Handler
                0x08000170        0x2 startup_stm32xx.o
                0x08000170                DebugMon_Handler
                0x08000170                HardFault_Handler
                0x08000170                SysTick_Handler
                0x08000170                PendSV_Handler
                0x08000170                NMI_Handler
                0x08000170                UsageFault_Handler
                0x08000170                Default_Handler
                0x08000170                MemManage_Handler
                0x08000170                SVC_Handler
                0x08000170                BusFault_Handler
 *fill*         0x08000172        0x2 
 .text.ai_network_create
                0x08000174       0x1c network.o
                0x08000174                ai_network_create
 .text.ai_network_inputs_get
                0x08000190       0x14 network.o
                0x08000190                ai_network_inputs_get
 .text.ai_network_outputs_get
                0x080001a4       0x14 network.o
                0x080001a4                ai_network_outputs_get
 .text.ai_network_init
                0x080001b8      0x134 network.o
                0x080001b8                ai_network_init
 .text.ai_network_create_and_init
                0x080002ec       0x92 network.o
                0x080002ec                ai_network_create_and_init
 .text.ai_network_run
                0x0800037e        0x4 network.o
                0x0800037e                ai_network_run
 *fill*         0x08000382        0x2 
 .text.ai_buffer_get_size
                0x08000384       0x68 /home/docker/STM32Cube/Repository/Packs/STMicroelectronics/X-CUBE-AI/1.0.0/Middlewares/ST/AI/Lib/GCC/STM32H7/NetworkRuntime910_CM7_GCC.a(ai_platform.o)
                0x08000384                ai_buffer_get_size
 .text.ai_buffer_array_sane
                0x080003ec       0x14 /home/docker/STM32Cube/Repository/Packs/STMicroelectronics/X-CUBE-AI/1.0.0/Middlewares/ST/AI/Lib/GCC/STM32H7/NetworkRuntime910_CM7_GCC.a(ai_platform.o)
                0x080003ec                ai_buffer_array_sane
 .text.ai_buffer_array_item_set_address
                0x08000400       0x20 /home/docker/STM32Cube/Repository/Packs/STMicroelectronics/X-CUBE-AI/1.0.0/Middlewares/ST/AI/Lib/GCC/STM32H7/NetworkRuntime910_CM7_GCC.a(ai_platform.o)
                0x08000400                ai_buffer_array_item_set_address
 .text.ai_platform_get_weights_map
                0x08000420       0xb0 /home/docker/STM32Cube/Repository/Packs/STMicroelectronics/X-CUBE-AI/1.0.0/Middlewares/ST/AI/Lib/GCC/STM32H7/NetworkRuntime910_CM7_GCC.a(ai_platform_interface.o)
                0x08000420                ai_platform_get_weights_map
 .text.ai_platform_get_activations_map
                0x080004d0       0xb0 /home/docker/STM32Cube/Repository/Packs/STMicroelectronics/X-CUBE-AI/1.0.0/Middlewares/ST/AI/Lib/GCC/STM32H7/NetworkRuntime910_CM7_GCC.a(ai_platform_interface.o)
                0x080004d0                ai_platform_get_activations_map
 .text.ai_platform_bind_network_params
                0x08000580       0x34 /home/docker/STM32Cube/Repository/Packs/STMicroelectronics/X-CUBE-AI/1.0.0/Middlewares/ST/AI/Lib/GCC/STM32H7/NetworkRuntime910_CM7_GCC.a(ai_platform_interface.o)
                0x08000580                ai_platform_bind_network_params
 .text.ai_platform_network_get_error
                0x080005b4       0x18 /home/docker/STM32Cube/Repository/Packs/STMicroelectronics/X-CUBE-AI/1.0.0/Middlewares/ST/AI/Lib/GCC/STM32H7/NetworkRuntime910_CM7_GCC.a(ai_platform_interface.o)
                0x080005b4                ai_platform_network_get_error
 .text.ai_platform_network_set_error
                0x080005cc        0xc /home/docker/STM32Cube/Repository/Packs/STMicroelectronics/X-CUBE-AI/1.0.0/Middlewares/ST/AI/Lib/GCC/STM32H7/NetworkRuntime910_CM7_GCC.a(ai_platform_interface.o)
                0x080005cc                ai_platform_network_set_error
 .text.ai_platform_inputs_get
                0x080005d8       0xf0 /home/docker/STM32Cube/Repository/Packs/STMicroelectronics/X-CUBE-AI/1.0.0/Middlewares/ST/AI/Lib/GCC/STM32H7/NetworkRuntime910_CM7_GCC.a(ai_platform_interface.o)
                0x080005d8                ai_platform_inputs_get
 .text.ai_platform_outputs_get
                0x080006c8       0xec /home/docker/STM32Cube/Repository/Packs/STMicroelectronics/X-CUBE-AI/1.0.0/Middlewares/ST/AI/Lib/GCC/STM32H7/NetworkRuntime910_CM7_GCC.a(ai_platform_interface.o)
                0x080006c8                ai_platform_outputs_get
 .text.ai_platform_network_create
                0x080007b4       0x84 /home/docker/STM32Cube/Repository/Packs/STMicroelectronics/X-CUBE-AI/1.0.0/Middlewares/ST/AI/Lib/GCC/STM32H7/NetworkRuntime910_CM7_GCC.a(ai_platform_interface.o)
                0x080007b4                ai_platform_network_create
 .text.ai_platform_network_init
                0x08000838      0x180 /home/docker/STM32Cube/Repository/Packs/STMicroelectronics/X-CUBE-AI/1.0.0/Middlewares/ST/AI/Lib/GCC/STM32H7/NetworkRuntime910_CM7_GCC.a(ai_platform_interface.o)
                0x08000838                ai_platform_network_init
 .text.ai_platform_network_post_init
                0x080009b8       0x60 /home/docker/STM32Cube/Repository/Packs/STMicroelectronics/X-CUBE-AI/1.0.0/Middlewares/ST/AI/Lib/GCC/STM32H7/NetworkRuntime910_CM7_GCC.a(ai_platform_interface.o)
                0x080009b8                ai_platform_network_post_init
 .text.ai_platform_network_process
                0x08000a18      0x48c /home/docker/STM32Cube/Repository/Packs/STMicroelectronics/X-CUBE-AI/1.0.0/Middlewares/ST/AI/Lib/GCC/STM32H7/NetworkRuntime910_CM7_GCC.a(ai_platform_interface.o)
                0x08000a18                ai_platform_network_process
 .text.core_init
                0x08000ea4        0x4 /home/docker/STM32Cube/Repository/Packs/STMicroelectronics/X-CUBE-AI/1.0.0/Middlewares/ST/AI/Lib/GCC/STM32H7/NetworkRuntime910_CM7_GCC.a(core_common.o)
                0x08000ea4                core_init
 .text.core_get_error
                0x08000ea8        0xc /home/docker/STM32Cube/Repository/Packs/STMicroelectronics/X-CUBE-AI/1.0.0/Middlewares/ST/AI/Lib/GCC/STM32H7/NetworkRuntime910_CM7_GCC.a(core_common.o)
                0x08000ea8                core_get_error
 .text.core_set_error
                0x08000eb4       0x18 /home/docker/STM32Cube/Repository/Packs/STMicroelectronics/X-CUBE-AI/1.0.0/Middlewares/ST/AI/Lib/GCC/STM32H7/NetworkRuntime910_CM7_GCC.a(core_common.o)
                0x08000eb4                core_set_error
 .text.ai_check_custom_types
                0x08000ecc       0x50 /home/docker/STM32Cube/Repository/Packs/STMicroelectronics/X-CUBE-AI/1.0.0/Middlewares/ST/AI/Lib/GCC/STM32H7/NetworkRuntime910_CM7_GCC.a(layers.o)
                0x08000ecc                ai_check_custom_types
 .text.ai_layers_init_all
                0x08000f1c       0x1c /home/docker/STM32Cube/Repository/Packs/STMicroelectronics/X-CUBE-AI/1.0.0/Middlewares/ST/AI/Lib/GCC/STM32H7/NetworkRuntime910_CM7_GCC.a(layers.o)
                0x08000f1c                ai_layers_init_all
 .text.ai_layers_post_init_all
                0x08000f38       0x28 /home/docker/STM32Cube/Repository/Packs/STMicroelectronics/X-CUBE-AI/1.0.0/Middlewares/ST/AI/Lib/GCC/STM32H7/NetworkRuntime910_CM7_GCC.a(layers.o)
                0x08000f38                ai_layers_post_init_all
 .text.ai_layers_forward_all
                0x08000f60       0x90 /home/docker/STM32Cube/Repository/Packs/STMicroelectronics/X-CUBE-AI/1.0.0/Middlewares/ST/AI/Lib/GCC/STM32H7/NetworkRuntime910_CM7_GCC.a(layers.o)
                0x08000f60                ai_layers_forward_all
 .text.forward_dense_integer_SSSA_ch
                0x08000ff0      0x2b4 /home/docker/STM32Cube/Repository/Packs/STMicroelectronics/X-CUBE-AI/1.0.0/Middlewares/ST/AI/Lib/GCC/STM32H7/NetworkRuntime910_CM7_GCC.a(layers_conv2d_stm32_integer.o)
                0x08000ff0                forward_dense_integer_SSSA_ch
 .text.align_factor_ch
                0x080012a4       0x60 /home/docker/STM32Cube/Repository/Packs/STMicroelectronics/X-CUBE-AI/1.0.0/Middlewares/ST/AI/Lib/GCC/STM32H7/NetworkRuntime910_CM7_GCC.a(st_align_factor.o)
                0x080012a4                align_factor_ch
 .text.st_sssa8_ch_fully_connected
                0x08001304      0x530 /home/docker/STM32Cube/Repository/Packs/STMicroelectronics/X-CUBE-AI/1.0.0/Middlewares/ST/AI/Lib/GCC/STM32H7/NetworkRuntime910_CM7_GCC.a(st_sssa8_ch_dense.o)
                0x08001304                st_sssa8_ch_fully_connected
 .text.st_int8_copy
                0x08001834      0x110 /home/docker/STM32Cube/Repository/Packs/STMicroelectronics/X-CUBE-AI/1.0.0/Middlewares/ST/AI/Lib/GCC/STM32H7/NetworkRuntime910_CM7_GCC.a(st_int8_fill.o)
                0x08001834                st_int8_copy
 .text.st_int8_reordered_no_shift_zero
                0x08001944       0x6c /home/docker/STM32Cube/Repository/Packs/STMicroelectronics/X-CUBE-AI/1.0.0/Middlewares/ST/AI/Lib/GCC/STM32H7/NetworkRuntime910_CM7_GCC.a(st_int8_reordered_no_shift.o)
                0x08001944                st_int8_reordered_no_shift_zero
 .text.ai_array_to_buffer_fmt
                0x080019b0       0xe0 /home/docker/STM32Cube/Repository/Packs/STMicroelectronics/X-CUBE-AI/1.0.0/Middlewares/ST/AI/Lib/GCC/STM32H7/NetworkRuntime910_CM7_GCC.a(ai_datatypes_format.o)
                0x080019b0                ai_array_to_buffer_fmt
 .text.ai_array_get_data_byte_size
                0x08001a90       0x24 /home/docker/STM32Cube/Repository/Packs/STMicroelectronics/X-CUBE-AI/1.0.0/Middlewares/ST/AI/Lib/GCC/STM32H7/NetworkRuntime910_CM7_GCC.a(ai_datatypes_format.o)
                0x08001a90                ai_array_get_data_byte_size
 .text.ai_version_get
                0x08001ab4        0xc /home/docker/STM32Cube/Repository/Packs/STMicroelectronics/X-CUBE-AI/1.0.0/Middlewares/ST/AI/Lib/GCC/STM32H7/NetworkRuntime910_CM7_GCC.a(ai_datatypes_internal.o)
                0x08001ab4                ai_version_get
 .text.get_tensor_byte_size
                0x08001ac0       0x2c /home/docker/STM32Cube/Repository/Packs/STMicroelectronics/X-CUBE-AI/1.0.0/Middlewares/ST/AI/Lib/GCC/STM32H7/NetworkRuntime910_CM7_GCC.a(ai_datatypes_internal.o)
                0x08001ac0                get_tensor_byte_size
 .text.__libc_init_array
                0x08001aec       0x48 /opt/st/stm32cubeide_1.15.0/plugins/com.st.stm32cube.ide.mcu.externaltools.gnu-tools-for-stm32.12.3.rel1.linux64_1.0.100.202403111256/tools/bin/../lib/gcc/arm-none-eabi/12.3.1/../../../../arm-none-eabi/lib/thumb/v7e-m+dp/hard/libc_nano.a(libc_a-init.o)
                0x08001aec                __libc_init_array
 *(.glue_7)
 .glue_7        0x08001b34        0x0 linker stubs
 *(.glue_7t)
 .glue_7t       0x08001b34        0x0 linker stubs
 *(.eh_frame)
 .eh_frame      0x08001b34        0x0 /opt/st/stm32cubeide_1.15.0/plugins/com.st.stm32cube.ide.mcu.externaltools.gnu-tools-for-stm32.12.3.rel1.linux64_1.0.100.202403111256/tools/bin/../lib/gcc/arm-none-eabi/12.3.1/thumb/v7e-m+dp/hard/crtbegin.o
 *(.init)
 .init          0x08001b34        0x4 /opt/st/stm32cubeide_1.15.0/plugins/com.st.stm32cube.ide.mcu.externaltools.gnu-tools-for-stm32.12.3.rel1.linux64_1.0.100.202403111256/tools/bin/../lib/gcc/arm-none-eabi/12.3.1/thumb/v7e-m+dp/hard/crti.o
                0x08001b34                _init
 .init          0x08001b38        0x8 /opt/st/stm32cubeide_1.15.0/plugins/com.st.stm32cube.ide.mcu.externaltools.gnu-tools-for-stm32.12.3.rel1.linux64_1.0.100.202403111256/tools/bin/../lib/gcc/arm-none-eabi/12.3.1/thumb/v7e-m+dp/hard/crtn.o
 *(.fini)
 .fini          0x08001b40        0x4 /opt/st/stm32cubeide_1.15.0/plugins/com.st.stm32cube.ide.mcu.externaltools.gnu-tools-for-stm32.12.3.rel1.linux64_1.0.100.202403111256/tools/bin/../lib/gcc/arm-none-eabi/12.3.1/thumb/v7e-m+dp/hard/crti.o
                0x08001b40                _fini
 .fini          0x08001b44        0x8 /opt/st/stm32cubeide_1.15.0/plugins/com.st.stm32cube.ide.mcu.externaltools.gnu-tools-for-stm32.12.3.rel1.linux64_1.0.100.202403111256/tools/bin/../lib/gcc/arm-none-eabi/12.3.1/thumb/v7e-m+dp/hard/crtn.o
                0x08001b4c                        . = ALIGN (0x4)
                0x08001b4c                        _etext = .

.vfp11_veneer   0x08001b4c        0x0
 .vfp11_veneer  0x08001b4c        0x0 linker stubs

.v4_bx          0x08001b4c        0x0
 .v4_bx         0x08001b4c        0x0 linker stubs

.iplt           0x08001b4c        0x0
 .iplt          0x08001b4c        0x0 /opt/st/stm32cubeide_1.15.0/plugins/com.st.stm32cube.ide.mcu.externaltools.gnu-tools-for-stm32.12.3.rel1.linux64_1.0.100.202403111256/tools/bin/../lib/gcc/arm-none-eabi/12.3.1/thumb/v7e-m+dp/hard/crtbegin.o

.rodata         0x08001b60    0x1b27c
                0x08001b60                        . = ALIGN (0x4)
 *(.rodata)
 .rodata        0x08001b60       0x10 network_data.o
 *(.rodata*)
 *fill*         0x08001b70       0x10 
 .rodata.s_network_output_QuantizeLinear_Input_bias_array_u64
                0x08001b80       0x28 network_data_params.o
                0x08001b80                s_network_output_QuantizeLinear_Input_bias_array_u64
 *fill*         0x08001ba8       0x18 
 .rodata.s_network_output_QuantizeLinear_Input_weights_array_u64
                0x08001bc0      0x280 network_data_params.o
                0x08001bc0                s_network_output_QuantizeLinear_Input_weights_array_u64
 .rodata.s_network__Relu_1_output_0_bias_array_u64
                0x08001e40      0x100 network_data_params.o
                0x08001e40                s_network__Relu_1_output_0_bias_array_u64
 .rodata.s_network__Relu_1_output_0_weights_array_u64
                0x08001f40     0x2000 network_data_params.o
                0x08001f40                s_network__Relu_1_output_0_weights_array_u64
 .rodata.s_network__Relu_output_0_bias_array_u64
                0x08003f40      0x200 network_data_params.o
                0x08003f40                s_network__Relu_output_0_bias_array_u64
 .rodata.s_network__Relu_output_0_weights_array_u64
                0x08004140    0x18800 network_data_params.o
                0x08004140                s_network__Relu_output_0_weights_array_u64
 .rodata._Relu_output_0_chain
                0x0801c940        0x8 network.o
 .rodata._Relu_1_output_0_chain
                0x0801c948        0x8 network.o
 .rodata.output_QuantizeLinear_Input_chain
                0x0801c950        0x8 network.o
 .rodata.input_output_array_intq
                0x0801c958        0x8 network.o
 .rodata.__compound_literal.20
                0x0801c960        0x8 network.o
 .rodata.__compound_literal.19
                0x0801c968        0x1 network.o
 *fill*         0x0801c969        0x3 
 .rodata.__compound_literal.18
                0x0801c96c        0x4 network.o
 .rodata.output_QuantizeLinear_Input_weights_array_intq
                0x0801c970        0x8 network.o
 .rodata.__compound_literal.17
                0x0801c978        0x8 network.o
 .rodata.__compound_literal.16
                0x0801c980        0xa network.o
 *fill*         0x0801c98a        0x2 
 .rodata.__compound_literal.15
                0x0801c98c       0x28 network.o
 .rodata._Relu_1_output_0_weights_array_intq
                0x0801c9b4        0x8 network.o
 .rodata.__compound_literal.14
                0x0801c9bc        0x8 network.o
 .rodata.__compound_literal.13
                0x0801c9c4       0x40 network.o
 .rodata.__compound_literal.12
                0x0801ca04      0x100 network.o
 .rodata._Relu_output_0_weights_array_intq
                0x0801cb04        0x8 network.o
 .rodata.__compound_literal.11
                0x0801cb0c        0x8 network.o
 .rodata.__compound_literal.10
                0x0801cb14       0x80 network.o
 .rodata.__compound_literal.9
                0x0801cb94      0x200 network.o
 .rodata.output_QuantizeLinear_Input_output_array_intq
                0x0801cd94        0x8 network.o
 .rodata.__compound_literal.8
                0x0801cd9c        0x8 network.o
 .rodata.__compound_literal.7
                0x0801cda4        0x1 network.o
 *fill*         0x0801cda5        0x3 
 .rodata.__compound_literal.6
                0x0801cda8        0x4 network.o
 .rodata._Relu_1_output_0_output_array_intq
                0x0801cdac        0x8 network.o
 .rodata.__compound_literal.5
                0x0801cdb4        0x8 network.o
 .rodata.__compound_literal.4
                0x0801cdbc        0x1 network.o
 *fill*         0x0801cdbd        0x3 
 .rodata.__compound_literal.3
                0x0801cdc0        0x4 network.o
 .rodata._Relu_output_0_output_array_intq
                0x0801cdc4        0x8 network.o
 .rodata.__compound_literal.2
                0x0801cdcc        0x8 network.o
 .rodata.__compound_literal.1
                0x0801cdd4        0x1 network.o
 *fill*         0x0801cdd5        0x3 
 .rodata.__compound_literal.0
                0x0801cdd8        0x4 network.o
                0x0801cddc                        . = ALIGN (0x4)

.rel.dyn        0x0801cddc        0x0
 .rel.iplt      0x0801cddc        0x0 /opt/st/stm32cubeide_1.15.0/plugins/com.st.stm32cube.ide.mcu.externaltools.gnu-tools-for-stm32.12.3.rel1.linux64_1.0.100.202403111256/tools/bin/../lib/gcc/arm-none-eabi/12.3.1/thumb/v7e-m+dp/hard/crtbegin.o

.ARM.extab      0x0801cddc        0x0
                0x0801cddc                        . = ALIGN (0x4)
 *(.ARM.extab* .gnu.linkonce.armextab.*)
                0x0801cddc                        . = ALIGN (0x4)

.ARM            0x0801cddc        0x0
                0x0801cddc                        . = ALIGN (0x4)
                0x0801cddc                        __exidx_start = .
 *(.ARM.exidx*)
                0x0801cddc                        __exidx_end = .
                0x0801cddc                        . = ALIGN (0x4)

.preinit_array  0x0801cddc        0x0
                0x0801cddc                        . = ALIGN (0x4)
                0x0801cddc                        PROVIDE (__preinit_array_start = .)
 *(.preinit_array*)
                0x0801cddc                        PROVIDE (__preinit_array_end = .)
                0x0801cddc                        . = ALIGN (0x4)

.init_array     0x0801cddc        0x4
                0x0801cddc                        . = ALIGN (0x4)
                0x0801cddc                        PROVIDE (__init_array_start = .)
 *(SORT_BY_NAME(.init_array.*))
 *(.init_array*)
 .init_array    0x0801cddc        0x4 /opt/st/stm32cubeide_1.15.0/plugins/com.st.stm32cube.ide.mcu.externaltools.gnu-tools-for-stm32.12.3.rel1.linux64_1.0.100.202403111256/tools/bin/../lib/gcc/arm-none-eabi/12.3.1/thumb/v7e-m+dp/hard/crtbegin.o
                0x0801cde0                        PROVIDE (__init_array_end = .)
                0x0801cde0                        . = ALIGN (0x4)

.fini_array     0x0801cde0        0x4
                0x0801cde0                        . = ALIGN (0x4)
                [!provide]                        PROVIDE (__fini_array_start = .)
 *(SORT_BY_NAME(.fini_array.*))
 *(.fini_array*)
 .fini_array    0x0801cde0        0x4 /opt/st/stm32cubeide_1.15.0/plugins/com.st.stm32cube.ide.mcu.externaltools.gnu-tools-for-stm32.12.3.rel1.linux64_1.0.100.202403111256/tools/bin/../lib/gcc/arm-none-eabi/12.3.1/thumb/v7e-m+dp/hard/crtbegin.o
                [!provide]                        PROVIDE (__fini_array_end = .)
                0x0801cde4                        . = ALIGN (0x4)
                0x0801cde4                        _sidata = LOADADDR (.data)

.data           0x20000000      0x748 load address 0x0801cde4
                0x20000000                        . = ALIGN (0x4)
                0x20000000                        _sdata = .
 *(.data)
 *(.data*)
 .data.g_network_data_map_weights
                0x20000000       0xa8 network_data.o
                0x20000000                g_network_data_map_weights
 .data.__compound_literal.6
                0x200000a8       0x10 network_data.o
 .data.__compound_literal.5
                0x200000b8       0x10 network_data.o
 .data.__compound_literal.4
                0x200000c8       0x10 network_data.o
 .data.__compound_literal.3
                0x200000d8       0x10 network_data.o
 .data.__compound_literal.2
                0x200000e8       0x10 network_data.o
 .data.__compound_literal.1
                0x200000f8       0x10 network_data.o
 .data.g_network_data_map_activations
                0x20000108       0x1c network_data.o
                0x20000108                g_network_data_map_activations
 .data.__compound_literal.0
                0x20000124       0x10 network_data.o
 .data.g_network
                0x20000134       0x4c network.o
 .data.__compound_literal.78
                0x20000180       0x18 network.o
 .data.__compound_literal.77
                0x20000198        0xc network.o
 .data.__compound_literal.73
                0x200001a4        0x4 network.o
 .data.__compound_literal.72
                0x200001a8        0xc network.o
 .data.__compound_literal.68
                0x200001b4        0x4 network.o
 .data.__compound_literal.67
                0x200001b8       0x1c network.o
 .data.__compound_literal.66
                0x200001d4       0x10 network.o
 .data.__compound_literal.65
                0x200001e4       0x1c network.o
 .data.__compound_literal.64
                0x20000200       0x10 network.o
 .data._Relu_output_0_layer
                0x20000210       0x1c network.o
 .data.__compound_literal.63
                0x2000022c       0x30 network.o
 .data.__compound_literal.62
                0x2000025c        0x4 network.o
 .data.__compound_literal.61
                0x20000260        0x8 network.o
 .data.__compound_literal.60
                0x20000268        0x4 network.o
 .data.__compound_literal.59
                0x2000026c        0x4 network.o
 .data._Relu_1_output_0_layer
                0x20000270       0x1c network.o
 .data.__compound_literal.58
                0x2000028c       0x30 network.o
 .data.__compound_literal.57
                0x200002bc        0x4 network.o
 .data.__compound_literal.56
                0x200002c0        0x8 network.o
 .data.__compound_literal.55
                0x200002c8        0x4 network.o
 .data.__compound_literal.54
                0x200002cc        0x4 network.o
 .data.output_QuantizeLinear_Input_layer
                0x200002d0       0x1c network.o
 .data.__compound_literal.53
                0x200002ec       0x30 network.o
 .data.__compound_literal.52
                0x2000031c        0x4 network.o
 .data.__compound_literal.51
                0x20000320        0x8 network.o
 .data.__compound_literal.50
                0x20000328        0x4 network.o
 .data.__compound_literal.49
                0x2000032c        0x4 network.o
 .data.input_output0
                0x20000330       0x1c network.o
 .data.__compound_literal.48
                0x2000034c       0x10 network.o
 .data.__compound_literal.47
                0x2000035c       0x10 network.o
 .data.input_output
                0x2000036c       0x1c network.o
 .data.__compound_literal.46
                0x20000388       0x10 network.o
 .data.__compound_literal.45
                0x20000398       0x10 network.o
 .data._Relu_output_0_scratch0
                0x200003a8       0x1c network.o
 .data.__compound_literal.44
                0x200003c4       0x10 network.o
 .data.__compound_literal.43
                0x200003d4       0x10 network.o
 .data.output_QuantizeLinear_Input_bias
                0x200003e4       0x1c network.o
 .data.__compound_literal.42
                0x20000400       0x10 network.o
 .data.__compound_literal.41
                0x20000410       0x10 network.o
 .data.output_QuantizeLinear_Input_weights
                0x20000420       0x1c network.o
 .data.__compound_literal.40
                0x2000043c       0x10 network.o
 .data.__compound_literal.39
                0x2000044c       0x10 network.o
 .data._Relu_1_output_0_bias
                0x2000045c       0x1c network.o
 .data.__compound_literal.38
                0x20000478       0x10 network.o
 .data.__compound_literal.37
                0x20000488       0x10 network.o
 .data._Relu_1_output_0_weights
                0x20000498       0x1c network.o
 .data.__compound_literal.36
                0x200004b4       0x10 network.o
 .data.__compound_literal.35
                0x200004c4       0x10 network.o
 .data._Relu_output_0_bias
                0x200004d4       0x1c network.o
 .data.__compound_literal.34
                0x200004f0       0x10 network.o
 .data.__compound_literal.33
                0x20000500       0x10 network.o
 .data.output_QuantizeLinear_Input_scratch0
                0x20000510       0x1c network.o
 .data.__compound_literal.32
                0x2000052c       0x10 network.o
 .data.__compound_literal.31
                0x2000053c       0x10 network.o
 .data._Relu_output_0_weights
                0x2000054c       0x1c network.o
 .data.__compound_literal.30
                0x20000568       0x10 network.o
 .data.__compound_literal.29
                0x20000578       0x10 network.o
 .data.output_QuantizeLinear_Input_output
                0x20000588       0x1c network.o
 .data.__compound_literal.28
                0x200005a4       0x10 network.o
 .data.__compound_literal.27
                0x200005b4       0x10 network.o
 .data._Relu_1_output_0_output
                0x200005c4       0x1c network.o
 .data.__compound_literal.26
                0x200005e0       0x10 network.o
 .data.__compound_literal.25
                0x200005f0       0x10 network.o
 .data._Relu_1_output_0_scratch0
                0x20000600       0x1c network.o
 .data.__compound_literal.24
                0x2000061c       0x10 network.o
 .data.__compound_literal.23
                0x2000062c       0x10 network.o
 .data._Relu_output_0_output
                0x2000063c       0x1c network.o
 .data.__compound_literal.22
                0x20000658       0x10 network.o
 .data.__compound_literal.21
                0x20000668       0x10 network.o
 .data.output_QuantizeLinear_Input_scratch0_array
                0x20000678       0x10 network.o
 .data._Relu_1_output_0_scratch0_array
                0x20000688       0x10 network.o
 .data._Relu_output_0_scratch0_array
                0x20000698       0x10 network.o
 .data.output_QuantizeLinear_Input_bias_array
                0x200006a8       0x10 network.o
 .data.output_QuantizeLinear_Input_weights_array
                0x200006b8       0x10 network.o
 .data._Relu_1_output_0_bias_array
                0x200006c8       0x10 network.o
 .data._Relu_1_output_0_weights_array
                0x200006d8       0x10 network.o
 .data._Relu_output_0_bias_array
                0x200006e8       0x10 network.o
 .data._Relu_output_0_weights_array
                0x200006f8       0x10 network.o
 .data.output_QuantizeLinear_Input_output_array
                0x20000708       0x10 network.o
 .data._Relu_1_output_0_output_array
                0x20000718       0x10 network.o
 .data._Relu_output_0_output_array
                0x20000728       0x10 network.o
 .data.input_output_array
                0x20000738       0x10 network.o
                0x20000748                        . = ALIGN (0x4)
                0x20000748                        _edata = .

.igot.plt       0x20000748        0x0 load address 0x0801d52c
 .igot.plt      0x20000748        0x0 /opt/st/stm32cubeide_1.15.0/plugins/com.st.stm32cube.ide.mcu.externaltools.gnu-tools-for-stm32.12.3.rel1.linux64_1.0.100.202403111256/tools/bin/../lib/gcc/arm-none-eabi/12.3.1/thumb/v7e-m+dp/hard/crtbegin.o
                0x20000748                        . = ALIGN (0x4)

.bss            0x20000760      0xf78 load address 0x0801d52c
                0x20000760                        _sbss = .
                0x20000760                        __bss_start__ = _sbss
 *(.bss)
 .bss           0x20000760       0x1c /opt/st/stm32cubeide_1.15.0/plugins/com.st.stm32cube.ide.mcu.externaltools.gnu-tools-for-stm32.12.3.rel1.linux64_1.0.100.202403111256/tools/bin/../lib/gcc/arm-none-eabi/12.3.1/thumb/v7e-m+dp/hard/crtbegin.o
 *(.bss*)
 .bss.ai_output
                0x2000077c        0x4 stedgeai_app_main.o
 .bss.ai_input  0x20000780        0x4 stedgeai_app_main.o
 *fill*         0x20000784       0x1c 
 .bss.activations_1
                0x200007a0      0xeb0 stedgeai_app_main.o
 .bss.network   0x20001650        0x4 stedgeai_app_main.o
 .bss.__compound_literal.76
                0x20001654        0x8 network.o
 .bss.__compound_literal.75
                0x2000165c       0x10 network.o
 .bss.__compound_literal.74
                0x2000166c       0x1c network.o
 .bss.__compound_literal.71
                0x20001688        0x8 network.o
 .bss.__compound_literal.70
                0x20001690       0x10 network.o
 .bss.__compound_literal.69
                0x200016a0       0x1c network.o
 .bss.g_network_weights_map
                0x200016bc       0x18 network.o
 .bss.g_network_activations_map
                0x200016d4        0x4 network.o
 *(COMMON)
                0x200016d8                        . = ALIGN (0x4)
                0x200016d8                        _ebss = .
                0x200016d8                        __bss_end__ = _ebss

._user_heap_stack
                0x200016d8     0x3000 load address 0x0801d52c
                0x200016d8                        . = ALIGN (0x8)
                [!provide]                        PROVIDE (end = .)
                0x200016d8                        PROVIDE (_end = .)
                0x200036d8                        . = (. + _Min_Heap_Size)
 *fill*         0x200016d8     0x2000 
                0x200046d8                        . = (. + _Min_Stack_Size)
 *fill*         0x200036d8     0x1000 
                0x200046d8                        . = ALIGN (0x8)

/DISCARD/
 libc.a(*)
 libm.a(*)
 libgcc.a(*)

.ARM.attributes
                0x00000000       0x2e
 *(.ARM.attributes)
 .ARM.attributes
                0x00000000       0x20 /opt/st/stm32cubeide_1.15.0/plugins/com.st.stm32cube.ide.mcu.externaltools.gnu-tools-for-stm32.12.3.rel1.linux64_1.0.100.202403111256/tools/bin/../lib/gcc/arm-none-eabi/12.3.1/thumb/v7e-m+dp/hard/crti.o
 .ARM.attributes
                0x00000020       0x32 /opt/st/stm32cubeide_1.15.0/plugins/com.st.stm32cube.ide.mcu.externaltools.gnu-tools-for-stm32.12.3.rel1.linux64_1.0.100.202403111256/tools/bin/../lib/gcc/arm-none-eabi/12.3.1/thumb/v7e-m+dp/hard/crtbegin.o
 .ARM.attributes
                0x00000052       0x32 network_data_params.o
 .ARM.attributes
                0x00000084       0x32 stedgeai_app_main.o
 .ARM.attributes
                0x000000b6       0x32 network_data.o
 .ARM.attributes
                0x000000e8       0x21 startup_stm32xx.o
 .ARM.attributes
                0x00000109       0x32 network.o
 .ARM.attributes
                0x0000013b       0x2e /home/docker/STM32Cube/Repository/Packs/STMicroelectronics/X-CUBE-AI/1.0.0/Middlewares/ST/AI/Lib/GCC/STM32H7/NetworkRuntime910_CM7_GCC.a(ai_platform.o)
 .ARM.attributes
                0x00000169       0x2e /home/docker/STM32Cube/Repository/Packs/STMicroelectronics/X-CUBE-AI/1.0.0/Middlewares/ST/AI/Lib/GCC/STM32H7/NetworkRuntime910_CM7_GCC.a(ai_platform_interface.o)
 .ARM.attributes
                0x00000197       0x2e /home/docker/STM32Cube/Repository/Packs/STMicroelectronics/X-CUBE-AI/1.0.0/Middlewares/ST/AI/Lib/GCC/STM32H7/NetworkRuntime910_CM7_GCC.a(core_common.o)
 .ARM.attributes
                0x000001c5       0x2e /home/docker/STM32Cube/Repository/Packs/STMicroelectronics/X-CUBE-AI/1.0.0/Middlewares/ST/AI/Lib/GCC/STM32H7/NetworkRuntime910_CM7_GCC.a(layers.o)
 .ARM.attributes
                0x000001f3       0x2e /home/docker/STM32Cube/Repository/Packs/STMicroelectronics/X-CUBE-AI/1.0.0/Middlewares/ST/AI/Lib/GCC/STM32H7/NetworkRuntime910_CM7_GCC.a(layers_conv2d_stm32_integer.o)
 .ARM.attributes
                0x00000221       0x2e /home/docker/STM32Cube/Repository/Packs/STMicroelectronics/X-CUBE-AI/1.0.0/Middlewares/ST/AI/Lib/GCC/STM32H7/NetworkRuntime910_CM7_GCC.a(st_align_factor.o)
 .ARM.attributes
                0x0000024f       0x2e /home/docker/STM32Cube/Repository/Packs/STMicroelectronics/X-CUBE-AI/1.0.0/Middlewares/ST/AI/Lib/GCC/STM32H7/NetworkRuntime910_CM7_GCC.a(st_sssa8_ch_dense.o)
 .ARM.attributes
                0x0000027d       0x2e /home/docker/STM32Cube/Repository/Packs/STMicroelectronics/X-CUBE-AI/1.0.0/Middlewares/ST/AI/Lib/GCC/STM32H7/NetworkRuntime910_CM7_GCC.a(st_int8_fill.o)
 .ARM.attributes
                0x000002ab       0x2e /home/docker/STM32Cube/Repository/Packs/STMicroelectronics/X-CUBE-AI/1.0.0/Middlewares/ST/AI/Lib/GCC/STM32H7/NetworkRuntime910_CM7_GCC.a(st_int8_reordered_no_shift.o)
 .ARM.attributes
                0x000002d9       0x2e /home/docker/STM32Cube/Repository/Packs/STMicroelectronics/X-CUBE-AI/1.0.0/Middlewares/ST/AI/Lib/GCC/STM32H7/NetworkRuntime910_CM7_GCC.a(ai_datatypes_format.o)
 .ARM.attributes
                0x00000307       0x2e /home/docker/STM32Cube/Repository/Packs/STMicroelectronics/X-CUBE-AI/1.0.0/Middlewares/ST/AI/Lib/GCC/STM32H7/NetworkRuntime910_CM7_GCC.a(ai_datatypes_internal.o)
 .ARM.attributes
                0x00000335       0x32 /opt/st/stm32cubeide_1.15.0/plugins/com.st.stm32cube.ide.mcu.externaltools.gnu-tools-for-stm32.12.3.rel1.linux64_1.0.100.202403111256/tools/bin/../lib/gcc/arm-none-eabi/12.3.1/../../../../arm-none-eabi/lib/thumb/v7e-m+dp/hard/libc_nano.a(libc_a-init.o)
 .ARM.attributes
                0x00000367       0x20 /opt/st/stm32cubeide_1.15.0/plugins/com.st.stm32cube.ide.mcu.externaltools.gnu-tools-for-stm32.12.3.rel1.linux64_1.0.100.202403111256/tools/bin/../lib/gcc/arm-none-eabi/12.3.1/thumb/v7e-m+dp/hard/crtn.o
OUTPUT(network.elf elf32-littlearm)
LOAD linker stubs
LOAD /opt/st/stm32cubeide_1.15.0/plugins/com.st.stm32cube.ide.mcu.externaltools.gnu-tools-for-stm32.12.3.rel1.linux64_1.0.100.202403111256/tools/bin/../lib/gcc/arm-none-eabi/12.3.1/../../../../arm-none-eabi/lib/thumb/v7e-m+dp/hard/libc.a
LOAD /opt/st/stm32cubeide_1.15.0/plugins/com.st.stm32cube.ide.mcu.externaltools.gnu-tools-for-stm32.12.3.rel1.linux64_1.0.100.202403111256/tools/bin/../lib/gcc/arm-none-eabi/12.3.1/../../../../arm-none-eabi/lib/thumb/v7e-m+dp/hard/libm.a
LOAD /opt/st/stm32cubeide_1.15.0/plugins/com.st.stm32cube.ide.mcu.externaltools.gnu-tools-for-stm32.12.3.rel1.linux64_1.0.100.202403111256/tools/bin/../lib/gcc/arm-none-eabi/12.3.1/thumb/v7e-m+dp/hard/libgcc.a

.debug_info     0x00000000     0x2e85
 .debug_info    0x00000000      0x23f network_data_params.o
 .debug_info    0x0000023f      0x575 stedgeai_app_main.o
 .debug_info    0x000007b4      0x759 network_data.o
 .debug_info    0x00000f0d       0x32 startup_stm32xx.o
 .debug_info    0x00000f3f     0x1f46 network.o

.debug_abbrev   0x00000000      0x8a5
 .debug_abbrev  0x00000000       0xcd network_data_params.o
 .debug_abbrev  0x000000cd      0x1a4 stedgeai_app_main.o
 .debug_abbrev  0x00000271      0x209 network_data.o
 .debug_abbrev  0x0000047a       0x24 startup_stm32xx.o
 .debug_abbrev  0x0000049e      0x407 network.o

.debug_aranges  0x00000000      0x128
 .debug_aranges
                0x00000000       0x18 network_data_params.o
 .debug_aranges
                0x00000018       0x40 stedgeai_app_main.o
 .debug_aranges
                0x00000058       0x38 network_data.o
 .debug_aranges
                0x00000090       0x28 startup_stm32xx.o
 .debug_aranges
                0x000000b8       0x70 network.o

.debug_macro    0x00000000     0x3483
 .debug_macro   0x00000000       0xf0 network_data_params.o
 .debug_macro   0x000000f0      0xaba network_data_params.o
 .debug_macro   0x00000baa       0x22 network_data_params.o
 .debug_macro   0x00000bcc       0x8e network_data_params.o
 .debug_macro   0x00000c5a       0x51 network_data_params.o
 .debug_macro   0x00000cab      0x103 network_data_params.o
 .debug_macro   0x00000dae       0x6a network_data_params.o
 .debug_macro   0x00000e18      0x1df network_data_params.o
 .debug_macro   0x00000ff7      0x189 network_data_params.o
 .debug_macro   0x00001180       0x74 network_data_params.o
 .debug_macro   0x000011f4       0x29 network_data_params.o
 .debug_macro   0x0000121d       0x3c network_data_params.o
 .debug_macro   0x00001259       0x3a network_data_params.o
 .debug_macro   0x00001293       0x35 network_data_params.o
 .debug_macro   0x000012c8      0x4cc network_data_params.o
 .debug_macro   0x00001794       0x46 network_data_params.o
 .debug_macro   0x000017da       0x22 network_data_params.o
 .debug_macro   0x000017fc      0x32e network_data_params.o
 .debug_macro   0x00001b2a       0x64 network_data_params.o
 .debug_macro   0x00001b8e      0x1fd stedgeai_app_main.o
 .debug_macro   0x00001d8b       0x16 stedgeai_app_main.o
 .debug_macro   0x00001da1       0x9e stedgeai_app_main.o
 .debug_macro   0x00001e3f      0x10b stedgeai_app_main.o
 .debug_macro   0x00001f4a       0x16 stedgeai_app_main.o
 .debug_macro   0x00001f60       0x16 stedgeai_app_main.o
 .debug_macro   0x00001f76       0x20 stedgeai_app_main.o
 .debug_macro   0x00001f96       0x7c stedgeai_app_main.o
 .debug_macro   0x00002012       0x10 stedgeai_app_main.o
 .debug_macro   0x00002022       0x22 stedgeai_app_main.o
 .debug_macro   0x00002044       0x94 stedgeai_app_main.o
 .debug_macro   0x000020d8       0x6a stedgeai_app_main.o
 .debug_macro   0x00002142       0x10 stedgeai_app_main.o
 .debug_macro   0x00002152      0x200 network_data.o
 .debug_macro   0x00002352       0x16 network_data.o
 .debug_macro   0x00002368       0x10 network_data.o
 .debug_macro   0x00002378       0x22 network_data.o
 .debug_macro   0x0000239a       0x10 network_data.o
 .debug_macro   0x000023aa       0xc6 network_data.o
 .debug_macro   0x00002470      0x229 network_data.o
 .debug_macro   0x00002699       0x2e network_data.o
 .debug_macro   0x000026c7       0xcf network_data.o
 .debug_macro   0x00002796      0x1e6 network_data.o
 .debug_macro   0x0000297c      0x45b network.o
 .debug_macro   0x00002dd7      0x19b network.o
 .debug_macro   0x00002f72      0x202 network.o
 .debug_macro   0x00003174       0x3a network.o
 .debug_macro   0x000031ae       0x2e network.o
 .debug_macro   0x000031dc       0xdc network.o
 .debug_macro   0x000032b8       0x16 network.o
 .debug_macro   0x000032ce       0x4d network.o
 .debug_macro   0x0000331b       0x25 network.o
 .debug_macro   0x00003340       0x12 network.o
 .debug_macro   0x00003352       0x16 network.o
 .debug_macro   0x00003368       0x7c network.o
 .debug_macro   0x000033e4       0x22 network.o
 .debug_macro   0x00003406       0x10 network.o
 .debug_macro   0x00003416       0x11 network.o
 .debug_macro   0x00003427       0x2e network.o
 .debug_macro   0x00003455       0x2e network.o

.debug_line     0x00000000     0x1fba
 .debug_line    0x00000000      0x47b network_data_params.o
 .debug_line    0x0000047b      0x666 stedgeai_app_main.o
 .debug_line    0x00000ae1      0x649 network_data.o
 .debug_line    0x0000112a       0xed startup_stm32xx.o
 .debug_line    0x00001217      0xda3 network.o

.debug_str      0x00000000    0x142cc
 .debug_str     0x00000000     0x7abe network_data_params.o
                               0x7d6e (size before relaxing)
 .debug_str     0x00007abe     0x37b7 stedgeai_app_main.o
                               0xb3a1 (size before relaxing)
 .debug_str     0x0000b275     0x42bd network_data.o
                               0xeb4d (size before relaxing)
 .debug_str     0x0000f532       0xab startup_stm32xx.o
                                 0xfd (size before relaxing)
 .debug_str     0x0000f5dd     0x4cef network.o
                              0x13ad0 (size before relaxing)

.comment        0x00000000       0x86
 .comment       0x00000000       0x43 network_data_params.o
                                 0x44 (size before relaxing)
 .comment       0x00000043       0x44 stedgeai_app_main.o
 .comment       0x00000043       0x44 network_data.o
 .comment       0x00000043       0x44 network.o
 .comment       0x00000043       0x43 /home/docker/STM32Cube/Repository/Packs/STMicroelectronics/X-CUBE-AI/1.0.0/Middlewares/ST/AI/Lib/GCC/STM32H7/NetworkRuntime910_CM7_GCC.a(ai_platform.o)
                                 0x44 (size before relaxing)
 .comment       0x00000086       0x44 /home/docker/STM32Cube/Repository/Packs/STMicroelectronics/X-CUBE-AI/1.0.0/Middlewares/ST/AI/Lib/GCC/STM32H7/NetworkRuntime910_CM7_GCC.a(ai_platform_interface.o)
 .comment       0x00000086       0x44 /home/docker/STM32Cube/Repository/Packs/STMicroelectronics/X-CUBE-AI/1.0.0/Middlewares/ST/AI/Lib/GCC/STM32H7/NetworkRuntime910_CM7_GCC.a(core_common.o)
 .comment       0x00000086       0x44 /home/docker/STM32Cube/Repository/Packs/STMicroelectronics/X-CUBE-AI/1.0.0/Middlewares/ST/AI/Lib/GCC/STM32H7/NetworkRuntime910_CM7_GCC.a(layers.o)
 .comment       0x00000086       0x44 /home/docker/STM32Cube/Repository/Packs/STMicroelectronics/X-CUBE-AI/1.0.0/Middlewares/ST/AI/Lib/GCC/STM32H7/NetworkRuntime910_CM7_GCC.a(layers_conv2d_stm32_integer.o)
 .comment       0x00000086       0x44 /home/docker/STM32Cube/Repository/Packs/STMicroelectronics/X-CUBE-AI/1.0.0/Middlewares/ST/AI/Lib/GCC/STM32H7/NetworkRuntime910_CM7_GCC.a(st_align_factor.o)
 .comment       0x00000086       0x44 /home/docker/STM32Cube/Repository/Packs/STMicroelectronics/X-CUBE-AI/1.0.0/Middlewares/ST/AI/Lib/GCC/STM32H7/NetworkRuntime910_CM7_GCC.a(st_sssa8_ch_dense.o)
 .comment       0x00000086       0x44 /home/docker/STM32Cube/Repository/Packs/STMicroelectronics/X-CUBE-AI/1.0.0/Middlewares/ST/AI/Lib/GCC/STM32H7/NetworkRuntime910_CM7_GCC.a(st_int8_fill.o)
 .comment       0x00000086       0x44 /home/docker/STM32Cube/Repository/Packs/STMicroelectronics/X-CUBE-AI/1.0.0/Middlewares/ST/AI/Lib/GCC/STM32H7/NetworkRuntime910_CM7_GCC.a(st_int8_reordered_no_shift.o)
 .comment       0x00000086       0x44 /home/docker/STM32Cube/Repository/Packs/STMicroelectronics/X-CUBE-AI/1.0.0/Middlewares/ST/AI/Lib/GCC/STM32H7/NetworkRuntime910_CM7_GCC.a(ai_datatypes_format.o)
 .comment       0x00000086       0x44 /home/docker/STM32Cube/Repository/Packs/STMicroelectronics/X-CUBE-AI/1.0.0/Middlewares/ST/AI/Lib/GCC/STM32H7/NetworkRuntime910_CM7_GCC.a(ai_datatypes_internal.o)

.debug_ranges   0x00000000      0x138
 .debug_ranges  0x00000000       0x30 stedgeai_app_main.o
 .debug_ranges  0x00000030       0x28 network_data.o
 .debug_ranges  0x00000058       0x20 startup_stm32xx.o
 .debug_ranges  0x00000078       0xc0 network.o

.debug_frame    0x00000000      0x240
 .debug_frame   0x00000000       0x7c stedgeai_app_main.o
 .debug_frame   0x0000007c       0x70 network_data.o
 .debug_frame   0x000000ec      0x128 network.o
 .debug_frame   0x00000214       0x2c /opt/st/stm32cubeide_1.15.0/plugins/com.st.stm32cube.ide.mcu.externaltools.gnu-tools-for-stm32.12.3.rel1.linux64_1.0.100.202403111256/tools/bin/../lib/gcc/arm-none-eabi/12.3.1/../../../../arm-none-eabi/lib/thumb/v7e-m+dp/hard/libc_nano.a(libc_a-init.o)

.debug_loc      0x00000000      0x719
 .debug_loc     0x00000000      0x1ae network_data.o
 .debug_loc     0x000001ae      0x56b network.o

Cross Reference Table

Symbol                                            File
BusFault_Handler                                  startup_stm32xx.o
DebugMon_Handler                                  startup_stm32xx.o
Default_Handler                                   startup_stm32xx.o
HardFault_Handler                                 startup_stm32xx.o
MemManage_Handler                                 startup_stm32xx.o
NMI_Handler                                       startup_stm32xx.o
PendSV_Handler                                    startup_stm32xx.o
Reset_Handler                                     startup_stm32xx.o
SVC_Handler                                       startup_stm32xx.o
SysTick_Handler                                   startup_stm32xx.o
SystemInit                                        stedgeai_app_main.o
                                                  startup_stm32xx.o
UsageFault_Handler                                startup_stm32xx.o
_Min_Stack_Size                                   sysmem.o
__aeabi_f2lz                                      /opt/st/stm32cubeide_1.15.0/plugins/com.st.stm32cube.ide.mcu.externaltools.gnu-tools-for-stm32.12.3.rel1.linux64_1.0.100.202403111256/tools/bin/../lib/gcc/arm-none-eabi/12.3.1/thumb/v7e-m+dp/hard/libgcc.a(_fixsfdi.o)
                                                  /home/docker/STM32Cube/Repository/Packs/STMicroelectronics/X-CUBE-AI/1.0.0/Middlewares/ST/AI/Lib/GCC/STM32H7/NetworkRuntime910_CM7_GCC.a(st_align_factor.o)
__aeabi_f2ulz                                     /opt/st/stm32cubeide_1.15.0/plugins/com.st.stm32cube.ide.mcu.externaltools.gnu-tools-for-stm32.12.3.rel1.linux64_1.0.100.202403111256/tools/bin/../lib/gcc/arm-none-eabi/12.3.1/thumb/v7e-m+dp/hard/libgcc.a(_fixunssfdi.o)
                                                  /opt/st/stm32cubeide_1.15.0/plugins/com.st.stm32cube.ide.mcu.externaltools.gnu-tools-for-stm32.12.3.rel1.linux64_1.0.100.202403111256/tools/bin/../lib/gcc/arm-none-eabi/12.3.1/thumb/v7e-m+dp/hard/libgcc.a(_fixsfdi.o)
__bss_end__                                       /opt/st/stm32cubeide_1.15.0/plugins/com.st.stm32cube.ide.mcu.externaltools.gnu-tools-for-stm32.12.3.rel1.linux64_1.0.100.202403111256/tools/bin/../lib/gcc/arm-none-eabi/12.3.1/../../../../arm-none-eabi/lib/thumb/v7e-m+dp/hard/crt0.o
__bss_start__                                     /opt/st/stm32cubeide_1.15.0/plugins/com.st.stm32cube.ide.mcu.externaltools.gnu-tools-for-stm32.12.3.rel1.linux64_1.0.100.202403111256/tools/bin/../lib/gcc/arm-none-eabi/12.3.1/../../../../arm-none-eabi/lib/thumb/v7e-m+dp/hard/crt0.o
__call_exitprocs                                  /opt/st/stm32cubeide_1.15.0/plugins/com.st.stm32cube.ide.mcu.externaltools.gnu-tools-for-stm32.12.3.rel1.linux64_1.0.100.202403111256/tools/bin/../lib/gcc/arm-none-eabi/12.3.1/../../../../arm-none-eabi/lib/thumb/v7e-m+dp/hard/libc_nano.a(libc_a-exit.o)
__deregister_frame_info                           /opt/st/stm32cubeide_1.15.0/plugins/com.st.stm32cube.ide.mcu.externaltools.gnu-tools-for-stm32.12.3.rel1.linux64_1.0.100.202403111256/tools/bin/../lib/gcc/arm-none-eabi/12.3.1/thumb/v7e-m+dp/hard/crtbegin.o
__dso_handle                                      /opt/st/stm32cubeide_1.15.0/plugins/com.st.stm32cube.ide.mcu.externaltools.gnu-tools-for-stm32.12.3.rel1.linux64_1.0.100.202403111256/tools/bin/../lib/gcc/arm-none-eabi/12.3.1/thumb/v7e-m+dp/hard/crtbegin.o
__env                                             syscalls.o
__errno                                           /opt/st/stm32cubeide_1.15.0/plugins/com.st.stm32cube.ide.mcu.externaltools.gnu-tools-for-stm32.12.3.rel1.linux64_1.0.100.202403111256/tools/bin/../lib/gcc/arm-none-eabi/12.3.1/../../../../arm-none-eabi/lib/thumb/v7e-m+dp/hard/libc_nano.a(libc_a-errno.o)
                                                  sysmem.o
                                                  syscalls.o
__fixsfdi                                         /opt/st/stm32cubeide_1.15.0/plugins/com.st.stm32cube.ide.mcu.externaltools.gnu-tools-for-stm32.12.3.rel1.linux64_1.0.100.202403111256/tools/bin/../lib/gcc/arm-none-eabi/12.3.1/thumb/v7e-m+dp/hard/libgcc.a(_fixsfdi.o)
__fixunssfdi                                      /opt/st/stm32cubeide_1.15.0/plugins/com.st.stm32cube.ide.mcu.externaltools.gnu-tools-for-stm32.12.3.rel1.linux64_1.0.100.202403111256/tools/bin/../lib/gcc/arm-none-eabi/12.3.1/thumb/v7e-m+dp/hard/libgcc.a(_fixunssfdi.o)
__fp_lock_all                                     /opt/st/stm32cubeide_1.15.0/plugins/com.st.stm32cube.ide.mcu.externaltools.gnu-tools-for-stm32.12.3.rel1.linux64_1.0.100.202403111256/tools/bin/../lib/gcc/arm-none-eabi/12.3.1/../../../../arm-none-eabi/lib/thumb/v7e-m+dp/hard/libc_nano.a(libc_a-findfp.o)
__fp_unlock_all                                   /opt/st/stm32cubeide_1.15.0/plugins/com.st.stm32cube.ide.mcu.externaltools.gnu-tools-for-stm32.12.3.rel1.linux64_1.0.100.202403111256/tools/bin/../lib/gcc/arm-none-eabi/12.3.1/../../../../arm-none-eabi/lib/thumb/v7e-m+dp/hard/libc_nano.a(libc_a-findfp.o)
__init_array_end                                  /opt/st/stm32cubeide_1.15.0/plugins/com.st.stm32cube.ide.mcu.externaltools.gnu-tools-for-stm32.12.3.rel1.linux64_1.0.100.202403111256/tools/bin/../lib/gcc/arm-none-eabi/12.3.1/../../../../arm-none-eabi/lib/thumb/v7e-m+dp/hard/libc_nano.a(libc_a-init.o)
__init_array_start                                /opt/st/stm32cubeide_1.15.0/plugins/com.st.stm32cube.ide.mcu.externaltools.gnu-tools-for-stm32.12.3.rel1.linux64_1.0.100.202403111256/tools/bin/../lib/gcc/arm-none-eabi/12.3.1/../../../../arm-none-eabi/lib/thumb/v7e-m+dp/hard/libc_nano.a(libc_a-init.o)
__io_getchar                                      syscalls.o
__io_putchar                                      syscalls.o
__libc_fini_array                                 /opt/st/stm32cubeide_1.15.0/plugins/com.st.stm32cube.ide.mcu.externaltools.gnu-tools-for-stm32.12.3.rel1.linux64_1.0.100.202403111256/tools/bin/../lib/gcc/arm-none-eabi/12.3.1/../../../../arm-none-eabi/lib/thumb/v7e-m+dp/hard/crt0.o
__libc_init_array                                 /opt/st/stm32cubeide_1.15.0/plugins/com.st.stm32cube.ide.mcu.externaltools.gnu-tools-for-stm32.12.3.rel1.linux64_1.0.100.202403111256/tools/bin/../lib/gcc/arm-none-eabi/12.3.1/../../../../arm-none-eabi/lib/thumb/v7e-m+dp/hard/libc_nano.a(libc_a-init.o)
                                                  startup_stm32xx.o
                                                  /opt/st/stm32cubeide_1.15.0/plugins/com.st.stm32cube.ide.mcu.externaltools.gnu-tools-for-stm32.12.3.rel1.linux64_1.0.100.202403111256/tools/bin/../lib/gcc/arm-none-eabi/12.3.1/../../../../arm-none-eabi/lib/thumb/v7e-m+dp/hard/crt0.o
__lock___arc4random_mutex                         /opt/st/stm32cubeide_1.15.0/plugins/com.st.stm32cube.ide.mcu.externaltools.gnu-tools-for-stm32.12.3.rel1.linux64_1.0.100.202403111256/tools/bin/../lib/gcc/arm-none-eabi/12.3.1/../../../../arm-none-eabi/lib/thumb/v7e-m+dp/hard/libc_nano.a(libc_a-lock.o)
__lock___at_quick_exit_mutex                      /opt/st/stm32cubeide_1.15.0/plugins/com.st.stm32cube.ide.mcu.externaltools.gnu-tools-for-stm32.12.3.rel1.linux64_1.0.100.202403111256/tools/bin/../lib/gcc/arm-none-eabi/12.3.1/../../../../arm-none-eabi/lib/thumb/v7e-m+dp/hard/libc_nano.a(libc_a-lock.o)
__lock___atexit_recursive_mutex                   /opt/st/stm32cubeide_1.15.0/plugins/com.st.stm32cube.ide.mcu.externaltools.gnu-tools-for-stm32.12.3.rel1.linux64_1.0.100.202403111256/tools/bin/../lib/gcc/arm-none-eabi/12.3.1/../../../../arm-none-eabi/lib/thumb/v7e-m+dp/hard/libc_nano.a(libc_a-lock.o)
__lock___dd_hash_mutex                            /opt/st/stm32cubeide_1.15.0/plugins/com.st.stm32cube.ide.mcu.externaltools.gnu-tools-for-stm32.12.3.rel1.linux64_1.0.100.202403111256/tools/bin/../lib/gcc/arm-none-eabi/12.3.1/../../../../arm-none-eabi/lib/thumb/v7e-m+dp/hard/libc_nano.a(libc_a-lock.o)
__lock___env_recursive_mutex                      /opt/st/stm32cubeide_1.15.0/plugins/com.st.stm32cube.ide.mcu.externaltools.gnu-tools-for-stm32.12.3.rel1.linux64_1.0.100.202403111256/tools/bin/../lib/gcc/arm-none-eabi/12.3.1/../../../../arm-none-eabi/lib/thumb/v7e-m+dp/hard/libc_nano.a(libc_a-lock.o)
__lock___malloc_recursive_mutex                   /opt/st/stm32cubeide_1.15.0/plugins/com.st.stm32cube.ide.mcu.externaltools.gnu-tools-for-stm32.12.3.rel1.linux64_1.0.100.202403111256/tools/bin/../lib/gcc/arm-none-eabi/12.3.1/../../../../arm-none-eabi/lib/thumb/v7e-m+dp/hard/libc_nano.a(libc_a-lock.o)
                                                  /opt/st/stm32cubeide_1.15.0/plugins/com.st.stm32cube.ide.mcu.externaltools.gnu-tools-for-stm32.12.3.rel1.linux64_1.0.100.202403111256/tools/bin/../lib/gcc/arm-none-eabi/12.3.1/../../../../arm-none-eabi/lib/thumb/v7e-m+dp/hard/libc_nano.a(libc_a-mlock.o)
__lock___sfp_recursive_mutex                      /opt/st/stm32cubeide_1.15.0/plugins/com.st.stm32cube.ide.mcu.externaltools.gnu-tools-for-stm32.12.3.rel1.linux64_1.0.100.202403111256/tools/bin/../lib/gcc/arm-none-eabi/12.3.1/../../../../arm-none-eabi/lib/thumb/v7e-m+dp/hard/libc_nano.a(libc_a-lock.o)
                                                  /opt/st/stm32cubeide_1.15.0/plugins/com.st.stm32cube.ide.mcu.externaltools.gnu-tools-for-stm32.12.3.rel1.linux64_1.0.100.202403111256/tools/bin/../lib/gcc/arm-none-eabi/12.3.1/../../../../arm-none-eabi/lib/thumb/v7e-m+dp/hard/libc_nano.a(libc_a-findfp.o)
__lock___tz_mutex                                 /opt/st/stm32cubeide_1.15.0/plugins/com.st.stm32cube.ide.mcu.externaltools.gnu-tools-for-stm32.12.3.rel1.linux64_1.0.100.202403111256/tools/bin/../lib/gcc/arm-none-eabi/12.3.1/../../../../arm-none-eabi/lib/thumb/v7e-m+dp/hard/libc_nano.a(libc_a-lock.o)
__malloc_free_list                                /opt/st/stm32cubeide_1.15.0/plugins/com.st.stm32cube.ide.mcu.externaltools.gnu-tools-for-stm32.12.3.rel1.linux64_1.0.100.202403111256/tools/bin/../lib/gcc/arm-none-eabi/12.3.1/../../../../arm-none-eabi/lib/thumb/v7e-m+dp/hard/libc_nano.a(libc_a-mallocr.o)
                                                  /opt/st/stm32cubeide_1.15.0/plugins/com.st.stm32cube.ide.mcu.externaltools.gnu-tools-for-stm32.12.3.rel1.linux64_1.0.100.202403111256/tools/bin/../lib/gcc/arm-none-eabi/12.3.1/../../../../arm-none-eabi/lib/thumb/v7e-m+dp/hard/libc_nano.a(libc_a-freer.o)
__malloc_lock                                     /opt/st/stm32cubeide_1.15.0/plugins/com.st.stm32cube.ide.mcu.externaltools.gnu-tools-for-stm32.12.3.rel1.linux64_1.0.100.202403111256/tools/bin/../lib/gcc/arm-none-eabi/12.3.1/../../../../arm-none-eabi/lib/thumb/v7e-m+dp/hard/libc_nano.a(libc_a-mlock.o)
                                                  /opt/st/stm32cubeide_1.15.0/plugins/com.st.stm32cube.ide.mcu.externaltools.gnu-tools-for-stm32.12.3.rel1.linux64_1.0.100.202403111256/tools/bin/../lib/gcc/arm-none-eabi/12.3.1/../../../../arm-none-eabi/lib/thumb/v7e-m+dp/hard/libc_nano.a(libc_a-freer.o)
                                                  /opt/st/stm32cubeide_1.15.0/plugins/com.st.stm32cube.ide.mcu.externaltools.gnu-tools-for-stm32.12.3.rel1.linux64_1.0.100.202403111256/tools/bin/../lib/gcc/arm-none-eabi/12.3.1/../../../../arm-none-eabi/lib/thumb/v7e-m+dp/hard/libc_nano.a(libc_a-mallocr.o)
__malloc_sbrk_start                               /opt/st/stm32cubeide_1.15.0/plugins/com.st.stm32cube.ide.mcu.externaltools.gnu-tools-for-stm32.12.3.rel1.linux64_1.0.100.202403111256/tools/bin/../lib/gcc/arm-none-eabi/12.3.1/../../../../arm-none-eabi/lib/thumb/v7e-m+dp/hard/libc_nano.a(libc_a-mallocr.o)
__malloc_unlock                                   /opt/st/stm32cubeide_1.15.0/plugins/com.st.stm32cube.ide.mcu.externaltools.gnu-tools-for-stm32.12.3.rel1.linux64_1.0.100.202403111256/tools/bin/../lib/gcc/arm-none-eabi/12.3.1/../../../../arm-none-eabi/lib/thumb/v7e-m+dp/hard/libc_nano.a(libc_a-mlock.o)
                                                  /opt/st/stm32cubeide_1.15.0/plugins/com.st.stm32cube.ide.mcu.externaltools.gnu-tools-for-stm32.12.3.rel1.linux64_1.0.100.202403111256/tools/bin/../lib/gcc/arm-none-eabi/12.3.1/../../../../arm-none-eabi/lib/thumb/v7e-m+dp/hard/libc_nano.a(libc_a-freer.o)
                                                  /opt/st/stm32cubeide_1.15.0/plugins/com.st.stm32cube.ide.mcu.externaltools.gnu-tools-for-stm32.12.3.rel1.linux64_1.0.100.202403111256/tools/bin/../lib/gcc/arm-none-eabi/12.3.1/../../../../arm-none-eabi/lib/thumb/v7e-m+dp/hard/libc_nano.a(libc_a-mallocr.o)
__preinit_array_end                               /opt/st/stm32cubeide_1.15.0/plugins/com.st.stm32cube.ide.mcu.externaltools.gnu-tools-for-stm32.12.3.rel1.linux64_1.0.100.202403111256/tools/bin/../lib/gcc/arm-none-eabi/12.3.1/../../../../arm-none-eabi/lib/thumb/v7e-m+dp/hard/libc_nano.a(libc_a-init.o)
__preinit_array_start                             /opt/st/stm32cubeide_1.15.0/plugins/com.st.stm32cube.ide.mcu.externaltools.gnu-tools-for-stm32.12.3.rel1.linux64_1.0.100.202403111256/tools/bin/../lib/gcc/arm-none-eabi/12.3.1/../../../../arm-none-eabi/lib/thumb/v7e-m+dp/hard/libc_nano.a(libc_a-init.o)
__register_frame_info                             /opt/st/stm32cubeide_1.15.0/plugins/com.st.stm32cube.ide.mcu.externaltools.gnu-tools-for-stm32.12.3.rel1.linux64_1.0.100.202403111256/tools/bin/../lib/gcc/arm-none-eabi/12.3.1/thumb/v7e-m+dp/hard/crtbegin.o
__retarget_lock_acquire                           /opt/st/stm32cubeide_1.15.0/plugins/com.st.stm32cube.ide.mcu.externaltools.gnu-tools-for-stm32.12.3.rel1.linux64_1.0.100.202403111256/tools/bin/../lib/gcc/arm-none-eabi/12.3.1/../../../../arm-none-eabi/lib/thumb/v7e-m+dp/hard/libc_nano.a(libc_a-lock.o)
__retarget_lock_acquire_recursive                 /opt/st/stm32cubeide_1.15.0/plugins/com.st.stm32cube.ide.mcu.externaltools.gnu-tools-for-stm32.12.3.rel1.linux64_1.0.100.202403111256/tools/bin/../lib/gcc/arm-none-eabi/12.3.1/../../../../arm-none-eabi/lib/thumb/v7e-m+dp/hard/libc_nano.a(libc_a-lock.o)
                                                  /opt/st/stm32cubeide_1.15.0/plugins/com.st.stm32cube.ide.mcu.externaltools.gnu-tools-for-stm32.12.3.rel1.linux64_1.0.100.202403111256/tools/bin/../lib/gcc/arm-none-eabi/12.3.1/../../../../arm-none-eabi/lib/thumb/v7e-m+dp/hard/libc_nano.a(libc_a-fflush.o)
                                                  /opt/st/stm32cubeide_1.15.0/plugins/com.st.stm32cube.ide.mcu.externaltools.gnu-tools-for-stm32.12.3.rel1.linux64_1.0.100.202403111256/tools/bin/../lib/gcc/arm-none-eabi/12.3.1/../../../../arm-none-eabi/lib/thumb/v7e-m+dp/hard/libc_nano.a(libc_a-findfp.o)
                                                  /opt/st/stm32cubeide_1.15.0/plugins/com.st.stm32cube.ide.mcu.externaltools.gnu-tools-for-stm32.12.3.rel1.linux64_1.0.100.202403111256/tools/bin/../lib/gcc/arm-none-eabi/12.3.1/../../../../arm-none-eabi/lib/thumb/v7e-m+dp/hard/libc_nano.a(libc_a-mlock.o)
__retarget_lock_close                             /opt/st/stm32cubeide_1.15.0/plugins/com.st.stm32cube.ide.mcu.externaltools.gnu-tools-for-stm32.12.3.rel1.linux64_1.0.100.202403111256/tools/bin/../lib/gcc/arm-none-eabi/12.3.1/../../../../arm-none-eabi/lib/thumb/v7e-m+dp/hard/libc_nano.a(libc_a-lock.o)
__retarget_lock_close_recursive                   /opt/st/stm32cubeide_1.15.0/plugins/com.st.stm32cube.ide.mcu.externaltools.gnu-tools-for-stm32.12.3.rel1.linux64_1.0.100.202403111256/tools/bin/../lib/gcc/arm-none-eabi/12.3.1/../../../../arm-none-eabi/lib/thumb/v7e-m+dp/hard/libc_nano.a(libc_a-lock.o)
__retarget_lock_init                              /opt/st/stm32cubeide_1.15.0/plugins/com.st.stm32cube.ide.mcu.externaltools.gnu-tools-for-stm32.12.3.rel1.linux64_1.0.100.202403111256/tools/bin/../lib/gcc/arm-none-eabi/12.3.1/../../../../arm-none-eabi/lib/thumb/v7e-m+dp/hard/libc_nano.a(libc_a-lock.o)
__retarget_lock_init_recursive                    /opt/st/stm32cubeide_1.15.0/plugins/com.st.stm32cube.ide.mcu.externaltools.gnu-tools-for-stm32.12.3.rel1.linux64_1.0.100.202403111256/tools/bin/../lib/gcc/arm-none-eabi/12.3.1/../../../../arm-none-eabi/lib/thumb/v7e-m+dp/hard/libc_nano.a(libc_a-lock.o)
                                                  /opt/st/stm32cubeide_1.15.0/plugins/com.st.stm32cube.ide.mcu.externaltools.gnu-tools-for-stm32.12.3.rel1.linux64_1.0.100.202403111256/tools/bin/../lib/gcc/arm-none-eabi/12.3.1/../../../../arm-none-eabi/lib/thumb/v7e-m+dp/hard/libc_nano.a(libc_a-findfp.o)
__retarget_lock_release                           /opt/st/stm32cubeide_1.15.0/plugins/com.st.stm32cube.ide.mcu.externaltools.gnu-tools-for-stm32.12.3.rel1.linux64_1.0.100.202403111256/tools/bin/../lib/gcc/arm-none-eabi/12.3.1/../../../../arm-none-eabi/lib/thumb/v7e-m+dp/hard/libc_nano.a(libc_a-lock.o)
__retarget_lock_release_recursive                 /opt/st/stm32cubeide_1.15.0/plugins/com.st.stm32cube.ide.mcu.externaltools.gnu-tools-for-stm32.12.3.rel1.linux64_1.0.100.202403111256/tools/bin/../lib/gcc/arm-none-eabi/12.3.1/../../../../arm-none-eabi/lib/thumb/v7e-m+dp/hard/libc_nano.a(libc_a-lock.o)
                                                  /opt/st/stm32cubeide_1.15.0/plugins/com.st.stm32cube.ide.mcu.externaltools.gnu-tools-for-stm32.12.3.rel1.linux64_1.0.100.202403111256/tools/bin/../lib/gcc/arm-none-eabi/12.3.1/../../../../arm-none-eabi/lib/thumb/v7e-m+dp/hard/libc_nano.a(libc_a-fflush.o)
                                                  /opt/st/stm32cubeide_1.15.0/plugins/com.st.stm32cube.ide.mcu.externaltools.gnu-tools-for-stm32.12.3.rel1.linux64_1.0.100.202403111256/tools/bin/../lib/gcc/arm-none-eabi/12.3.1/../../../../arm-none-eabi/lib/thumb/v7e-m+dp/hard/libc_nano.a(libc_a-findfp.o)
                                                  /opt/st/stm32cubeide_1.15.0/plugins/com.st.stm32cube.ide.mcu.externaltools.gnu-tools-for-stm32.12.3.rel1.linux64_1.0.100.202403111256/tools/bin/../lib/gcc/arm-none-eabi/12.3.1/../../../../arm-none-eabi/lib/thumb/v7e-m+dp/hard/libc_nano.a(libc_a-mlock.o)
__retarget_lock_try_acquire                       /opt/st/stm32cubeide_1.15.0/plugins/com.st.stm32cube.ide.mcu.externaltools.gnu-tools-for-stm32.12.3.rel1.linux64_1.0.100.202403111256/tools/bin/../lib/gcc/arm-none-eabi/12.3.1/../../../../arm-none-eabi/lib/thumb/v7e-m+dp/hard/libc_nano.a(libc_a-lock.o)
__retarget_lock_try_acquire_recursive             /opt/st/stm32cubeide_1.15.0/plugins/com.st.stm32cube.ide.mcu.externaltools.gnu-tools-for-stm32.12.3.rel1.linux64_1.0.100.202403111256/tools/bin/../lib/gcc/arm-none-eabi/12.3.1/../../../../arm-none-eabi/lib/thumb/v7e-m+dp/hard/libc_nano.a(libc_a-lock.o)
__sclose                                          /opt/st/stm32cubeide_1.15.0/plugins/com.st.stm32cube.ide.mcu.externaltools.gnu-tools-for-stm32.12.3.rel1.linux64_1.0.100.202403111256/tools/bin/../lib/gcc/arm-none-eabi/12.3.1/../../../../arm-none-eabi/lib/thumb/v7e-m+dp/hard/libc_nano.a(libc_a-stdio.o)
                                                  /opt/st/stm32cubeide_1.15.0/plugins/com.st.stm32cube.ide.mcu.externaltools.gnu-tools-for-stm32.12.3.rel1.linux64_1.0.100.202403111256/tools/bin/../lib/gcc/arm-none-eabi/12.3.1/../../../../arm-none-eabi/lib/thumb/v7e-m+dp/hard/libc_nano.a(libc_a-findfp.o)
__seofread                                        /opt/st/stm32cubeide_1.15.0/plugins/com.st.stm32cube.ide.mcu.externaltools.gnu-tools-for-stm32.12.3.rel1.linux64_1.0.100.202403111256/tools/bin/../lib/gcc/arm-none-eabi/12.3.1/../../../../arm-none-eabi/lib/thumb/v7e-m+dp/hard/libc_nano.a(libc_a-stdio.o)
__sf                                              /opt/st/stm32cubeide_1.15.0/plugins/com.st.stm32cube.ide.mcu.externaltools.gnu-tools-for-stm32.12.3.rel1.linux64_1.0.100.202403111256/tools/bin/../lib/gcc/arm-none-eabi/12.3.1/../../../../arm-none-eabi/lib/thumb/v7e-m+dp/hard/libc_nano.a(libc_a-findfp.o)
                                                  /opt/st/stm32cubeide_1.15.0/plugins/com.st.stm32cube.ide.mcu.externaltools.gnu-tools-for-stm32.12.3.rel1.linux64_1.0.100.202403111256/tools/bin/../lib/gcc/arm-none-eabi/12.3.1/../../../../arm-none-eabi/lib/thumb/v7e-m+dp/hard/libc_nano.a(libc_a-impure.o)
__sflush_r                                        /opt/st/stm32cubeide_1.15.0/plugins/com.st.stm32cube.ide.mcu.externaltools.gnu-tools-for-stm32.12.3.rel1.linux64_1.0.100.202403111256/tools/bin/../lib/gcc/arm-none-eabi/12.3.1/../../../../arm-none-eabi/lib/thumb/v7e-m+dp/hard/libc_nano.a(libc_a-fflush.o)
__sfp                                             /opt/st/stm32cubeide_1.15.0/plugins/com.st.stm32cube.ide.mcu.externaltools.gnu-tools-for-stm32.12.3.rel1.linux64_1.0.100.202403111256/tools/bin/../lib/gcc/arm-none-eabi/12.3.1/../../../../arm-none-eabi/lib/thumb/v7e-m+dp/hard/libc_nano.a(libc_a-findfp.o)
__sfp_lock_acquire                                /opt/st/stm32cubeide_1.15.0/plugins/com.st.stm32cube.ide.mcu.externaltools.gnu-tools-for-stm32.12.3.rel1.linux64_1.0.100.202403111256/tools/bin/../lib/gcc/arm-none-eabi/12.3.1/../../../../arm-none-eabi/lib/thumb/v7e-m+dp/hard/libc_nano.a(libc_a-findfp.o)
__sfp_lock_release                                /opt/st/stm32cubeide_1.15.0/plugins/com.st.stm32cube.ide.mcu.externaltools.gnu-tools-for-stm32.12.3.rel1.linux64_1.0.100.202403111256/tools/bin/../lib/gcc/arm-none-eabi/12.3.1/../../../../arm-none-eabi/lib/thumb/v7e-m+dp/hard/libc_nano.a(libc_a-findfp.o)
__sglue                                           /opt/st/stm32cubeide_1.15.0/plugins/com.st.stm32cube.ide.mcu.externaltools.gnu-tools-for-stm32.12.3.rel1.linux64_1.0.100.202403111256/tools/bin/../lib/gcc/arm-none-eabi/12.3.1/../../../../arm-none-eabi/lib/thumb/v7e-m+dp/hard/libc_nano.a(libc_a-findfp.o)
                                                  /opt/st/stm32cubeide_1.15.0/plugins/com.st.stm32cube.ide.mcu.externaltools.gnu-tools-for-stm32.12.3.rel1.linux64_1.0.100.202403111256/tools/bin/../lib/gcc/arm-none-eabi/12.3.1/../../../../arm-none-eabi/lib/thumb/v7e-m+dp/hard/libc_nano.a(libc_a-fflush.o)
__sinit                                           /opt/st/stm32cubeide_1.15.0/plugins/com.st.stm32cube.ide.mcu.externaltools.gnu-tools-for-stm32.12.3.rel1.linux64_1.0.100.202403111256/tools/bin/../lib/gcc/arm-none-eabi/12.3.1/../../../../arm-none-eabi/lib/thumb/v7e-m+dp/hard/libc_nano.a(libc_a-findfp.o)
                                                  /opt/st/stm32cubeide_1.15.0/plugins/com.st.stm32cube.ide.mcu.externaltools.gnu-tools-for-stm32.12.3.rel1.linux64_1.0.100.202403111256/tools/bin/../lib/gcc/arm-none-eabi/12.3.1/../../../../arm-none-eabi/lib/thumb/v7e-m+dp/hard/libc_nano.a(libc_a-fflush.o)
__sread                                           /opt/st/stm32cubeide_1.15.0/plugins/com.st.stm32cube.ide.mcu.externaltools.gnu-tools-for-stm32.12.3.rel1.linux64_1.0.100.202403111256/tools/bin/../lib/gcc/arm-none-eabi/12.3.1/../../../../arm-none-eabi/lib/thumb/v7e-m+dp/hard/libc_nano.a(libc_a-stdio.o)
                                                  /opt/st/stm32cubeide_1.15.0/plugins/com.st.stm32cube.ide.mcu.externaltools.gnu-tools-for-stm32.12.3.rel1.linux64_1.0.100.202403111256/tools/bin/../lib/gcc/arm-none-eabi/12.3.1/../../../../arm-none-eabi/lib/thumb/v7e-m+dp/hard/libc_nano.a(libc_a-findfp.o)
__sseek                                           /opt/st/stm32cubeide_1.15.0/plugins/com.st.stm32cube.ide.mcu.externaltools.gnu-tools-for-stm32.12.3.rel1.linux64_1.0.100.202403111256/tools/bin/../lib/gcc/arm-none-eabi/12.3.1/../../../../arm-none-eabi/lib/thumb/v7e-m+dp/hard/libc_nano.a(libc_a-stdio.o)
                                                  /opt/st/stm32cubeide_1.15.0/plugins/com.st.stm32cube.ide.mcu.externaltools.gnu-tools-for-stm32.12.3.rel1.linux64_1.0.100.202403111256/tools/bin/../lib/gcc/arm-none-eabi/12.3.1/../../../../arm-none-eabi/lib/thumb/v7e-m+dp/hard/libc_nano.a(libc_a-findfp.o)
__stack                                           /opt/st/stm32cubeide_1.15.0/plugins/com.st.stm32cube.ide.mcu.externaltools.gnu-tools-for-stm32.12.3.rel1.linux64_1.0.100.202403111256/tools/bin/../lib/gcc/arm-none-eabi/12.3.1/../../../../arm-none-eabi/lib/thumb/v7e-m+dp/hard/crt0.o
__stdio_exit_handler                              /opt/st/stm32cubeide_1.15.0/plugins/com.st.stm32cube.ide.mcu.externaltools.gnu-tools-for-stm32.12.3.rel1.linux64_1.0.100.202403111256/tools/bin/../lib/gcc/arm-none-eabi/12.3.1/../../../../arm-none-eabi/lib/thumb/v7e-m+dp/hard/libc_nano.a(libc_a-findfp.o)
                                                  /opt/st/stm32cubeide_1.15.0/plugins/com.st.stm32cube.ide.mcu.externaltools.gnu-tools-for-stm32.12.3.rel1.linux64_1.0.100.202403111256/tools/bin/../lib/gcc/arm-none-eabi/12.3.1/../../../../arm-none-eabi/lib/thumb/v7e-m+dp/hard/libc_nano.a(libc_a-exit.o)
__swrite                                          /opt/st/stm32cubeide_1.15.0/plugins/com.st.stm32cube.ide.mcu.externaltools.gnu-tools-for-stm32.12.3.rel1.linux64_1.0.100.202403111256/tools/bin/../lib/gcc/arm-none-eabi/12.3.1/../../../../arm-none-eabi/lib/thumb/v7e-m+dp/hard/libc_nano.a(libc_a-stdio.o)
                                                  /opt/st/stm32cubeide_1.15.0/plugins/com.st.stm32cube.ide.mcu.externaltools.gnu-tools-for-stm32.12.3.rel1.linux64_1.0.100.202403111256/tools/bin/../lib/gcc/arm-none-eabi/12.3.1/../../../../arm-none-eabi/lib/thumb/v7e-m+dp/hard/libc_nano.a(libc_a-findfp.o)
_close                                            syscalls.o
                                                  /opt/st/stm32cubeide_1.15.0/plugins/com.st.stm32cube.ide.mcu.externaltools.gnu-tools-for-stm32.12.3.rel1.linux64_1.0.100.202403111256/tools/bin/../lib/gcc/arm-none-eabi/12.3.1/../../../../arm-none-eabi/lib/thumb/v7e-m+dp/hard/libc_nano.a(libc_a-closer.o)
_close_r                                          /opt/st/stm32cubeide_1.15.0/plugins/com.st.stm32cube.ide.mcu.externaltools.gnu-tools-for-stm32.12.3.rel1.linux64_1.0.100.202403111256/tools/bin/../lib/gcc/arm-none-eabi/12.3.1/../../../../arm-none-eabi/lib/thumb/v7e-m+dp/hard/libc_nano.a(libc_a-closer.o)
                                                  /opt/st/stm32cubeide_1.15.0/plugins/com.st.stm32cube.ide.mcu.externaltools.gnu-tools-for-stm32.12.3.rel1.linux64_1.0.100.202403111256/tools/bin/../lib/gcc/arm-none-eabi/12.3.1/../../../../arm-none-eabi/lib/thumb/v7e-m+dp/hard/libc_nano.a(libc_a-stdio.o)
_ebss                                             startup_stm32xx.o
_edata                                            startup_stm32xx.o
_end                                              sysmem.o
_estack                                           startup_stm32xx.o
                                                  sysmem.o
_execve                                           syscalls.o
_exit                                             syscalls.o
                                                  /opt/st/stm32cubeide_1.15.0/plugins/com.st.stm32cube.ide.mcu.externaltools.gnu-tools-for-stm32.12.3.rel1.linux64_1.0.100.202403111256/tools/bin/../lib/gcc/arm-none-eabi/12.3.1/../../../../arm-none-eabi/lib/thumb/v7e-m+dp/hard/libc_nano.a(libc_a-exit.o)
_fflush_r                                         /opt/st/stm32cubeide_1.15.0/plugins/com.st.stm32cube.ide.mcu.externaltools.gnu-tools-for-stm32.12.3.rel1.linux64_1.0.100.202403111256/tools/bin/../lib/gcc/arm-none-eabi/12.3.1/../../../../arm-none-eabi/lib/thumb/v7e-m+dp/hard/libc_nano.a(libc_a-fflush.o)
                                                  /opt/st/stm32cubeide_1.15.0/plugins/com.st.stm32cube.ide.mcu.externaltools.gnu-tools-for-stm32.12.3.rel1.linux64_1.0.100.202403111256/tools/bin/../lib/gcc/arm-none-eabi/12.3.1/../../../../arm-none-eabi/lib/thumb/v7e-m+dp/hard/libc_nano.a(libc_a-findfp.o)
_fini                                             /opt/st/stm32cubeide_1.15.0/plugins/com.st.stm32cube.ide.mcu.externaltools.gnu-tools-for-stm32.12.3.rel1.linux64_1.0.100.202403111256/tools/bin/../lib/gcc/arm-none-eabi/12.3.1/thumb/v7e-m+dp/hard/crti.o
_fork                                             syscalls.o
_free_r                                           /opt/st/stm32cubeide_1.15.0/plugins/com.st.stm32cube.ide.mcu.externaltools.gnu-tools-for-stm32.12.3.rel1.linux64_1.0.100.202403111256/tools/bin/../lib/gcc/arm-none-eabi/12.3.1/../../../../arm-none-eabi/lib/thumb/v7e-m+dp/hard/libc_nano.a(libc_a-freer.o)
                                                  /opt/st/stm32cubeide_1.15.0/plugins/com.st.stm32cube.ide.mcu.externaltools.gnu-tools-for-stm32.12.3.rel1.linux64_1.0.100.202403111256/tools/bin/../lib/gcc/arm-none-eabi/12.3.1/../../../../arm-none-eabi/lib/thumb/v7e-m+dp/hard/libc_nano.a(libc_a-fflush.o)
                                                  /opt/st/stm32cubeide_1.15.0/plugins/com.st.stm32cube.ide.mcu.externaltools.gnu-tools-for-stm32.12.3.rel1.linux64_1.0.100.202403111256/tools/bin/../lib/gcc/arm-none-eabi/12.3.1/../../../../arm-none-eabi/lib/thumb/v7e-m+dp/hard/libc_nano.a(libc_a-reent.o)
                                                  /opt/st/stm32cubeide_1.15.0/plugins/com.st.stm32cube.ide.mcu.externaltools.gnu-tools-for-stm32.12.3.rel1.linux64_1.0.100.202403111256/tools/bin/../lib/gcc/arm-none-eabi/12.3.1/../../../../arm-none-eabi/lib/thumb/v7e-m+dp/hard/libc_nano.a(libc_a-reallocr.o)
                                                  /opt/st/stm32cubeide_1.15.0/plugins/com.st.stm32cube.ide.mcu.externaltools.gnu-tools-for-stm32.12.3.rel1.linux64_1.0.100.202403111256/tools/bin/../lib/gcc/arm-none-eabi/12.3.1/../../../../arm-none-eabi/lib/thumb/v7e-m+dp/hard/libc_nano.a(libc_a-malloc.o)
_fstat                                            syscalls.o
_fwalk_sglue                                      /opt/st/stm32cubeide_1.15.0/plugins/com.st.stm32cube.ide.mcu.externaltools.gnu-tools-for-stm32.12.3.rel1.linux64_1.0.100.202403111256/tools/bin/../lib/gcc/arm-none-eabi/12.3.1/../../../../arm-none-eabi/lib/thumb/v7e-m+dp/hard/libc_nano.a(libc_a-fwalk.o)
                                                  /opt/st/stm32cubeide_1.15.0/plugins/com.st.stm32cube.ide.mcu.externaltools.gnu-tools-for-stm32.12.3.rel1.linux64_1.0.100.202403111256/tools/bin/../lib/gcc/arm-none-eabi/12.3.1/../../../../arm-none-eabi/lib/thumb/v7e-m+dp/hard/libc_nano.a(libc_a-fflush.o)
                                                  /opt/st/stm32cubeide_1.15.0/plugins/com.st.stm32cube.ide.mcu.externaltools.gnu-tools-for-stm32.12.3.rel1.linux64_1.0.100.202403111256/tools/bin/../lib/gcc/arm-none-eabi/12.3.1/../../../../arm-none-eabi/lib/thumb/v7e-m+dp/hard/libc_nano.a(libc_a-findfp.o)
_getpid                                           syscalls.o
_impure_data                                      /opt/st/stm32cubeide_1.15.0/plugins/com.st.stm32cube.ide.mcu.externaltools.gnu-tools-for-stm32.12.3.rel1.linux64_1.0.100.202403111256/tools/bin/../lib/gcc/arm-none-eabi/12.3.1/../../../../arm-none-eabi/lib/thumb/v7e-m+dp/hard/libc_nano.a(libc_a-impure.o)
                                                  /opt/st/stm32cubeide_1.15.0/plugins/com.st.stm32cube.ide.mcu.externaltools.gnu-tools-for-stm32.12.3.rel1.linux64_1.0.100.202403111256/tools/bin/../lib/gcc/arm-none-eabi/12.3.1/../../../../arm-none-eabi/lib/thumb/v7e-m+dp/hard/libc_nano.a(libc_a-fflush.o)
                                                  /opt/st/stm32cubeide_1.15.0/plugins/com.st.stm32cube.ide.mcu.externaltools.gnu-tools-for-stm32.12.3.rel1.linux64_1.0.100.202403111256/tools/bin/../lib/gcc/arm-none-eabi/12.3.1/../../../../arm-none-eabi/lib/thumb/v7e-m+dp/hard/libc_nano.a(libc_a-findfp.o)
_impure_ptr                                       /opt/st/stm32cubeide_1.15.0/plugins/com.st.stm32cube.ide.mcu.externaltools.gnu-tools-for-stm32.12.3.rel1.linux64_1.0.100.202403111256/tools/bin/../lib/gcc/arm-none-eabi/12.3.1/../../../../arm-none-eabi/lib/thumb/v7e-m+dp/hard/libc_nano.a(libc_a-impure.o)
                                                  /opt/st/stm32cubeide_1.15.0/plugins/com.st.stm32cube.ide.mcu.externaltools.gnu-tools-for-stm32.12.3.rel1.linux64_1.0.100.202403111256/tools/bin/../lib/gcc/arm-none-eabi/12.3.1/../../../../arm-none-eabi/lib/thumb/v7e-m+dp/hard/libc_nano.a(libc_a-fflush.o)
                                                  /opt/st/stm32cubeide_1.15.0/plugins/com.st.stm32cube.ide.mcu.externaltools.gnu-tools-for-stm32.12.3.rel1.linux64_1.0.100.202403111256/tools/bin/../lib/gcc/arm-none-eabi/12.3.1/../../../../arm-none-eabi/lib/thumb/v7e-m+dp/hard/libc_nano.a(libc_a-errno.o)
                                                  /opt/st/stm32cubeide_1.15.0/plugins/com.st.stm32cube.ide.mcu.externaltools.gnu-tools-for-stm32.12.3.rel1.linux64_1.0.100.202403111256/tools/bin/../lib/gcc/arm-none-eabi/12.3.1/../../../../arm-none-eabi/lib/thumb/v7e-m+dp/hard/libc_nano.a(libc_a-reent.o)
                                                  /opt/st/stm32cubeide_1.15.0/plugins/com.st.stm32cube.ide.mcu.externaltools.gnu-tools-for-stm32.12.3.rel1.linux64_1.0.100.202403111256/tools/bin/../lib/gcc/arm-none-eabi/12.3.1/../../../../arm-none-eabi/lib/thumb/v7e-m+dp/hard/libc_nano.a(libc_a-realloc.o)
                                                  /opt/st/stm32cubeide_1.15.0/plugins/com.st.stm32cube.ide.mcu.externaltools.gnu-tools-for-stm32.12.3.rel1.linux64_1.0.100.202403111256/tools/bin/../lib/gcc/arm-none-eabi/12.3.1/../../../../arm-none-eabi/lib/thumb/v7e-m+dp/hard/libc_nano.a(libc_a-malloc.o)
_init                                             /opt/st/stm32cubeide_1.15.0/plugins/com.st.stm32cube.ide.mcu.externaltools.gnu-tools-for-stm32.12.3.rel1.linux64_1.0.100.202403111256/tools/bin/../lib/gcc/arm-none-eabi/12.3.1/thumb/v7e-m+dp/hard/crti.o
                                                  /opt/st/stm32cubeide_1.15.0/plugins/com.st.stm32cube.ide.mcu.externaltools.gnu-tools-for-stm32.12.3.rel1.linux64_1.0.100.202403111256/tools/bin/../lib/gcc/arm-none-eabi/12.3.1/../../../../arm-none-eabi/lib/thumb/v7e-m+dp/hard/libc_nano.a(libc_a-init.o)
_isatty                                           syscalls.o
_kill                                             syscalls.o
_layer_get_scratch_size                           /home/docker/STM32Cube/Repository/Packs/STMicroelectronics/X-CUBE-AI/1.0.0/Middlewares/ST/AI/Lib/GCC/STM32H7/NetworkRuntime910_CM7_GCC.a(layers.o)
_link                                             syscalls.o
_lseek                                            syscalls.o
                                                  /opt/st/stm32cubeide_1.15.0/plugins/com.st.stm32cube.ide.mcu.externaltools.gnu-tools-for-stm32.12.3.rel1.linux64_1.0.100.202403111256/tools/bin/../lib/gcc/arm-none-eabi/12.3.1/../../../../arm-none-eabi/lib/thumb/v7e-m+dp/hard/libc_nano.a(libc_a-lseekr.o)
_lseek_r                                          /opt/st/stm32cubeide_1.15.0/plugins/com.st.stm32cube.ide.mcu.externaltools.gnu-tools-for-stm32.12.3.rel1.linux64_1.0.100.202403111256/tools/bin/../lib/gcc/arm-none-eabi/12.3.1/../../../../arm-none-eabi/lib/thumb/v7e-m+dp/hard/libc_nano.a(libc_a-lseekr.o)
                                                  /opt/st/stm32cubeide_1.15.0/plugins/com.st.stm32cube.ide.mcu.externaltools.gnu-tools-for-stm32.12.3.rel1.linux64_1.0.100.202403111256/tools/bin/../lib/gcc/arm-none-eabi/12.3.1/../../../../arm-none-eabi/lib/thumb/v7e-m+dp/hard/libc_nano.a(libc_a-stdio.o)
_mainCRTStartup                                   /opt/st/stm32cubeide_1.15.0/plugins/com.st.stm32cube.ide.mcu.externaltools.gnu-tools-for-stm32.12.3.rel1.linux64_1.0.100.202403111256/tools/bin/../lib/gcc/arm-none-eabi/12.3.1/../../../../arm-none-eabi/lib/thumb/v7e-m+dp/hard/crt0.o
_malloc_r                                         /opt/st/stm32cubeide_1.15.0/plugins/com.st.stm32cube.ide.mcu.externaltools.gnu-tools-for-stm32.12.3.rel1.linux64_1.0.100.202403111256/tools/bin/../lib/gcc/arm-none-eabi/12.3.1/../../../../arm-none-eabi/lib/thumb/v7e-m+dp/hard/libc_nano.a(libc_a-mallocr.o)
                                                  /opt/st/stm32cubeide_1.15.0/plugins/com.st.stm32cube.ide.mcu.externaltools.gnu-tools-for-stm32.12.3.rel1.linux64_1.0.100.202403111256/tools/bin/../lib/gcc/arm-none-eabi/12.3.1/../../../../arm-none-eabi/lib/thumb/v7e-m+dp/hard/libc_nano.a(libc_a-findfp.o)
                                                  /opt/st/stm32cubeide_1.15.0/plugins/com.st.stm32cube.ide.mcu.externaltools.gnu-tools-for-stm32.12.3.rel1.linux64_1.0.100.202403111256/tools/bin/../lib/gcc/arm-none-eabi/12.3.1/../../../../arm-none-eabi/lib/thumb/v7e-m+dp/hard/libc_nano.a(libc_a-reallocr.o)
                                                  /opt/st/stm32cubeide_1.15.0/plugins/com.st.stm32cube.ide.mcu.externaltools.gnu-tools-for-stm32.12.3.rel1.linux64_1.0.100.202403111256/tools/bin/../lib/gcc/arm-none-eabi/12.3.1/../../../../arm-none-eabi/lib/thumb/v7e-m+dp/hard/libc_nano.a(libc_a-malloc.o)
_malloc_usable_size_r                             /opt/st/stm32cubeide_1.15.0/plugins/com.st.stm32cube.ide.mcu.externaltools.gnu-tools-for-stm32.12.3.rel1.linux64_1.0.100.202403111256/tools/bin/../lib/gcc/arm-none-eabi/12.3.1/../../../../arm-none-eabi/lib/thumb/v7e-m+dp/hard/libc_nano.a(libc_a-msizer.o)
                                                  /opt/st/stm32cubeide_1.15.0/plugins/com.st.stm32cube.ide.mcu.externaltools.gnu-tools-for-stm32.12.3.rel1.linux64_1.0.100.202403111256/tools/bin/../lib/gcc/arm-none-eabi/12.3.1/../../../../arm-none-eabi/lib/thumb/v7e-m+dp/hard/libc_nano.a(libc_a-reallocr.o)
_open                                             syscalls.o
_read                                             syscalls.o
                                                  /opt/st/stm32cubeide_1.15.0/plugins/com.st.stm32cube.ide.mcu.externaltools.gnu-tools-for-stm32.12.3.rel1.linux64_1.0.100.202403111256/tools/bin/../lib/gcc/arm-none-eabi/12.3.1/../../../../arm-none-eabi/lib/thumb/v7e-m+dp/hard/libc_nano.a(libc_a-readr.o)
_read_r                                           /opt/st/stm32cubeide_1.15.0/plugins/com.st.stm32cube.ide.mcu.externaltools.gnu-tools-for-stm32.12.3.rel1.linux64_1.0.100.202403111256/tools/bin/../lib/gcc/arm-none-eabi/12.3.1/../../../../arm-none-eabi/lib/thumb/v7e-m+dp/hard/libc_nano.a(libc_a-readr.o)
                                                  /opt/st/stm32cubeide_1.15.0/plugins/com.st.stm32cube.ide.mcu.externaltools.gnu-tools-for-stm32.12.3.rel1.linux64_1.0.100.202403111256/tools/bin/../lib/gcc/arm-none-eabi/12.3.1/../../../../arm-none-eabi/lib/thumb/v7e-m+dp/hard/libc_nano.a(libc_a-stdio.o)
_realloc_r                                        /opt/st/stm32cubeide_1.15.0/plugins/com.st.stm32cube.ide.mcu.externaltools.gnu-tools-for-stm32.12.3.rel1.linux64_1.0.100.202403111256/tools/bin/../lib/gcc/arm-none-eabi/12.3.1/../../../../arm-none-eabi/lib/thumb/v7e-m+dp/hard/libc_nano.a(libc_a-reallocr.o)
                                                  /opt/st/stm32cubeide_1.15.0/plugins/com.st.stm32cube.ide.mcu.externaltools.gnu-tools-for-stm32.12.3.rel1.linux64_1.0.100.202403111256/tools/bin/../lib/gcc/arm-none-eabi/12.3.1/../../../../arm-none-eabi/lib/thumb/v7e-m+dp/hard/libc_nano.a(libc_a-realloc.o)
_reclaim_reent                                    /opt/st/stm32cubeide_1.15.0/plugins/com.st.stm32cube.ide.mcu.externaltools.gnu-tools-for-stm32.12.3.rel1.linux64_1.0.100.202403111256/tools/bin/../lib/gcc/arm-none-eabi/12.3.1/../../../../arm-none-eabi/lib/thumb/v7e-m+dp/hard/libc_nano.a(libc_a-reent.o)
_sbrk                                             sysmem.o
                                                  /opt/st/stm32cubeide_1.15.0/plugins/com.st.stm32cube.ide.mcu.externaltools.gnu-tools-for-stm32.12.3.rel1.linux64_1.0.100.202403111256/tools/bin/../lib/gcc/arm-none-eabi/12.3.1/../../../../arm-none-eabi/lib/thumb/v7e-m+dp/hard/libc_nano.a(libc_a-sbrkr.o)
_sbrk_r                                           /opt/st/stm32cubeide_1.15.0/plugins/com.st.stm32cube.ide.mcu.externaltools.gnu-tools-for-stm32.12.3.rel1.linux64_1.0.100.202403111256/tools/bin/../lib/gcc/arm-none-eabi/12.3.1/../../../../arm-none-eabi/lib/thumb/v7e-m+dp/hard/libc_nano.a(libc_a-sbrkr.o)
                                                  /opt/st/stm32cubeide_1.15.0/plugins/com.st.stm32cube.ide.mcu.externaltools.gnu-tools-for-stm32.12.3.rel1.linux64_1.0.100.202403111256/tools/bin/../lib/gcc/arm-none-eabi/12.3.1/../../../../arm-none-eabi/lib/thumb/v7e-m+dp/hard/libc_nano.a(libc_a-mallocr.o)
_sbss                                             startup_stm32xx.o
_sdata                                            startup_stm32xx.o
_sidata                                           startup_stm32xx.o
_stack_init                                       /opt/st/stm32cubeide_1.15.0/plugins/com.st.stm32cube.ide.mcu.externaltools.gnu-tools-for-stm32.12.3.rel1.linux64_1.0.100.202403111256/tools/bin/../lib/gcc/arm-none-eabi/12.3.1/../../../../arm-none-eabi/lib/thumb/v7e-m+dp/hard/crt0.o
_start                                            /opt/st/stm32cubeide_1.15.0/plugins/com.st.stm32cube.ide.mcu.externaltools.gnu-tools-for-stm32.12.3.rel1.linux64_1.0.100.202403111256/tools/bin/../lib/gcc/arm-none-eabi/12.3.1/../../../../arm-none-eabi/lib/thumb/v7e-m+dp/hard/crt0.o
_stat                                             syscalls.o
_times                                            syscalls.o
_unlink                                           syscalls.o
_wait                                             syscalls.o
_write                                            syscalls.o
                                                  /opt/st/stm32cubeide_1.15.0/plugins/com.st.stm32cube.ide.mcu.externaltools.gnu-tools-for-stm32.12.3.rel1.linux64_1.0.100.202403111256/tools/bin/../lib/gcc/arm-none-eabi/12.3.1/../../../../arm-none-eabi/lib/thumb/v7e-m+dp/hard/libc_nano.a(libc_a-writer.o)
_write_r                                          /opt/st/stm32cubeide_1.15.0/plugins/com.st.stm32cube.ide.mcu.externaltools.gnu-tools-for-stm32.12.3.rel1.linux64_1.0.100.202403111256/tools/bin/../lib/gcc/arm-none-eabi/12.3.1/../../../../arm-none-eabi/lib/thumb/v7e-m+dp/hard/libc_nano.a(libc_a-writer.o)
                                                  /opt/st/stm32cubeide_1.15.0/plugins/com.st.stm32cube.ide.mcu.externaltools.gnu-tools-for-stm32.12.3.rel1.linux64_1.0.100.202403111256/tools/bin/../lib/gcc/arm-none-eabi/12.3.1/../../../../arm-none-eabi/lib/thumb/v7e-m+dp/hard/libc_nano.a(libc_a-stdio.o)
aiInit                                            stedgeai_app_main.o
aiRun                                             stedgeai_app_main.o
ai_array_fmt_exported                             /home/docker/STM32Cube/Repository/Packs/STMicroelectronics/X-CUBE-AI/1.0.0/Middlewares/ST/AI/Lib/GCC/STM32H7/NetworkRuntime910_CM7_GCC.a(ai_datatypes_format.o)
ai_array_fmt_get_formats                          /home/docker/STM32Cube/Repository/Packs/STMicroelectronics/X-CUBE-AI/1.0.0/Middlewares/ST/AI/Lib/GCC/STM32H7/NetworkRuntime910_CM7_GCC.a(ai_datatypes_format.o)
ai_array_fmt_name                                 /home/docker/STM32Cube/Repository/Packs/STMicroelectronics/X-CUBE-AI/1.0.0/Middlewares/ST/AI/Lib/GCC/STM32H7/NetworkRuntime910_CM7_GCC.a(ai_datatypes_format.o)
ai_array_fmt_valid                                /home/docker/STM32Cube/Repository/Packs/STMicroelectronics/X-CUBE-AI/1.0.0/Middlewares/ST/AI/Lib/GCC/STM32H7/NetworkRuntime910_CM7_GCC.a(ai_datatypes_format.o)
ai_array_get_byte_size                            /home/docker/STM32Cube/Repository/Packs/STMicroelectronics/X-CUBE-AI/1.0.0/Middlewares/ST/AI/Lib/GCC/STM32H7/NetworkRuntime910_CM7_GCC.a(ai_datatypes_format.o)
                                                  /home/docker/STM32Cube/Repository/Packs/STMicroelectronics/X-CUBE-AI/1.0.0/Middlewares/ST/AI/Lib/GCC/STM32H7/NetworkRuntime910_CM7_GCC.a(layers_conv2d_sssa8_ch.o)
                                                  /home/docker/STM32Cube/Repository/Packs/STMicroelectronics/X-CUBE-AI/1.0.0/Middlewares/ST/AI/Lib/GCC/STM32H7/NetworkRuntime910_CM7_GCC.a(layers_conv2d_stm32_integer.o)
ai_array_get_data_byte_size                       /home/docker/STM32Cube/Repository/Packs/STMicroelectronics/X-CUBE-AI/1.0.0/Middlewares/ST/AI/Lib/GCC/STM32H7/NetworkRuntime910_CM7_GCC.a(ai_datatypes_format.o)
                                                  /home/docker/STM32Cube/Repository/Packs/STMicroelectronics/X-CUBE-AI/1.0.0/Middlewares/ST/AI/Lib/GCC/STM32H7/NetworkRuntime910_CM7_GCC.a(ai_platform_interface.o)
ai_array_get_elems_from_size                      /home/docker/STM32Cube/Repository/Packs/STMicroelectronics/X-CUBE-AI/1.0.0/Middlewares/ST/AI/Lib/GCC/STM32H7/NetworkRuntime910_CM7_GCC.a(ai_datatypes_format.o)
ai_array_to_buffer_fmt                            /home/docker/STM32Cube/Repository/Packs/STMicroelectronics/X-CUBE-AI/1.0.0/Middlewares/ST/AI/Lib/GCC/STM32H7/NetworkRuntime910_CM7_GCC.a(ai_datatypes_format.o)
                                                  /home/docker/STM32Cube/Repository/Packs/STMicroelectronics/X-CUBE-AI/1.0.0/Middlewares/ST/AI/Lib/GCC/STM32H7/NetworkRuntime910_CM7_GCC.a(ai_datatypes_internal.o)
                                                  /home/docker/STM32Cube/Repository/Packs/STMicroelectronics/X-CUBE-AI/1.0.0/Middlewares/ST/AI/Lib/GCC/STM32H7/NetworkRuntime910_CM7_GCC.a(ai_platform_interface.o)
ai_buffer_array_get_byte_size                     /home/docker/STM32Cube/Repository/Packs/STMicroelectronics/X-CUBE-AI/1.0.0/Middlewares/ST/AI/Lib/GCC/STM32H7/NetworkRuntime910_CM7_GCC.a(ai_platform.o)
ai_buffer_array_is_empty                          /home/docker/STM32Cube/Repository/Packs/STMicroelectronics/X-CUBE-AI/1.0.0/Middlewares/ST/AI/Lib/GCC/STM32H7/NetworkRuntime910_CM7_GCC.a(ai_platform.o)
ai_buffer_array_is_valid                          /home/docker/STM32Cube/Repository/Packs/STMicroelectronics/X-CUBE-AI/1.0.0/Middlewares/ST/AI/Lib/GCC/STM32H7/NetworkRuntime910_CM7_GCC.a(ai_platform.o)
ai_buffer_array_item_set_address                  /home/docker/STM32Cube/Repository/Packs/STMicroelectronics/X-CUBE-AI/1.0.0/Middlewares/ST/AI/Lib/GCC/STM32H7/NetworkRuntime910_CM7_GCC.a(ai_platform.o)
                                                  network.o
ai_buffer_array_sane                              /home/docker/STM32Cube/Repository/Packs/STMicroelectronics/X-CUBE-AI/1.0.0/Middlewares/ST/AI/Lib/GCC/STM32H7/NetworkRuntime910_CM7_GCC.a(ai_platform.o)
                                                  /home/docker/STM32Cube/Repository/Packs/STMicroelectronics/X-CUBE-AI/1.0.0/Middlewares/ST/AI/Lib/GCC/STM32H7/NetworkRuntime910_CM7_GCC.a(ai_platform_interface.o)
ai_buffer_fmt_get_formats                         /home/docker/STM32Cube/Repository/Packs/STMicroelectronics/X-CUBE-AI/1.0.0/Middlewares/ST/AI/Lib/GCC/STM32H7/NetworkRuntime910_CM7_GCC.a(ai_datatypes_format.o)
ai_buffer_fmt_name                                /home/docker/STM32Cube/Repository/Packs/STMicroelectronics/X-CUBE-AI/1.0.0/Middlewares/ST/AI/Lib/GCC/STM32H7/NetworkRuntime910_CM7_GCC.a(ai_datatypes_format.o)
ai_buffer_fmt_valid                               /home/docker/STM32Cube/Repository/Packs/STMicroelectronics/X-CUBE-AI/1.0.0/Middlewares/ST/AI/Lib/GCC/STM32H7/NetworkRuntime910_CM7_GCC.a(ai_datatypes_format.o)
ai_buffer_get_byte_size                           /home/docker/STM32Cube/Repository/Packs/STMicroelectronics/X-CUBE-AI/1.0.0/Middlewares/ST/AI/Lib/GCC/STM32H7/NetworkRuntime910_CM7_GCC.a(ai_platform.o)